Component: ARM Compiler 5.06 update 5 (build 528) Tool: armlink [4d35e2]

==============================================================================

Section Cross References

    adc.o(.text) refers to interrupt.o(.text) for IntRegister
    adc.o(.text) refers to adc.o(.data) for g_pui8OversampleFactor
    aes.o(.text) refers to interrupt.o(.text) for IntRegister
    can.o(.text) refers to interrupt.o(.text) for IntRegister
    can.o(.text) refers to can.o(.constdata) for g_ui16CANBitValues
    comp.o(.text) refers to interrupt.o(.text) for IntRegister
    des.o(.text) refers to interrupt.o(.text) for IntRegister
    eeprom.o(.text) refers to sysctl.o(.emb_text) for SysCtlDelay
    eeprom.o(.text) refers to sysctl.o(.text) for SysCtlPeripheralReset
    emac.o(.text) refers to sysctl.o(.text) for SysCtlPeripheralReset
    emac.o(.text) refers to sysctl.o(.emb_text) for SysCtlDelay
    emac.o(.text) refers to sw_crc.o(.text) for Crc32
    emac.o(.text) refers to interrupt.o(.text) for IntRegister
    emac.o(.text) refers to emac.o(.constdata) for g_pi16MIIClockDiv
    epi.o(.text) refers to interrupt.o(.text) for IntRegister
    flash.o(.text) refers to interrupt.o(.text) for IntRegister
    flash.o(.text) refers to flash.o(.constdata) for g_pui32FMPRERegs
    gpio.o(.text) refers to interrupt.o(.text) for IntRegister
    gpio.o(.text) refers to gpio.o(.constdata) for g_ppui32GPIOIntMapBlizzard
    hibernate.o(.text) refers to interrupt.o(.text) for IntRegister
    i2c.o(.text) refers to interrupt.o(.text) for IntRegister
    i2c.o(.text) refers to i2c.o(.constdata) for g_ppui32I2CIntMap
    interrupt.o(.text) refers to cpu.o(.emb_text) for CPUcpsie
    interrupt.o(.text) refers to interrupt.o(vtable) for g_pfnRAMVectors
    interrupt.o(.text) refers to interrupt.o(.constdata) for g_pui32Priority
    lcd.o(.text) refers to sysctl.o(.emb_text) for SysCtlDelay
    lcd.o(.text) refers to interrupt.o(.text) for IntRegister
    mpu.o(.text) refers to interrupt.o(.text) for IntRegister
    pwm.o(.text) refers to interrupt.o(.text) for IntRegister
    qei.o(.text) refers to interrupt.o(.text) for IntRegister
    shamd5.o(.text) refers to interrupt.o(.text) for IntRegister
    ssi.o(.text) refers to interrupt.o(.text) for IntRegister
    ssi.o(.text) refers to ssi.o(.constdata) for g_ppui32SSIIntMap
    sw_crc.o(.text) refers to sw_crc.o(.constdata) for g_pui8Crc8CCITT
    sysctl.o(.text) refers to interrupt.o(.text) for IntRegister
    sysctl.o(.text) refers to sysctl.o(.constdata) for g_sXTALtoMEMTIM
    sysctl.o(.text) refers to cpu.o(.emb_text) for CPUwfi
    sysctl.o(.text) refers to sysctl.o(.emb_text) for SysCtlDelay
    sysexc.o(.text) refers to interrupt.o(.text) for IntRegister
    systick.o(.text) refers to interrupt.o(.text) for IntRegister
    timer.o(.text) refers to interrupt.o(.text) for IntRegister
    timer.o(.text) refers to timer.o(.constdata) for g_ppui32TimerIntMap
    uart.o(.text) refers to interrupt.o(.text) for IntRegister
    uart.o(.text) refers to uart.o(.constdata) for g_ppui32UARTIntMap
    udma.o(.text) refers to interrupt.o(.text) for IntRegister
    usb.o(.text) refers to interrupt.o(.text) for IntRegister
    watchdog.o(.text) refers to interrupt.o(.text) for IntRegister
    led.o(.text) refers to sysctl.o(.text) for SysCtlPeripheralEnable
    led.o(.text) refers to gpio.o(.text) for GPIOPinTypeGPIOOutput
    oled.o(.text) refers to gpio.o(.text) for GPIOPinWrite
    oled.o(.text) refers to sysctl.o(.text) for SysCtlPeripheralEnable
    oled.o(.text) refers to dflti.o(.text) for __aeabi_i2d
    oled.o(.text) refers to atan2.o(i.__hardfp_atan2) for __hardfp_atan2
    oled.o(.text) refers to ddiv.o(.text) for __aeabi_ddiv
    oled.o(.text) refers to dmul.o(.text) for __aeabi_dmul
    oled.o(.text) refers to dfixi.o(.text) for __aeabi_d2iz
    oled.o(.text) refers to oled.o(.bss) for OLED_DisplayBuf
    oled.o(.text) refers to cdrcmple.o(.text) for __aeabi_cdrcmple
    oled.o(.text) refers to dfixui.o(.text) for __aeabi_d2uiz
    oled.o(.text) refers to dfltui.o(.text) for __aeabi_ui2d
    oled.o(.text) refers to dadd.o(.text) for __aeabi_drsub
    oled.o(.text) refers to oled_data.o(.constdata) for OLED_F8x16
    oled.o(.text) refers to round.o(i.__hardfp_round) for __hardfp_round
    oled.o(.text) refers to strcmp.o(.text) for strcmp
    oled.o(.text) refers to printfa.o(i.__0vsprintf) for vsprintf
    oled.o(.text) refers to d2f.o(.text) for __aeabi_d2f
    oled.o(.text) refers to cdcmple.o(.text) for __aeabi_cdcmple
    main.o(.text) refers to led.o(.text) for LED_GPIO_Config
    main.o(.text) refers to oled.o(.text) for OLED_Init
    uartstdio.o(.text) refers to uartstdio.o(.constdata) for g_ui32UARTPeriph
    uartstdio.o(.text) refers to uartstdio.o(.data) for g_ui32Base
    uartstdio.o(.constdata) refers to uartstdio.o(.conststring) for .conststring
    startup_rvmdk.o(RESET) refers to startup_rvmdk.o(STACK) for StackMem
    startup_rvmdk.o(RESET) refers to entry.o(.ARM.Collect$$$$00000000) for __main
    systicktime.o(.text) refers to sysctl.o(.text) for SysCtlClockGet
    systicktime.o(.text) refers to systick.o(.text) for SysTickPeriodSet
    systicktime.o(.text) refers to systicktime.o(.data) for counter
    atan2.o(i.__hardfp_atan2) refers (Special) to iusefp.o(.text) for __I$use$fp
    atan2.o(i.__hardfp_atan2) refers to dunder.o(i.__mathlib_dbl_infnan2) for __mathlib_dbl_infnan2
    atan2.o(i.__hardfp_atan2) refers to atan.o(i.atan) for atan
    atan2.o(i.__hardfp_atan2) refers to ddiv.o(.text) for __aeabi_ddiv
    atan2.o(i.__hardfp_atan2) refers to fabs.o(i.fabs) for fabs
    atan2.o(i.__hardfp_atan2) refers to dadd.o(.text) for __aeabi_dsub
    atan2.o(i.__hardfp_atan2) refers to qnan.o(.constdata) for __mathlib_zero
    atan2.o(i.__softfp_atan2) refers (Special) to iusefp.o(.text) for __I$use$fp
    atan2.o(i.__softfp_atan2) refers to atan2.o(i.__hardfp_atan2) for __hardfp_atan2
    atan2.o(i.atan2) refers (Special) to iusefp.o(.text) for __I$use$fp
    atan2.o(i.atan2) refers to atan2.o(i.__hardfp_atan2) for __hardfp_atan2
    atan2_x.o(i.____hardfp_atan2$lsc) refers (Special) to iusefp.o(.text) for __I$use$fp
    atan2_x.o(i.____hardfp_atan2$lsc) refers to dunder.o(i.__mathlib_dbl_infnan2) for __mathlib_dbl_infnan2
    atan2_x.o(i.____hardfp_atan2$lsc) refers to atan.o(i.atan) for atan
    atan2_x.o(i.____hardfp_atan2$lsc) refers to errno.o(i.__set_errno) for __set_errno
    atan2_x.o(i.____hardfp_atan2$lsc) refers to ddiv.o(.text) for __aeabi_ddiv
    atan2_x.o(i.____hardfp_atan2$lsc) refers to fabs.o(i.fabs) for fabs
    atan2_x.o(i.____hardfp_atan2$lsc) refers to dadd.o(.text) for __aeabi_dsub
    atan2_x.o(i.____hardfp_atan2$lsc) refers to qnan.o(.constdata) for __mathlib_zero
    atan2_x.o(i.____softfp_atan2$lsc) refers (Special) to iusefp.o(.text) for __I$use$fp
    atan2_x.o(i.____softfp_atan2$lsc) refers to atan2_x.o(i.____hardfp_atan2$lsc) for ____hardfp_atan2$lsc
    atan2_x.o(i.__atan2$lsc) refers (Special) to iusefp.o(.text) for __I$use$fp
    atan2_x.o(i.__atan2$lsc) refers to atan2_x.o(i.____hardfp_atan2$lsc) for ____hardfp_atan2$lsc
    round.o(i.__hardfp_round) refers (Special) to iusefp.o(.text) for __I$use$fp
    round.o(i.__hardfp_round) refers to drnd.o(.text) for _drnd
    round.o(i.__hardfp_round) refers to dadd.o(.text) for __aeabi_dsub
    round.o(i.__hardfp_round) refers to cdcmple.o(.text) for __aeabi_cdcmple
    round.o(i.__hardfp_round) refers to cdrcmple.o(.text) for __aeabi_cdrcmple
    round.o(i.round) refers (Special) to iusefp.o(.text) for __I$use$fp
    round.o(i.round) refers to drnd.o(.text) for _drnd
    round.o(i.round) refers to dadd.o(.text) for __aeabi_dsub
    round.o(i.round) refers to cdcmple.o(.text) for __aeabi_cdcmple
    round.o(i.round) refers to cdrcmple.o(.text) for __aeabi_cdrcmple
    entry.o(.ARM.Collect$$$$00000000) refers (Special) to entry10a.o(.ARM.Collect$$$$0000000D) for __rt_final_cpp
    entry.o(.ARM.Collect$$$$00000000) refers (Special) to entry11a.o(.ARM.Collect$$$$0000000F) for __rt_final_exit
    entry.o(.ARM.Collect$$$$00000000) refers (Special) to entry7b.o(.ARM.Collect$$$$00000008) for _main_clock
    entry.o(.ARM.Collect$$$$00000000) refers (Special) to entry8b.o(.ARM.Collect$$$$0000000A) for _main_cpp_init
    entry.o(.ARM.Collect$$$$00000000) refers (Special) to entry9a.o(.ARM.Collect$$$$0000000B) for _main_init
    entry.o(.ARM.Collect$$$$00000000) refers (Special) to entry5.o(.ARM.Collect$$$$00000004) for _main_scatterload
    entry.o(.ARM.Collect$$$$00000000) refers (Special) to entry2.o(.ARM.Collect$$$$00000001) for _main_stk
    printfa.o(i.__0fprintf) refers (Special) to iusefp.o(.text) for __I$use$fp
    printfa.o(i.__0fprintf) refers to printfa.o(i._printf_core) for _printf_core
    printfa.o(i.__0fprintf) refers to fputc.o(i.fputc) for fputc
    printfa.o(i.__0printf) refers (Special) to iusefp.o(.text) for __I$use$fp
    printfa.o(i.__0printf) refers to printfa.o(i._printf_core) for _printf_core
    printfa.o(i.__0printf) refers to fputc.o(i.fputc) for fputc
    printfa.o(i.__0printf) refers to stdout.o(.data) for __stdout
    printfa.o(i.__0snprintf) refers (Special) to iusefp.o(.text) for __I$use$fp
    printfa.o(i.__0snprintf) refers to printfa.o(i._printf_core) for _printf_core
    printfa.o(i.__0snprintf) refers to printfa.o(i._snputc) for _snputc
    printfa.o(i.__0sprintf) refers (Special) to iusefp.o(.text) for __I$use$fp
    printfa.o(i.__0sprintf) refers to printfa.o(i._printf_core) for _printf_core
    printfa.o(i.__0sprintf) refers to printfa.o(i._sputc) for _sputc
    printfa.o(i.__0vfprintf) refers (Special) to iusefp.o(.text) for __I$use$fp
    printfa.o(i.__0vfprintf) refers to printfa.o(i._printf_core) for _printf_core
    printfa.o(i.__0vfprintf) refers to fputc.o(i.fputc) for fputc
    printfa.o(i.__0vprintf) refers (Special) to iusefp.o(.text) for __I$use$fp
    printfa.o(i.__0vprintf) refers to printfa.o(i._printf_core) for _printf_core
    printfa.o(i.__0vprintf) refers to fputc.o(i.fputc) for fputc
    printfa.o(i.__0vprintf) refers to stdout.o(.data) for __stdout
    printfa.o(i.__0vsnprintf) refers (Special) to iusefp.o(.text) for __I$use$fp
    printfa.o(i.__0vsnprintf) refers to printfa.o(i._printf_core) for _printf_core
    printfa.o(i.__0vsnprintf) refers to printfa.o(i._snputc) for _snputc
    printfa.o(i.__0vsprintf) refers (Special) to iusefp.o(.text) for __I$use$fp
    printfa.o(i.__0vsprintf) refers to printfa.o(i._printf_core) for _printf_core
    printfa.o(i.__0vsprintf) refers to printfa.o(i._sputc) for _sputc
    printfa.o(i._fp_digits) refers (Special) to iusefp.o(.text) for __I$use$fp
    printfa.o(i._fp_digits) refers to dmul.o(.text) for __aeabi_dmul
    printfa.o(i._fp_digits) refers to ddiv.o(.text) for __aeabi_ddiv
    printfa.o(i._fp_digits) refers to cdrcmple.o(.text) for __aeabi_cdrcmple
    printfa.o(i._fp_digits) refers to dadd.o(.text) for __aeabi_dadd
    printfa.o(i._fp_digits) refers to dfixul.o(.text) for __aeabi_d2ulz
    printfa.o(i._fp_digits) refers to uldiv.o(.text) for __aeabi_uldivmod
    printfa.o(i._printf_core) refers (Special) to iusefp.o(.text) for __I$use$fp
    printfa.o(i._printf_core) refers to printfa.o(i._printf_pre_padding) for _printf_pre_padding
    printfa.o(i._printf_core) refers to uldiv.o(.text) for __aeabi_uldivmod
    printfa.o(i._printf_core) refers to printfa.o(i._printf_post_padding) for _printf_post_padding
    printfa.o(i._printf_core) refers to printfa.o(i._fp_digits) for _fp_digits
    printfa.o(i._printf_core) refers to uidiv.o(.text) for __aeabi_uidivmod
    printfa.o(i._printf_post_padding) refers (Special) to iusefp.o(.text) for __I$use$fp
    printfa.o(i._printf_pre_padding) refers (Special) to iusefp.o(.text) for __I$use$fp
    printfa.o(i._snputc) refers (Special) to iusefp.o(.text) for __I$use$fp
    printfa.o(i._sputc) refers (Special) to iusefp.o(.text) for __I$use$fp
    dadd.o(.text) refers (Special) to iusefp.o(.text) for __I$use$fp
    dadd.o(.text) refers to llshl.o(.text) for __aeabi_llsl
    dadd.o(.text) refers to llsshr.o(.text) for __aeabi_lasr
    dadd.o(.text) refers to depilogue.o(.text) for _double_epilogue
    dmul.o(.text) refers (Special) to iusefp.o(.text) for __I$use$fp
    dmul.o(.text) refers to depilogue.o(.text) for _double_epilogue
    ddiv.o(.text) refers (Special) to iusefp.o(.text) for __I$use$fp
    ddiv.o(.text) refers to depilogue.o(.text) for _double_round
    dneg.o(.text) refers (Special) to iusefp.o(.text) for __I$use$fp
    dflti.o(.text) refers (Special) to iusefp.o(.text) for __I$use$fp
    dflti.o(.text) refers to depilogue.o(.text) for _double_epilogue
    dfltui.o(.text) refers (Special) to iusefp.o(.text) for __I$use$fp
    dfltui.o(.text) refers to depilogue.o(.text) for _double_epilogue
    dfixi.o(.text) refers (Special) to iusefp.o(.text) for __I$use$fp
    dfixi.o(.text) refers to llushr.o(.text) for __aeabi_llsr
    dfixui.o(.text) refers (Special) to iusefp.o(.text) for __I$use$fp
    dfixui.o(.text) refers to llushr.o(.text) for __aeabi_llsr
    cdcmple.o(.text) refers (Special) to iusefp.o(.text) for __I$use$fp
    cdrcmple.o(.text) refers (Special) to iusefp.o(.text) for __I$use$fp
    d2f.o(.text) refers (Special) to iusefp.o(.text) for __I$use$fp
    d2f.o(.text) refers to fepilogue.o(.text) for _float_round
    atan.o(i.__hardfp_atan) refers (Special) to iusefp.o(.text) for __I$use$fp
    atan.o(i.__hardfp_atan) refers to dunder.o(i.__mathlib_dbl_infnan) for __mathlib_dbl_infnan
    atan.o(i.__hardfp_atan) refers to fpclassify.o(i.__ARM_fpclassify) for __ARM_fpclassify
    atan.o(i.__hardfp_atan) refers to dunder.o(i.__mathlib_dbl_underflow) for __mathlib_dbl_underflow
    atan.o(i.__hardfp_atan) refers to fabs.o(i.fabs) for fabs
    atan.o(i.__hardfp_atan) refers to dadd.o(.text) for __aeabi_dadd
    atan.o(i.__hardfp_atan) refers to dmul.o(.text) for __aeabi_dmul
    atan.o(i.__hardfp_atan) refers to ddiv.o(.text) for __aeabi_ddiv
    atan.o(i.__hardfp_atan) refers to poly.o(i.__kernel_poly) for __kernel_poly
    atan.o(i.__hardfp_atan) refers to atan.o(.constdata) for .constdata
    atan.o(i.__softfp_atan) refers (Special) to iusefp.o(.text) for __I$use$fp
    atan.o(i.__softfp_atan) refers to atan.o(i.__hardfp_atan) for __hardfp_atan
    atan.o(i.atan) refers (Special) to iusefp.o(.text) for __I$use$fp
    atan.o(i.atan) refers to atan.o(i.__hardfp_atan) for __hardfp_atan
    atan.o(.constdata) refers (Special) to iusefp.o(.text) for __I$use$fp
    atan_x.o(i.____hardfp_atan$lsc) refers (Special) to iusefp.o(.text) for __I$use$fp
    atan_x.o(i.____hardfp_atan$lsc) refers to dunder.o(i.__mathlib_dbl_infnan) for __mathlib_dbl_infnan
    atan_x.o(i.____hardfp_atan$lsc) refers to fabs.o(i.fabs) for fabs
    atan_x.o(i.____hardfp_atan$lsc) refers to dadd.o(.text) for __aeabi_dadd
    atan_x.o(i.____hardfp_atan$lsc) refers to dmul.o(.text) for __aeabi_dmul
    atan_x.o(i.____hardfp_atan$lsc) refers to ddiv.o(.text) for __aeabi_ddiv
    atan_x.o(i.____hardfp_atan$lsc) refers to poly.o(i.__kernel_poly) for __kernel_poly
    atan_x.o(i.____hardfp_atan$lsc) refers to atan_x.o(.constdata) for .constdata
    atan_x.o(i.____softfp_atan$lsc) refers (Special) to iusefp.o(.text) for __I$use$fp
    atan_x.o(i.____softfp_atan$lsc) refers to atan_x.o(i.____hardfp_atan$lsc) for ____hardfp_atan$lsc
    atan_x.o(i.__atan$lsc) refers (Special) to iusefp.o(.text) for __I$use$fp
    atan_x.o(i.__atan$lsc) refers to atan_x.o(i.____hardfp_atan$lsc) for ____hardfp_atan$lsc
    atan_x.o(.constdata) refers (Special) to iusefp.o(.text) for __I$use$fp
    dunder.o(i.__mathlib_dbl_divzero) refers to ddiv.o(.text) for __aeabi_ddiv
    dunder.o(i.__mathlib_dbl_infnan) refers to dadd.o(.text) for __aeabi_dadd
    dunder.o(i.__mathlib_dbl_infnan2) refers to dadd.o(.text) for __aeabi_dadd
    dunder.o(i.__mathlib_dbl_invalid) refers to ddiv.o(.text) for __aeabi_ddiv
    dunder.o(i.__mathlib_dbl_overflow) refers to dmul.o(.text) for __aeabi_dmul
    dunder.o(i.__mathlib_dbl_posinfnan) refers to dmul.o(.text) for __aeabi_dmul
    dunder.o(i.__mathlib_dbl_underflow) refers to dmul.o(.text) for __aeabi_dmul
    fabs.o(i.__hardfp_fabs) refers (Special) to iusefp.o(.text) for __I$use$fp
    fabs.o(i.__softfp_fabs) refers (Special) to iusefp.o(.text) for __I$use$fp
    fabs.o(i.fabs) refers (Special) to iusefp.o(.text) for __I$use$fp
    qnan.o(.constdata) refers (Special) to iusefp.o(.text) for __I$use$fp
    entry2.o(.ARM.Collect$$$$00000001) refers to entry2.o(.ARM.Collect$$$$00002712) for __lit__00000000
    entry2.o(.ARM.Collect$$$$00002712) refers to startup_rvmdk.o(STACK) for __initial_sp
    entry2.o(__vectab_stack_and_reset_area) refers to startup_rvmdk.o(STACK) for __initial_sp
    entry2.o(__vectab_stack_and_reset_area) refers to entry.o(.ARM.Collect$$$$00000000) for __main
    entry5.o(.ARM.Collect$$$$00000004) refers to init.o(.text) for __scatterload
    entry9a.o(.ARM.Collect$$$$0000000B) refers to main.o(.text) for main
    entry9b.o(.ARM.Collect$$$$0000000C) refers to main.o(.text) for main
    fputc.o(i.fputc) refers (Special) to iusesemip.o(.text) for __I$use$semihosting$fputc
    fputc.o(i.fputc) refers (Special) to semi.o(.text) for __semihosting_library_function
    uldiv.o(.text) refers to llushr.o(.text) for __aeabi_llsr
    uldiv.o(.text) refers to llshl.o(.text) for __aeabi_llsl
    errno.o(i.__aeabi_errno_addr) refers to errno.o(.data) for .data
    errno.o(i.__read_errno) refers to errno.o(.data) for .data
    errno.o(i.__set_errno) refers to errno.o(.data) for .data
    depilogue.o(.text) refers to llshl.o(.text) for __aeabi_llsl
    depilogue.o(.text) refers to llushr.o(.text) for __aeabi_llsr
    drnd.o(.text) refers to llshl.o(.text) for __aeabi_llsl
    drnd.o(.text) refers to llushr.o(.text) for __aeabi_llsr
    drnd.o(.text) refers to depilogue.o(.text) for _double_round
    dfixul.o(.text) refers to llushr.o(.text) for __aeabi_llsr
    dfixul.o(.text) refers to llshl.o(.text) for __aeabi_llsl
    fpclassify.o(i.__ARM_fpclassify) refers (Special) to iusefp.o(.text) for __I$use$fp
    poly.o(i.__kernel_poly) refers (Special) to iusefp.o(.text) for __I$use$fp
    poly.o(i.__kernel_poly) refers to dmul.o(.text) for __aeabi_dmul
    poly.o(i.__kernel_poly) refers to dadd.o(.text) for __aeabi_dadd
    init.o(.text) refers to entry5.o(.ARM.Collect$$$$00000004) for __main_after_scatterload


==============================================================================

Removing Unused input sections from the image.

    Removing adc.o(.text), (964 bytes).
    Removing adc.o(.data), (3 bytes).
    Removing aes.o(.text), (864 bytes).
    Removing can.o(.text), (1628 bytes).
    Removing can.o(.constdata), (32 bytes).
    Removing comp.o(.text), (162 bytes).
    Removing crc.o(.text), (102 bytes).
    Removing des.o(.text), (448 bytes).
    Removing eeprom.o(.text), (892 bytes).
    Removing emac.o(.text), (2044 bytes).
    Removing emac.o(.constdata), (24 bytes).
    Removing epi.o(.text), (800 bytes).
    Removing flash.o(.text), (616 bytes).
    Removing flash.o(.constdata), (128 bytes).
    Removing fpu.o(.text), (164 bytes).
    Removing hibernate.o(.text), (2004 bytes).
    Removing i2c.o(.text), (904 bytes).
    Removing i2c.o(.constdata), (128 bytes).
    Removing lcd.o(.text), (832 bytes).
    Removing mpu.o(.text), (180 bytes).
    Removing pwm.o(.text), (1118 bytes).
    Removing qei.o(.text), (288 bytes).
    Removing shamd5.o(.text), (832 bytes).
    Removing ssi.o(.text), (488 bytes).
    Removing ssi.o(.constdata), (64 bytes).
    Removing sw_crc.o(.text), (724 bytes).
    Removing sw_crc.o(.constdata), (1792 bytes).
    Removing sysexc.o(.text), (156 bytes).
    Removing systick.o(.text), (156 bytes).
    Removing timer.o(.text), (760 bytes).
    Removing timer.o(.constdata), (160 bytes).
    Removing uart.o(.text), (816 bytes).
    Removing uart.o(.constdata), (128 bytes).
    Removing udma.o(.text), (812 bytes).
    Removing usb.o(.text), (3742 bytes).
    Removing watchdog.o(.text), (200 bytes).
    Removing uartstdio.o(.text), (952 bytes).
    Removing uartstdio.o(.constdata), (28 bytes).
    Removing uartstdio.o(.conststring), (17 bytes).
    Removing uartstdio.o(.data), (5 bytes).
    Removing startup_rvmdk.o(HEAP), (0 bytes).
    Removing startup_rvmdk.o(.text), (0 bytes).
    Removing systicktime.o(.text), (240 bytes).
    Removing systicktime.o(.data), (4 bytes).
    Removing dneg.o(.text), (6 bytes).
    Removing epi.o(i.EPIWorkaroundWordWrite), (12 bytes).
    Removing epi.o(i.EPIWorkaroundWordRead), (14 bytes).
    Removing epi.o(i.EPIWorkaroundHWordWrite), (12 bytes).
    Removing epi.o(i.EPIWorkaroundByteWrite), (12 bytes).
    Removing epi.o(i.EPIWorkaroundByteRead), (14 bytes).

50 unused section(s) (total 26471 bytes) removed from the image.

==============================================================================

Image Symbol Table

    Local Symbols

    Symbol Name                              Value     Ov Type        Size  Object(Section)

    RESET                                    0x00000000   Section      648  startup_rvmdk.o(RESET)
    ../clib/../cmprslib/zerorunl.c           0x00000000   Number         0  __dczerorl.o ABSOLUTE
    ../clib/microlib/division.c              0x00000000   Number         0  uidiv.o ABSOLUTE
    ../clib/microlib/division.c              0x00000000   Number         0  uldiv.o ABSOLUTE
    ../clib/microlib/errno.c                 0x00000000   Number         0  errno.o ABSOLUTE
    ../clib/microlib/init/entry.s            0x00000000   Number         0  entry7b.o ABSOLUTE
    ../clib/microlib/init/entry.s            0x00000000   Number         0  entry11a.o ABSOLUTE
    ../clib/microlib/init/entry.s            0x00000000   Number         0  entry11b.o ABSOLUTE
    ../clib/microlib/init/entry.s            0x00000000   Number         0  entry7a.o ABSOLUTE
    ../clib/microlib/init/entry.s            0x00000000   Number         0  entry9a.o ABSOLUTE
    ../clib/microlib/init/entry.s            0x00000000   Number         0  entry8b.o ABSOLUTE
    ../clib/microlib/init/entry.s            0x00000000   Number         0  entry5.o ABSOLUTE
    ../clib/microlib/init/entry.s            0x00000000   Number         0  entry2.o ABSOLUTE
    ../clib/microlib/init/entry.s            0x00000000   Number         0  entry8a.o ABSOLUTE
    ../clib/microlib/init/entry.s            0x00000000   Number         0  entry.o ABSOLUTE
    ../clib/microlib/init/entry.s            0x00000000   Number         0  entry10b.o ABSOLUTE
    ../clib/microlib/init/entry.s            0x00000000   Number         0  entry9b.o ABSOLUTE
    ../clib/microlib/init/entry.s            0x00000000   Number         0  entry10a.o ABSOLUTE
    ../clib/microlib/longlong.c              0x00000000   Number         0  llshl.o ABSOLUTE
    ../clib/microlib/longlong.c              0x00000000   Number         0  llushr.o ABSOLUTE
    ../clib/microlib/longlong.c              0x00000000   Number         0  llsshr.o ABSOLUTE
    ../clib/microlib/printf/printf.c         0x00000000   Number         0  printfa.o ABSOLUTE
    ../clib/microlib/stdio/fputc.c           0x00000000   Number         0  fputc.o ABSOLUTE
    ../clib/microlib/stdio/semi.s            0x00000000   Number         0  semi.o ABSOLUTE
    ../clib/microlib/stdio/streams.c         0x00000000   Number         0  stdout.o ABSOLUTE
    ../clib/microlib/string/strcmp.c         0x00000000   Number         0  strcmp.o ABSOLUTE
    ../clib/microlib/stubs.s                 0x00000000   Number         0  iusefp.o ABSOLUTE
    ../clib/microlib/stubs.s                 0x00000000   Number         0  iusesemip.o ABSOLUTE
    ../fplib/microlib/d2f.c                  0x00000000   Number         0  d2f.o ABSOLUTE
    ../fplib/microlib/fpadd.c                0x00000000   Number         0  dadd.o ABSOLUTE
    ../fplib/microlib/fpdiv.c                0x00000000   Number         0  ddiv.o ABSOLUTE
    ../fplib/microlib/fpepilogue.c           0x00000000   Number         0  depilogue.o ABSOLUTE
    ../fplib/microlib/fpepilogue.c           0x00000000   Number         0  fepilogue.o ABSOLUTE
    ../fplib/microlib/fpfix.c                0x00000000   Number         0  dfixi.o ABSOLUTE
    ../fplib/microlib/fpfix.c                0x00000000   Number         0  dfixui.o ABSOLUTE
    ../fplib/microlib/fpfix.c                0x00000000   Number         0  dfixul.o ABSOLUTE
    ../fplib/microlib/fpflt.c                0x00000000   Number         0  dflti.o ABSOLUTE
    ../fplib/microlib/fpflt.c                0x00000000   Number         0  dfltui.o ABSOLUTE
    ../fplib/microlib/fpmul.c                0x00000000   Number         0  dmul.o ABSOLUTE
    ../fplib/microlib/fpneg.c                0x00000000   Number         0  dneg.o ABSOLUTE
    ../fplib/microlib/fprnd.c                0x00000000   Number         0  drnd.o ABSOLUTE
    ../mathlib/atan.c                        0x00000000   Number         0  atan.o ABSOLUTE
    ../mathlib/atan.c                        0x00000000   Number         0  atan_x.o ABSOLUTE
    ../mathlib/atan2.c                       0x00000000   Number         0  atan2_x.o ABSOLUTE
    ../mathlib/atan2.c                       0x00000000   Number         0  atan2.o ABSOLUTE
    ../mathlib/dunder.c                      0x00000000   Number         0  dunder.o ABSOLUTE
    ../mathlib/fabs.c                        0x00000000   Number         0  fabs.o ABSOLUTE
    ../mathlib/fpclassify.c                  0x00000000   Number         0  fpclassify.o ABSOLUTE
    ../mathlib/poly.c                        0x00000000   Number         0  poly.o ABSOLUTE
    ../mathlib/qnan.c                        0x00000000   Number         0  qnan.o ABSOLUTE
    ../mathlib/round.c                       0x00000000   Number         0  round.o ABSOLUTE
    ..\..\Drivers\SystickTime.c              0x00000000   Number         0  systicktime.o ABSOLUTE
    ..\..\Hardware\LED.c                     0x00000000   Number         0  led.o ABSOLUTE
    ..\..\Hardware\OLED.c                    0x00000000   Number         0  oled.o ABSOLUTE
    ..\..\Hardware\OLED_Data.c               0x00000000   Number         0  oled_data.o ABSOLUTE
    ..\..\Libraries\driverlib\adc.c          0x00000000   Number         0  adc.o ABSOLUTE
    ..\..\Libraries\driverlib\aes.c          0x00000000   Number         0  aes.o ABSOLUTE
    ..\..\Libraries\driverlib\can.c          0x00000000   Number         0  can.o ABSOLUTE
    ..\..\Libraries\driverlib\comp.c         0x00000000   Number         0  comp.o ABSOLUTE
    ..\..\Libraries\driverlib\cpu.c          0x00000000   Number         0  cpu.o ABSOLUTE
    ..\..\Libraries\driverlib\crc.c          0x00000000   Number         0  crc.o ABSOLUTE
    ..\..\Libraries\driverlib\des.c          0x00000000   Number         0  des.o ABSOLUTE
    ..\..\Libraries\driverlib\eeprom.c       0x00000000   Number         0  eeprom.o ABSOLUTE
    ..\..\Libraries\driverlib\emac.c         0x00000000   Number         0  emac.o ABSOLUTE
    ..\..\Libraries\driverlib\epi.c          0x00000000   Number         0  epi.o ABSOLUTE
    ..\..\Libraries\driverlib\flash.c        0x00000000   Number         0  flash.o ABSOLUTE
    ..\..\Libraries\driverlib\fpu.c          0x00000000   Number         0  fpu.o ABSOLUTE
    ..\..\Libraries\driverlib\gpio.c         0x00000000   Number         0  gpio.o ABSOLUTE
    ..\..\Libraries\driverlib\hibernate.c    0x00000000   Number         0  hibernate.o ABSOLUTE
    ..\..\Libraries\driverlib\i2c.c          0x00000000   Number         0  i2c.o ABSOLUTE
    ..\..\Libraries\driverlib\interrupt.c    0x00000000   Number         0  interrupt.o ABSOLUTE
    ..\..\Libraries\driverlib\lcd.c          0x00000000   Number         0  lcd.o ABSOLUTE
    ..\..\Libraries\driverlib\mpu.c          0x00000000   Number         0  mpu.o ABSOLUTE
    ..\..\Libraries\driverlib\pwm.c          0x00000000   Number         0  pwm.o ABSOLUTE
    ..\..\Libraries\driverlib\qei.c          0x00000000   Number         0  qei.o ABSOLUTE
    ..\..\Libraries\driverlib\shamd5.c       0x00000000   Number         0  shamd5.o ABSOLUTE
    ..\..\Libraries\driverlib\ssi.c          0x00000000   Number         0  ssi.o ABSOLUTE
    ..\..\Libraries\driverlib\sw_crc.c       0x00000000   Number         0  sw_crc.o ABSOLUTE
    ..\..\Libraries\driverlib\sysctl.c       0x00000000   Number         0  sysctl.o ABSOLUTE
    ..\..\Libraries\driverlib\sysexc.c       0x00000000   Number         0  sysexc.o ABSOLUTE
    ..\..\Libraries\driverlib\systick.c      0x00000000   Number         0  systick.o ABSOLUTE
    ..\..\Libraries\driverlib\timer.c        0x00000000   Number         0  timer.o ABSOLUTE
    ..\..\Libraries\driverlib\uart.c         0x00000000   Number         0  uart.o ABSOLUTE
    ..\..\Libraries\driverlib\udma.c         0x00000000   Number         0  udma.o ABSOLUTE
    ..\..\Libraries\driverlib\usb.c          0x00000000   Number         0  usb.o ABSOLUTE
    ..\..\Libraries\driverlib\watchdog.c     0x00000000   Number         0  watchdog.o ABSOLUTE
    ..\..\Libraries\utils\uartstdio.c        0x00000000   Number         0  uartstdio.o ABSOLUTE
    ..\..\User\main.c                        0x00000000   Number         0  main.o ABSOLUTE
    ..\..\User\startup_rvmdk.S               0x00000000   Number         0  startup_rvmdk.o ABSOLUTE
    ..\\..\\Libraries\\driverlib\\cpu.c      0x00000000   Number         0  cpu.o ABSOLUTE
    ..\\..\\Libraries\\driverlib\\sysctl.c   0x00000000   Number         0  sysctl.o ABSOLUTE
    cdcmple.s                                0x00000000   Number         0  cdcmple.o ABSOLUTE
    cdrcmple.s                               0x00000000   Number         0  cdrcmple.o ABSOLUTE
    dc.s                                     0x00000000   Number         0  dc.o ABSOLUTE
    handlers.s                               0x00000000   Number         0  handlers.o ABSOLUTE
    init.s                                   0x00000000   Number         0  init.o ABSOLUTE
    $v0                                      0x0000026c   Number         0  startup_rvmdk.o(RESET)
    NmiSR                                    0x00000281   Thumb Code     0  startup_rvmdk.o(RESET)
    FaultISR                                 0x00000283   Thumb Code     0  startup_rvmdk.o(RESET)
    IntDefaultHandler                        0x00000285   Thumb Code     0  startup_rvmdk.o(RESET)
    .ARM.Collect$$$$00000000                 0x00000288   Section        0  entry.o(.ARM.Collect$$$$00000000)
    .ARM.Collect$$$$00000001                 0x00000288   Section        4  entry2.o(.ARM.Collect$$$$00000001)
    .ARM.Collect$$$$00000004                 0x0000028c   Section        4  entry5.o(.ARM.Collect$$$$00000004)
    .ARM.Collect$$$$00000008                 0x00000290   Section        0  entry7b.o(.ARM.Collect$$$$00000008)
    .ARM.Collect$$$$0000000A                 0x00000290   Section        0  entry8b.o(.ARM.Collect$$$$0000000A)
    .ARM.Collect$$$$0000000B                 0x00000290   Section        8  entry9a.o(.ARM.Collect$$$$0000000B)
    .ARM.Collect$$$$0000000D                 0x00000298   Section        0  entry10a.o(.ARM.Collect$$$$0000000D)
    .ARM.Collect$$$$0000000F                 0x00000298   Section        0  entry11a.o(.ARM.Collect$$$$0000000F)
    .ARM.Collect$$$$00002712                 0x00000298   Section        4  entry2.o(.ARM.Collect$$$$00002712)
    __lit__00000000                          0x00000298   Data           4  entry2.o(.ARM.Collect$$$$00002712)
    .emb_text                                0x0000029c   Section       38  cpu.o(.emb_text)
    $v0                                      0x0000029c   Number         0  cpu.o(.emb_text)
    .emb_text                                0x000002c4   Section        6  sysctl.o(.emb_text)
    $v0                                      0x000002c4   Number         0  sysctl.o(.emb_text)
    .text                                    0x000002cc   Section        0  gpio.o(.text)
    _GPIOIntNumberGet                        0x000002cd   Thumb Code    56  gpio.o(.text)
    .text                                    0x00000ac4   Section        0  interrupt.o(.text)
    _IntDefaultHandler                       0x00000ac5   Thumb Code     4  interrupt.o(.text)
    .text                                    0x00000df4   Section        0  sysctl.o(.text)
    _SysCtlMemTimingGet                      0x00000df5   Thumb Code    36  sysctl.o(.text)
    _SysCtlFrequencyGet                      0x00000e19   Thumb Code    96  sysctl.o(.text)
    .text                                    0x0000194c   Section        0  led.o(.text)
    .text                                    0x00001984   Section        0  oled.o(.text)
    .text                                    0x00002e26   Section        0  main.o(.text)
    .text                                    0x00002e42   Section        0  strcmp.o(.text)
    .text                                    0x00002e5e   Section        0  dadd.o(.text)
    .text                                    0x00002fac   Section        0  dmul.o(.text)
    .text                                    0x00003090   Section        0  ddiv.o(.text)
    .text                                    0x0000316e   Section        0  dflti.o(.text)
    .text                                    0x00003190   Section        0  dfltui.o(.text)
    .text                                    0x000031aa   Section        0  dfixi.o(.text)
    .text                                    0x000031e8   Section        0  dfixui.o(.text)
    .text                                    0x0000321c   Section       48  cdcmple.o(.text)
    .text                                    0x0000324c   Section       48  cdrcmple.o(.text)
    .text                                    0x0000327c   Section        0  d2f.o(.text)
    .text                                    0x000032b4   Section        0  uidiv.o(.text)
    .text                                    0x000032e0   Section        0  uldiv.o(.text)
    .text                                    0x00003342   Section        0  llshl.o(.text)
    .text                                    0x00003360   Section        0  llushr.o(.text)
    .text                                    0x00003380   Section        0  llsshr.o(.text)
    .text                                    0x000033a4   Section        0  fepilogue.o(.text)
    .text                                    0x000033a4   Section        0  iusefp.o(.text)
    .text                                    0x00003412   Section        0  depilogue.o(.text)
    .text                                    0x000034cc   Section        0  drnd.o(.text)
    .text                                    0x00003554   Section        0  dfixul.o(.text)
    .text                                    0x00003584   Section       36  init.o(.text)
    .text                                    0x000035a8   Section        0  __dczerorl.o(.text)
    i.__0vsprintf                            0x000035e4   Section        0  printfa.o(i.__0vsprintf)
    i.__ARM_fpclassify                       0x00003608   Section        0  fpclassify.o(i.__ARM_fpclassify)
    i.__hardfp_atan                          0x00003638   Section        0  atan.o(i.__hardfp_atan)
    i.__hardfp_atan2                         0x00003910   Section        0  atan2.o(i.__hardfp_atan2)
    i.__hardfp_round                         0x00003b00   Section        0  round.o(i.__hardfp_round)
    i.__kernel_poly                          0x00003be0   Section        0  poly.o(i.__kernel_poly)
    i.__mathlib_dbl_infnan                   0x00003cd8   Section        0  dunder.o(i.__mathlib_dbl_infnan)
    i.__mathlib_dbl_infnan2                  0x00003cec   Section        0  dunder.o(i.__mathlib_dbl_infnan2)
    i.__mathlib_dbl_underflow                0x00003d00   Section        0  dunder.o(i.__mathlib_dbl_underflow)
    i.__scatterload_copy                     0x00003d20   Section       14  handlers.o(i.__scatterload_copy)
    i.__scatterload_null                     0x00003d2e   Section        2  handlers.o(i.__scatterload_null)
    i.__scatterload_zeroinit                 0x00003d30   Section       14  handlers.o(i.__scatterload_zeroinit)
    i._fp_digits                             0x00003d40   Section        0  printfa.o(i._fp_digits)
    _fp_digits                               0x00003d41   Thumb Code   366  printfa.o(i._fp_digits)
    i._printf_core                           0x00003ec4   Section        0  printfa.o(i._printf_core)
    _printf_core                             0x00003ec5   Thumb Code  1744  printfa.o(i._printf_core)
    i._printf_post_padding                   0x000045a0   Section        0  printfa.o(i._printf_post_padding)
    _printf_post_padding                     0x000045a1   Thumb Code    36  printfa.o(i._printf_post_padding)
    i._printf_pre_padding                    0x000045c4   Section        0  printfa.o(i._printf_pre_padding)
    _printf_pre_padding                      0x000045c5   Thumb Code    46  printfa.o(i._printf_pre_padding)
    i._sputc                                 0x000045f2   Section        0  printfa.o(i._sputc)
    _sputc                                   0x000045f3   Thumb Code    10  printfa.o(i._sputc)
    i.atan                                   0x000045fc   Section        0  atan.o(i.atan)
    i.fabs                                   0x0000460c   Section        0  fabs.o(i.fabs)
    .constdata                               0x00004624   Section      528  gpio.o(.constdata)
    g_ppui32GPIOIntMapBlizzard               0x00004624   Data         192  gpio.o(.constdata)
    g_ppui32GPIOIntMapSnowflake              0x000046e4   Data         192  gpio.o(.constdata)
    g_pui32GPIOBaseAddrs                     0x000047a4   Data         144  gpio.o(.constdata)
    .constdata                               0x00004834   Section      268  interrupt.o(.constdata)
    g_pui32Priority                          0x00004834   Data          32  interrupt.o(.constdata)
    g_pui32Regs                              0x00004854   Data         156  interrupt.o(.constdata)
    g_pui32EnRegs                            0x000048f0   Data          20  interrupt.o(.constdata)
    g_pui32Dii16Regs                         0x00004904   Data          20  interrupt.o(.constdata)
    g_pui32PendRegs                          0x00004918   Data          20  interrupt.o(.constdata)
    g_pui32UnpendRegs                        0x0000492c   Data          20  interrupt.o(.constdata)
    .constdata                               0x00004940   Section      460  sysctl.o(.constdata)
    g_pui32Xtals                             0x00004940   Data         108  sysctl.o(.constdata)
    g_pppui32XTALtoVCO                       0x000049ac   Data         288  sysctl.o(.constdata)
    g_sXTALtoMEMTIM                          0x00004acc   Data          56  sysctl.o(.constdata)
    g_pui32VCOFrequencies                    0x00004b04   Data           8  sysctl.o(.constdata)
    .constdata                               0x00004b0c   Section     2367  oled_data.o(.constdata)
    .constdata                               0x00005450   Section      152  atan.o(.constdata)
    atanhi                                   0x00005450   Data          32  atan.o(.constdata)
    atanlo                                   0x00005470   Data          32  atan.o(.constdata)
    aTodd                                    0x00005490   Data          40  atan.o(.constdata)
    aTeven                                   0x000054b8   Data          48  atan.o(.constdata)
    .constdata                               0x000054e8   Section        8  qnan.o(.constdata)
    vtable                                   0x20000000   Section      620  interrupt.o(vtable)
    g_pfnRAMVectors                          0x20000000   Data         620  interrupt.o(vtable)
    .bss                                     0x2000026c   Section     1024  oled.o(.bss)
    STACK                                    0x20000670   Section      512  startup_rvmdk.o(STACK)
    StackMem                                 0x20000670   Data           0  startup_rvmdk.o(STACK)

    Global Symbols

    Symbol Name                              Value     Ov Type        Size  Object(Section)

    BuildAttributes$$THM_ISAv4$E$P$D$K$B$S$7EM$VFPi3$EXTD16$VFPS$VFMA$PE$A:L22UL41UL21$X:L11$S22US41US21$IEEE1$IW$USESV6$~STKCKD$USESV7$~SHL$OTIME$ROPI$IEEEX$EBA8$MICROLIB$REQ8$PRES8$EABIv2 0x00000000   Number         0  anon$$obj.o ABSOLUTE
    __ARM_use_no_argv                        0x00000000   Number         0  main.o ABSOLUTE
    __Vectors                                0x00000000   Data           0  startup_rvmdk.o(RESET)
    __cpp_initialize__aeabi_                  - Undefined Weak Reference
    __cxa_finalize                            - Undefined Weak Reference
    _clock_init                               - Undefined Weak Reference
    _microlib_exit                            - Undefined Weak Reference
    Reset_Handler                            0x0000026d   Thumb Code     0  startup_rvmdk.o(RESET)
    __main                                   0x00000289   Thumb Code     0  entry.o(.ARM.Collect$$$$00000000)
    _main_stk                                0x00000289   Thumb Code     0  entry2.o(.ARM.Collect$$$$00000001)
    _main_scatterload                        0x0000028d   Thumb Code     0  entry5.o(.ARM.Collect$$$$00000004)
    __main_after_scatterload                 0x00000291   Thumb Code     0  entry5.o(.ARM.Collect$$$$00000004)
    _main_clock                              0x00000291   Thumb Code     0  entry7b.o(.ARM.Collect$$$$00000008)
    _main_cpp_init                           0x00000291   Thumb Code     0  entry8b.o(.ARM.Collect$$$$0000000A)
    _main_init                               0x00000291   Thumb Code     0  entry9a.o(.ARM.Collect$$$$0000000B)
    __rt_final_cpp                           0x00000299   Thumb Code     0  entry10a.o(.ARM.Collect$$$$0000000D)
    __rt_final_exit                          0x00000299   Thumb Code     0  entry11a.o(.ARM.Collect$$$$0000000F)
    CPUcpsid                                 0x0000029d   Thumb Code     8  cpu.o(.emb_text)
    CPUprimask                               0x000002a5   Thumb Code     6  cpu.o(.emb_text)
    CPUcpsie                                 0x000002ab   Thumb Code     8  cpu.o(.emb_text)
    CPUwfi                                   0x000002b3   Thumb Code     4  cpu.o(.emb_text)
    CPUbasepriSet                            0x000002b7   Thumb Code     6  cpu.o(.emb_text)
    CPUbasepriGet                            0x000002bd   Thumb Code     6  cpu.o(.emb_text)
    SysCtlDelay                              0x000002c5   Thumb Code     6  sysctl.o(.emb_text)
    GPIODirModeSet                           0x00000305   Thumb Code    50  gpio.o(.text)
    GPIODirModeGet                           0x00000337   Thumb Code    46  gpio.o(.text)
    GPIOIntTypeSet                           0x00000365   Thumb Code   102  gpio.o(.text)
    GPIOIntTypeGet                           0x000003cb   Thumb Code    84  gpio.o(.text)
    GPIOPadConfigSet                         0x0000041f   Thumb Code   342  gpio.o(.text)
    GPIOPadConfigGet                         0x00000575   Thumb Code   206  gpio.o(.text)
    GPIOIntEnable                            0x00000643   Thumb Code    12  gpio.o(.text)
    GPIOIntDisable                           0x0000064f   Thumb Code    12  gpio.o(.text)
    GPIOIntStatus                            0x0000065b   Thumb Code    16  gpio.o(.text)
    GPIOIntClear                             0x0000066b   Thumb Code     6  gpio.o(.text)
    GPIOIntRegister                          0x00000671   Thumb Code    30  gpio.o(.text)
    GPIOIntUnregister                        0x0000068f   Thumb Code    26  gpio.o(.text)
    GPIOPinRead                              0x000006a9   Thumb Code    32  gpio.o(.text)
    GPIOPinWrite                             0x000006c9   Thumb Code    10  gpio.o(.text)
    GPIOPinTypeADC                           0x000006d3   Thumb Code    30  gpio.o(.text)
    GPIOPinTypeCAN                           0x000006f1   Thumb Code    30  gpio.o(.text)
    GPIOPinTypeComparator                    0x0000070f   Thumb Code    30  gpio.o(.text)
    GPIOPinTypeEPI                           0x0000072d   Thumb Code    30  gpio.o(.text)
    GPIOPinTypeEthernetLED                   0x0000074b   Thumb Code    30  gpio.o(.text)
    GPIOPinTypeEthernetMII                   0x00000769   Thumb Code    30  gpio.o(.text)
    GPIOPinTypeFan                           0x00000787   Thumb Code    30  gpio.o(.text)
    GPIOPinTypeGPIOInput                     0x000007a5   Thumb Code    30  gpio.o(.text)
    GPIOPinTypeGPIOOutput                    0x000007c3   Thumb Code    30  gpio.o(.text)
    GPIOPinTypeGPIOOutputOD                  0x000007e1   Thumb Code    30  gpio.o(.text)
    GPIOPinTypeI2C                           0x000007ff   Thumb Code    30  gpio.o(.text)
    GPIOPinTypeI2CSCL                        0x0000081d   Thumb Code    30  gpio.o(.text)
    GPIOPinTypeLCD                           0x0000083b   Thumb Code    30  gpio.o(.text)
    GPIOPinTypeLPC                           0x00000859   Thumb Code    30  gpio.o(.text)
    GPIOPinTypePECIRx                        0x00000877   Thumb Code    30  gpio.o(.text)
    GPIOPinTypePECITx                        0x00000895   Thumb Code    30  gpio.o(.text)
    GPIOPinTypePWM                           0x000008b3   Thumb Code    30  gpio.o(.text)
    GPIOPinTypeQEI                           0x000008d1   Thumb Code    30  gpio.o(.text)
    GPIOPinTypeSSI                           0x000008ef   Thumb Code    30  gpio.o(.text)
    GPIOPinTypeTimer                         0x0000090d   Thumb Code    30  gpio.o(.text)
    GPIOPinTypeUART                          0x0000092b   Thumb Code    30  gpio.o(.text)
    GPIOPinTypeUSBAnalog                     0x00000949   Thumb Code    30  gpio.o(.text)
    GPIOPinTypeUSBDigital                    0x00000967   Thumb Code    30  gpio.o(.text)
    GPIOPinTypeWakeHigh                      0x00000985   Thumb Code    32  gpio.o(.text)
    GPIOPinTypeWakeLow                       0x000009a5   Thumb Code    32  gpio.o(.text)
    GPIOPinTypeKBRow                         0x000009c5   Thumb Code    30  gpio.o(.text)
    GPIOPinTypeKBColumn                      0x000009e3   Thumb Code    30  gpio.o(.text)
    GPIOPinTypeLEDSeq                        0x00000a01   Thumb Code    30  gpio.o(.text)
    GPIOPinTypeCIR                           0x00000a1f   Thumb Code    30  gpio.o(.text)
    GPIOPinWakeStatus                        0x00000a3d   Thumb Code     8  gpio.o(.text)
    GPIOPinConfigure                         0x00000a45   Thumb Code    70  gpio.o(.text)
    GPIODMATriggerEnable                     0x00000a8b   Thumb Code    12  gpio.o(.text)
    GPIODMATriggerDisable                    0x00000a97   Thumb Code    12  gpio.o(.text)
    GPIOADCTriggerEnable                     0x00000aa3   Thumb Code    12  gpio.o(.text)
    GPIOADCTriggerDisable                    0x00000aaf   Thumb Code    12  gpio.o(.text)
    IntMasterEnable                          0x00000ac9   Thumb Code    16  interrupt.o(.text)
    IntMasterDisable                         0x00000ad9   Thumb Code    16  interrupt.o(.text)
    IntRegister                              0x00000ae9   Thumb Code    52  interrupt.o(.text)
    IntUnregister                            0x00000b1d   Thumb Code    10  interrupt.o(.text)
    IntPriorityGroupingSet                   0x00000b27   Thumb Code    18  interrupt.o(.text)
    IntPriorityGroupingGet                   0x00000b39   Thumb Code    36  interrupt.o(.text)
    IntPrioritySet                           0x00000b5d   Thumb Code    46  interrupt.o(.text)
    IntPriorityGet                           0x00000b8b   Thumb Code    22  interrupt.o(.text)
    IntEnable                                0x00000ba1   Thumb Code   120  interrupt.o(.text)
    IntDisable                               0x00000c19   Thumb Code   120  interrupt.o(.text)
    IntIsEnabled                             0x00000c91   Thumb Code   106  interrupt.o(.text)
    IntPendSet                               0x00000cfb   Thumb Code    98  interrupt.o(.text)
    IntPendClear                             0x00000d5d   Thumb Code    76  interrupt.o(.text)
    IntPriorityMaskSet                       0x00000da9   Thumb Code    12  interrupt.o(.text)
    IntPriorityMaskGet                       0x00000db5   Thumb Code     8  interrupt.o(.text)
    IntTrigger                               0x00000dbd   Thumb Code    10  interrupt.o(.text)
    SysCtlSRAMSizeGet                        0x00000e79   Thumb Code    12  sysctl.o(.text)
    SysCtlFlashSizeGet                       0x00000e85   Thumb Code    42  sysctl.o(.text)
    SysCtlFlashSectorSizeGet                 0x00000eaf   Thumb Code    40  sysctl.o(.text)
    SysCtlPeripheralPresent                  0x00000ed7   Thumb Code    52  sysctl.o(.text)
    SysCtlPeripheralReady                    0x00000f0b   Thumb Code    52  sysctl.o(.text)
    SysCtlPeripheralPowerOn                  0x00000f3f   Thumb Code    46  sysctl.o(.text)
    SysCtlPeripheralPowerOff                 0x00000f6d   Thumb Code    46  sysctl.o(.text)
    SysCtlPeripheralReset                    0x00000f9b   Thumb Code   106  sysctl.o(.text)
    SysCtlPeripheralEnable                   0x00001005   Thumb Code    46  sysctl.o(.text)
    SysCtlPeripheralDisable                  0x00001033   Thumb Code    46  sysctl.o(.text)
    SysCtlPeripheralSleepEnable              0x00001061   Thumb Code    46  sysctl.o(.text)
    SysCtlPeripheralSleepDisable             0x0000108f   Thumb Code    46  sysctl.o(.text)
    SysCtlPeripheralDeepSleepEnable          0x000010bd   Thumb Code    46  sysctl.o(.text)
    SysCtlPeripheralDeepSleepDisable         0x000010eb   Thumb Code    46  sysctl.o(.text)
    SysCtlPeripheralClockGating              0x00001119   Thumb Code    82  sysctl.o(.text)
    SysCtlIntRegister                        0x0000116b   Thumb Code    20  sysctl.o(.text)
    SysCtlIntUnregister                      0x0000117f   Thumb Code    16  sysctl.o(.text)
    SysCtlIntEnable                          0x0000118f   Thumb Code    12  sysctl.o(.text)
    SysCtlIntDisable                         0x0000119b   Thumb Code    12  sysctl.o(.text)
    SysCtlIntClear                           0x000011a7   Thumb Code     6  sysctl.o(.text)
    SysCtlIntStatus                          0x000011ad   Thumb Code    16  sysctl.o(.text)
    SysCtlLDOSleepSet                        0x000011bd   Thumb Code     6  sysctl.o(.text)
    SysCtlLDOSleepGet                        0x000011c3   Thumb Code     6  sysctl.o(.text)
    SysCtlLDODeepSleepSet                    0x000011c9   Thumb Code     8  sysctl.o(.text)
    SysCtlLDODeepSleepGet                    0x000011d1   Thumb Code    60  sysctl.o(.text)
    SysCtlSleepPowerSet                      0x0000120d   Thumb Code     6  sysctl.o(.text)
    SysCtlDeepSleepPowerSet                  0x00001213   Thumb Code     8  sysctl.o(.text)
    SysCtlReset                              0x0000121b   Thumb Code    10  sysctl.o(.text)
    SysCtlSleep                              0x00001225   Thumb Code     8  sysctl.o(.text)
    SysCtlDeepSleep                          0x0000122d   Thumb Code    40  sysctl.o(.text)
    SysCtlResetCauseGet                      0x00001255   Thumb Code     6  sysctl.o(.text)
    SysCtlResetCauseClear                    0x0000125b   Thumb Code    12  sysctl.o(.text)
    SysCtlMOSCConfigSet                      0x00001267   Thumb Code     6  sysctl.o(.text)
    SysCtlPIOSCCalibrate                     0x0000126d   Thumb Code    82  sysctl.o(.text)
    SysCtlResetBehaviorSet                   0x000012bf   Thumb Code     8  sysctl.o(.text)
    SysCtlResetBehaviorGet                   0x000012c7   Thumb Code     8  sysctl.o(.text)
    SysCtlClockFreqSet                       0x000012cf   Thumb Code   646  sysctl.o(.text)
    SysCtlClockSet                           0x00001555   Thumb Code   362  sysctl.o(.text)
    SysCtlClockGet                           0x000016bf   Thumb Code   244  sysctl.o(.text)
    SysCtlDeepSleepClockSet                  0x000017b3   Thumb Code     8  sysctl.o(.text)
    SysCtlDeepSleepClockConfigSet            0x000017bb   Thumb Code   140  sysctl.o(.text)
    SysCtlPWMClockSet                        0x00001847   Thumb Code    16  sysctl.o(.text)
    SysCtlPWMClockGet                        0x00001857   Thumb Code    24  sysctl.o(.text)
    SysCtlADCSpeedSet                        0x0000186f   Thumb Code    36  sysctl.o(.text)
    SysCtlADCSpeedGet                        0x00001893   Thumb Code    12  sysctl.o(.text)
    SysCtlGPIOAHBEnable                      0x0000189f   Thumb Code    20  sysctl.o(.text)
    SysCtlGPIOAHBDisable                     0x000018b3   Thumb Code    20  sysctl.o(.text)
    SysCtlUSBPLLEnable                       0x000018c7   Thumb Code    14  sysctl.o(.text)
    SysCtlUSBPLLDisable                      0x000018d5   Thumb Code    14  sysctl.o(.text)
    SysCtlVoltageEventConfig                 0x000018e3   Thumb Code     6  sysctl.o(.text)
    SysCtlVoltageEventStatus                 0x000018e9   Thumb Code     6  sysctl.o(.text)
    SysCtlVoltageEventClear                  0x000018ef   Thumb Code    12  sysctl.o(.text)
    SysCtlNMIStatus                          0x000018fb   Thumb Code     6  sysctl.o(.text)
    SysCtlNMIClear                           0x00001901   Thumb Code    12  sysctl.o(.text)
    SysCtlClockOutConfig                     0x0000190d   Thumb Code    14  sysctl.o(.text)
    SysCtlAltClkConfig                       0x0000191b   Thumb Code     8  sysctl.o(.text)
    LED_GPIO_Config                          0x0000194d   Thumb Code    46  led.o(.text)
    OLED_W_SCL                               0x00001985   Thumb Code    32  oled.o(.text)
    OLED_W_SDA                               0x000019a5   Thumb Code    32  oled.o(.text)
    OLED_GPIO_Init                           0x000019c5   Thumb Code    62  oled.o(.text)
    OLED_I2C_Start                           0x00001a03   Thumb Code    28  oled.o(.text)
    OLED_I2C_Stop                            0x00001a1f   Thumb Code    22  oled.o(.text)
    OLED_I2C_SendByte                        0x00001a35   Thumb Code    62  oled.o(.text)
    OLED_WriteCommand                        0x00001a73   Thumb Code    32  oled.o(.text)
    OLED_WriteData                           0x00001a93   Thumb Code    46  oled.o(.text)
    OLED_SetCursor                           0x00001ac1   Thumb Code    34  oled.o(.text)
    OLED_Update                              0x00001ae3   Thumb Code    36  oled.o(.text)
    OLED_Clear                               0x00001b07   Thumb Code    36  oled.o(.text)
    OLED_Init                                0x00001b2b   Thumb Code   154  oled.o(.text)
    OLED_Pow                                 0x00001bc5   Thumb Code    20  oled.o(.text)
    OLED_pnpoly                              0x00001bd9   Thumb Code   140  oled.o(.text)
    OLED_IsInAngle                           0x00001c65   Thumb Code   144  oled.o(.text)
    OLED_UpdateArea                          0x00001cf5   Thumb Code   148  oled.o(.text)
    OLED_ClearArea                           0x00001d89   Thumb Code   140  oled.o(.text)
    OLED_Reverse                             0x00001e15   Thumb Code    46  oled.o(.text)
    OLED_ReverseArea                         0x00001e43   Thumb Code   140  oled.o(.text)
    OLED_ShowImage                           0x00001ecf   Thumb Code   248  oled.o(.text)
    OLED_ShowChar                            0x00001fc7   Thumb Code    74  oled.o(.text)
    OLED_ShowString                          0x00002011   Thumb Code    46  oled.o(.text)
    OLED_ShowNum                             0x0000203f   Thumb Code    76  oled.o(.text)
    OLED_ShowSignedNum                       0x0000208b   Thumb Code   112  oled.o(.text)
    OLED_ShowHexNum                          0x000020fb   Thumb Code    96  oled.o(.text)
    OLED_ShowBinNum                          0x0000215b   Thumb Code    70  oled.o(.text)
    OLED_ShowFloatNum                        0x000021a1   Thumb Code   270  oled.o(.text)
    OLED_ShowChinese                         0x000022af   Thumb Code   148  oled.o(.text)
    OLED_Printf                              0x00002343   Thumb Code    50  oled.o(.text)
    OLED_DrawPoint                           0x00002375   Thumb Code    76  oled.o(.text)
    OLED_GetPoint                            0x000023c1   Thumb Code    64  oled.o(.text)
    OLED_DrawLine                            0x00002401   Thumb Code   374  oled.o(.text)
    OLED_DrawRectangle                       0x00002577   Thumb Code   142  oled.o(.text)
    OLED_DrawTriangle                        0x00002605   Thumb Code   246  oled.o(.text)
    OLED_DrawCircle                          0x000026fb   Thumb Code   352  oled.o(.text)
    OLED_DrawEllipse                         0x0000285b   Thumb Code   858  oled.o(.text)
    OLED_DrawArc                             0x00002bb5   Thumb Code   626  oled.o(.text)
    main                                     0x00002e27   Thumb Code    28  main.o(.text)
    strcmp                                   0x00002e43   Thumb Code    28  strcmp.o(.text)
    __aeabi_dadd                             0x00002e5f   Thumb Code   322  dadd.o(.text)
    __aeabi_dsub                             0x00002fa1   Thumb Code     6  dadd.o(.text)
    __aeabi_drsub                            0x00002fa7   Thumb Code     6  dadd.o(.text)
    __aeabi_dmul                             0x00002fad   Thumb Code   228  dmul.o(.text)
    __aeabi_ddiv                             0x00003091   Thumb Code   222  ddiv.o(.text)
    __aeabi_i2d                              0x0000316f   Thumb Code    34  dflti.o(.text)
    __aeabi_ui2d                             0x00003191   Thumb Code    26  dfltui.o(.text)
    __aeabi_d2iz                             0x000031ab   Thumb Code    62  dfixi.o(.text)
    __aeabi_d2uiz                            0x000031e9   Thumb Code    50  dfixui.o(.text)
    __aeabi_cdcmpeq                          0x0000321d   Thumb Code     0  cdcmple.o(.text)
    __aeabi_cdcmple                          0x0000321d   Thumb Code    48  cdcmple.o(.text)
    __aeabi_cdrcmple                         0x0000324d   Thumb Code    48  cdrcmple.o(.text)
    __aeabi_d2f                              0x0000327d   Thumb Code    56  d2f.o(.text)
    __aeabi_uidiv                            0x000032b5   Thumb Code     0  uidiv.o(.text)
    __aeabi_uidivmod                         0x000032b5   Thumb Code    44  uidiv.o(.text)
    __aeabi_uldivmod                         0x000032e1   Thumb Code    98  uldiv.o(.text)
    __aeabi_llsl                             0x00003343   Thumb Code    30  llshl.o(.text)
    _ll_shift_l                              0x00003343   Thumb Code     0  llshl.o(.text)
    __aeabi_llsr                             0x00003361   Thumb Code    32  llushr.o(.text)
    _ll_ushift_r                             0x00003361   Thumb Code     0  llushr.o(.text)
    __aeabi_lasr                             0x00003381   Thumb Code    36  llsshr.o(.text)
    _ll_sshift_r                             0x00003381   Thumb Code     0  llsshr.o(.text)
    __I$use$fp                               0x000033a5   Thumb Code     0  iusefp.o(.text)
    _float_round                             0x000033a5   Thumb Code    18  fepilogue.o(.text)
    _float_epilogue                          0x000033b7   Thumb Code    92  fepilogue.o(.text)
    _double_round                            0x00003413   Thumb Code    30  depilogue.o(.text)
    _double_epilogue                         0x00003431   Thumb Code   156  depilogue.o(.text)
    _drnd                                    0x000034cd   Thumb Code   132  drnd.o(.text)
    __aeabi_d2ulz                            0x00003555   Thumb Code    48  dfixul.o(.text)
    __scatterload                            0x00003585   Thumb Code    28  init.o(.text)
    __scatterload_rt2                        0x00003585   Thumb Code     0  init.o(.text)
    __decompress                             0x000035a9   Thumb Code     0  __dczerorl.o(.text)
    __decompress0                            0x000035a9   Thumb Code    58  __dczerorl.o(.text)
    __0vsprintf                              0x000035e5   Thumb Code    30  printfa.o(i.__0vsprintf)
    __1vsprintf                              0x000035e5   Thumb Code     0  printfa.o(i.__0vsprintf)
    __2vsprintf                              0x000035e5   Thumb Code     0  printfa.o(i.__0vsprintf)
    __c89vsprintf                            0x000035e5   Thumb Code     0  printfa.o(i.__0vsprintf)
    vsprintf                                 0x000035e5   Thumb Code     0  printfa.o(i.__0vsprintf)
    __ARM_fpclassify                         0x00003609   Thumb Code    48  fpclassify.o(i.__ARM_fpclassify)
    __hardfp_atan                            0x00003639   Thumb Code   622  atan.o(i.__hardfp_atan)
    __hardfp_atan2                           0x00003911   Thumb Code   432  atan2.o(i.__hardfp_atan2)
    __hardfp_round                           0x00003b01   Thumb Code   194  round.o(i.__hardfp_round)
    __kernel_poly                            0x00003be1   Thumb Code   248  poly.o(i.__kernel_poly)
    __mathlib_dbl_infnan                     0x00003cd9   Thumb Code    20  dunder.o(i.__mathlib_dbl_infnan)
    __mathlib_dbl_infnan2                    0x00003ced   Thumb Code    20  dunder.o(i.__mathlib_dbl_infnan2)
    __mathlib_dbl_underflow                  0x00003d01   Thumb Code    24  dunder.o(i.__mathlib_dbl_underflow)
    __scatterload_copy                       0x00003d21   Thumb Code    14  handlers.o(i.__scatterload_copy)
    __scatterload_null                       0x00003d2f   Thumb Code     2  handlers.o(i.__scatterload_null)
    __scatterload_zeroinit                   0x00003d31   Thumb Code    14  handlers.o(i.__scatterload_zeroinit)
    atan                                     0x000045fd   Thumb Code    16  atan.o(i.atan)
    fabs                                     0x0000460d   Thumb Code    24  fabs.o(i.fabs)
    OLED_F8x16                               0x00004b0c   Data        1520  oled_data.o(.constdata)
    OLED_F6x8                                0x000050fc   Data         570  oled_data.o(.constdata)
    OLED_CF16x16                             0x00005336   Data         245  oled_data.o(.constdata)
    Diode                                    0x0000542b   Data          32  oled_data.o(.constdata)
    __mathlib_zero                           0x000054e8   Data           8  qnan.o(.constdata)
    Region$$Table$$Base                      0x000054f0   Number         0  anon$$obj.o(Region$$Table)
    Region$$Table$$Limit                     0x00005510   Number         0  anon$$obj.o(Region$$Table)
    OLED_DisplayBuf                          0x2000026c   Data        1024  oled.o(.bss)
    __initial_sp                             0x20000870   Data           0  startup_rvmdk.o(STACK)



==============================================================================

Memory Map of the image

  Image Entry point : 0x00000289

  Load Region LR_IROM1 (Base: 0x00000000, Size: 0x0000577c, Max: 0x00040000, ABSOLUTE, COMPRESSED[0x00005518])

    Execution Region ER_IROM1 (Exec base: 0x00000000, Load base: 0x00000000, Size: 0x00005510, Max: 0x00040000, ABSOLUTE)

    Exec Addr    Load Addr    Size         Type   Attr      Idx    E Section Name        Object

    0x00000000   0x00000000   0x00000288   Code   RO          814    RESET               startup_rvmdk.o
    0x00000288   0x00000288   0x00000000   Code   RO          851  * .ARM.Collect$$$$00000000  mc_w.l(entry.o)
    0x00000288   0x00000288   0x00000004   Code   RO          941    .ARM.Collect$$$$00000001  mc_w.l(entry2.o)
    0x0000028c   0x0000028c   0x00000004   Code   RO          944    .ARM.Collect$$$$00000004  mc_w.l(entry5.o)
    0x00000290   0x00000290   0x00000000   Code   RO          946    .ARM.Collect$$$$00000008  mc_w.l(entry7b.o)
    0x00000290   0x00000290   0x00000000   Code   RO          948    .ARM.Collect$$$$0000000A  mc_w.l(entry8b.o)
    0x00000290   0x00000290   0x00000008   Code   RO          949    .ARM.Collect$$$$0000000B  mc_w.l(entry9a.o)
    0x00000298   0x00000298   0x00000000   Code   RO          951    .ARM.Collect$$$$0000000D  mc_w.l(entry10a.o)
    0x00000298   0x00000298   0x00000000   Code   RO          953    .ARM.Collect$$$$0000000F  mc_w.l(entry11a.o)
    0x00000298   0x00000298   0x00000004   Code   RO          942    .ARM.Collect$$$$00002712  mc_w.l(entry2.o)
    0x0000029c   0x0000029c   0x00000026   Code   RO          109    .emb_text           cpu.o
    0x000002c2   0x000002c2   0x00000002   PAD
    0x000002c4   0x000002c4   0x00000006   Code   RO          481    .emb_text           sysctl.o
    0x000002ca   0x000002ca   0x00000002   PAD
    0x000002cc   0x000002cc   0x000007f8   Code   RO          284    .text               gpio.o
    0x00000ac4   0x00000ac4   0x00000330   Code   RO          345    .text               interrupt.o
    0x00000df4   0x00000df4   0x00000b58   Code   RO          482    .text               sysctl.o
    0x0000194c   0x0000194c   0x00000038   Code   RO          638    .text               led.o
    0x00001984   0x00001984   0x000014a2   Code   RO          704    .text               oled.o
    0x00002e26   0x00002e26   0x0000001c   Code   RO          726    .text               main.o
    0x00002e42   0x00002e42   0x0000001c   Code   RO          854    .text               mc_w.l(strcmp.o)
    0x00002e5e   0x00002e5e   0x0000014e   Code   RO          884    .text               mf_w.l(dadd.o)
    0x00002fac   0x00002fac   0x000000e4   Code   RO          886    .text               mf_w.l(dmul.o)
    0x00003090   0x00003090   0x000000de   Code   RO          888    .text               mf_w.l(ddiv.o)
    0x0000316e   0x0000316e   0x00000022   Code   RO          892    .text               mf_w.l(dflti.o)
    0x00003190   0x00003190   0x0000001a   Code   RO          894    .text               mf_w.l(dfltui.o)
    0x000031aa   0x000031aa   0x0000003e   Code   RO          896    .text               mf_w.l(dfixi.o)
    0x000031e8   0x000031e8   0x00000032   Code   RO          898    .text               mf_w.l(dfixui.o)
    0x0000321a   0x0000321a   0x00000002   PAD
    0x0000321c   0x0000321c   0x00000030   Code   RO          900    .text               mf_w.l(cdcmple.o)
    0x0000324c   0x0000324c   0x00000030   Code   RO          902    .text               mf_w.l(cdrcmple.o)
    0x0000327c   0x0000327c   0x00000038   Code   RO          904    .text               mf_w.l(d2f.o)
    0x000032b4   0x000032b4   0x0000002c   Code   RO          958    .text               mc_w.l(uidiv.o)
    0x000032e0   0x000032e0   0x00000062   Code   RO          960    .text               mc_w.l(uldiv.o)
    0x00003342   0x00003342   0x0000001e   Code   RO          962    .text               mc_w.l(llshl.o)
    0x00003360   0x00003360   0x00000020   Code   RO          964    .text               mc_w.l(llushr.o)
    0x00003380   0x00003380   0x00000024   Code   RO          966    .text               mc_w.l(llsshr.o)
    0x000033a4   0x000033a4   0x00000000   Code   RO          975    .text               mc_w.l(iusefp.o)
    0x000033a4   0x000033a4   0x0000006e   Code   RO          976    .text               mf_w.l(fepilogue.o)
    0x00003412   0x00003412   0x000000ba   Code   RO          978    .text               mf_w.l(depilogue.o)
    0x000034cc   0x000034cc   0x00000088   Code   RO          980    .text               mf_w.l(drnd.o)
    0x00003554   0x00003554   0x00000030   Code   RO          982    .text               mf_w.l(dfixul.o)
    0x00003584   0x00003584   0x00000024   Code   RO          988    .text               mc_w.l(init.o)
    0x000035a8   0x000035a8   0x0000003a   Code   RO         1000    .text               mc_w.l(__dczerorl.o)
    0x000035e2   0x000035e2   0x00000002   PAD
    0x000035e4   0x000035e4   0x00000024   Code   RO          863    i.__0vsprintf       mc_w.l(printfa.o)
    0x00003608   0x00003608   0x00000030   Code   RO          984    i.__ARM_fpclassify  m_wm.l(fpclassify.o)
    0x00003638   0x00003638   0x000002d8   Code   RO          906    i.__hardfp_atan     m_wm.l(atan.o)
    0x00003910   0x00003910   0x000001f0   Code   RO          835    i.__hardfp_atan2    m_wm.l(atan2.o)
    0x00003b00   0x00003b00   0x000000e0   Code   RO          847    i.__hardfp_round    m_wm.l(round.o)
    0x00003be0   0x00003be0   0x000000f8   Code   RO          986    i.__kernel_poly     m_wm.l(poly.o)
    0x00003cd8   0x00003cd8   0x00000014   Code   RO          921    i.__mathlib_dbl_infnan  m_wm.l(dunder.o)
    0x00003cec   0x00003cec   0x00000014   Code   RO          922    i.__mathlib_dbl_infnan2  m_wm.l(dunder.o)
    0x00003d00   0x00003d00   0x00000020   Code   RO          926    i.__mathlib_dbl_underflow  m_wm.l(dunder.o)
    0x00003d20   0x00003d20   0x0000000e   Code   RO          994    i.__scatterload_copy  mc_w.l(handlers.o)
    0x00003d2e   0x00003d2e   0x00000002   Code   RO          995    i.__scatterload_null  mc_w.l(handlers.o)
    0x00003d30   0x00003d30   0x0000000e   Code   RO          996    i.__scatterload_zeroinit  mc_w.l(handlers.o)
    0x00003d3e   0x00003d3e   0x00000002   PAD
    0x00003d40   0x00003d40   0x00000184   Code   RO          864    i._fp_digits        mc_w.l(printfa.o)
    0x00003ec4   0x00003ec4   0x000006dc   Code   RO          865    i._printf_core      mc_w.l(printfa.o)
    0x000045a0   0x000045a0   0x00000024   Code   RO          866    i._printf_post_padding  mc_w.l(printfa.o)
    0x000045c4   0x000045c4   0x0000002e   Code   RO          867    i._printf_pre_padding  mc_w.l(printfa.o)
    0x000045f2   0x000045f2   0x0000000a   Code   RO          869    i._sputc            mc_w.l(printfa.o)
    0x000045fc   0x000045fc   0x00000010   Code   RO          908    i.atan              m_wm.l(atan.o)
    0x0000460c   0x0000460c   0x00000018   Code   RO          936    i.fabs              m_wm.l(fabs.o)
    0x00004624   0x00004624   0x00000210   Data   RO          285    .constdata          gpio.o
    0x00004834   0x00004834   0x0000010c   Data   RO          346    .constdata          interrupt.o
    0x00004940   0x00004940   0x000001cc   Data   RO          483    .constdata          sysctl.o
    0x00004b0c   0x00004b0c   0x0000093f   Data   RO          692    .constdata          oled_data.o
    0x0000544b   0x0000544b   0x00000005   PAD
    0x00005450   0x00005450   0x00000098   Data   RO          909    .constdata          m_wm.l(atan.o)
    0x000054e8   0x000054e8   0x00000008   Data   RO          940    .constdata          m_wm.l(qnan.o)
    0x000054f0   0x000054f0   0x00000020   Data   RO          992    Region$$Table       anon$$obj.o


    Execution Region RW_IRAM1 (Exec base: 0x20000000, Load base: 0x00005510, Size: 0x00000870, Max: 0x00008000, ABSOLUTE, COMPRESSED[0x00000008])

    Exec Addr    Load Addr    Size         Type   Attr      Idx    E Section Name        Object

    0x20000000   COMPRESSED   0x0000026c   Data   RW          347    vtable              interrupt.o
    0x2000026c        -       0x00000400   Zero   RW          705    .bss                oled.o
    0x2000066c   COMPRESSED   0x00000004   PAD
    0x20000670        -       0x00000200   Zero   RW          812    STACK               startup_rvmdk.o


==============================================================================

Image component sizes


      Code (inc. data)   RO Data    RW Data    ZI Data      Debug   Object Name

         0          0          0          0          0       4500   adc.o
        38          0          0          0          0        672   cpu.o
      2040         30        528          0          0      14360   gpio.o
       816         46        268        620          0       4868   interrupt.o
        56         10          0          0          0        542   led.o
        28          0          0          0          0        491   main.o
      5282         68          0          0       1024      16360   oled.o
         0          0       2367          0          0       1206   oled_data.o
       648        622          0          0        512        320   startup_rvmdk.o
      2910        154        460          0          0      14613   sysctl.o

    ----------------------------------------------------------------------
     11822        930       3660        620       1540      57932   Object Totals
         0          0         32          0          0          0   (incl. Generated)
         4          0          5          0          4          0   (incl. Padding)

    ----------------------------------------------------------------------

      Code (inc. data)   RO Data    RW Data    ZI Data      Debug   Library Member Name

       744        106        152          0          0        352   atan.o
       496         64          0          0          0        192   atan2.o
        72          8          0          0          0        372   dunder.o
        24          0          0          0          0        124   fabs.o
        48          0          0          0          0        124   fpclassify.o
       248          0          0          0          0        152   poly.o
         0          0          8          0          0          0   qnan.o
       224         30          0          0          0        172   round.o
        58          0          0          0          0          0   __dczerorl.o
         0          0          0          0          0          0   entry.o
         0          0          0          0          0          0   entry10a.o
         0          0          0          0          0          0   entry11a.o
         8          4          0          0          0          0   entry2.o
         4          0          0          0          0          0   entry5.o
         0          0          0          0          0          0   entry7b.o
         0          0          0          0          0          0   entry8b.o
         8          4          0          0          0          0   entry9a.o
        30          0          0          0          0          0   handlers.o
        36          8          0          0          0         68   init.o
         0          0          0          0          0          0   iusefp.o
        30          0          0          0          0         68   llshl.o
        36          0          0          0          0         68   llsshr.o
        32          0          0          0          0         68   llushr.o
      2272         86          0          0          0        516   printfa.o
        28          0          0          0          0         76   strcmp.o
        44          0          0          0          0         80   uidiv.o
        98          0          0          0          0         92   uldiv.o
        48          0          0          0          0         68   cdcmple.o
        48          0          0          0          0         68   cdrcmple.o
        56          0          0          0          0         88   d2f.o
       334          0          0          0          0        148   dadd.o
       222          0          0          0          0        100   ddiv.o
       186          0          0          0          0        176   depilogue.o
        62          0          0          0          0         80   dfixi.o
        50          0          0          0          0         76   dfixui.o
        48          0          0          0          0         68   dfixul.o
        34          0          0          0          0         76   dflti.o
        26          0          0          0          0         76   dfltui.o
       228          0          0          0          0         96   dmul.o
       136          4          0          0          0         92   drnd.o
       110          0          0          0          0        168   fepilogue.o

    ----------------------------------------------------------------------
      6134        314        160          0          0       3904   Library Totals
         6          0          0          0          0          0   (incl. Padding)

    ----------------------------------------------------------------------

      Code (inc. data)   RO Data    RW Data    ZI Data      Debug   Library Name

      1856        208        160          0          0       1488   m_wm.l
      2684        102          0          0          0       1036   mc_w.l
      1588          4          0          0          0       1380   mf_w.l

    ----------------------------------------------------------------------
      6134        314        160          0          0       3904   Library Totals

    ----------------------------------------------------------------------

==============================================================================


      Code (inc. data)   RO Data    RW Data    ZI Data      Debug   

     17956       1244       3820        620       1540      58620   Grand Totals
     17956       1244       3820          8       1540      58620   ELF Image Totals (compressed)
     17956       1244       3820          8          0          0   ROM Totals

==============================================================================

    Total RO  Size (Code + RO Data)                21776 (  21.27kB)
    Total RW  Size (RW Data + ZI Data)              2160 (   2.11kB)
    Total ROM Size (Code + RO Data + RW Data)      21784 (  21.27kB)

==============================================================================

