Component: ARM Compiler 5.06 update 5 (build 528) Tool: armlink [4d35e2]

==============================================================================

Section Cross References

    main.o(i.Load_Drow_Dialog) refers to lcd.o(i.LCD_Clear) for LCD_Clear
    main.o(i.Load_Drow_Dialog) refers to lcd.o(i.LCD_ShowString) for LCD_ShowString
    main.o(i.Load_Drow_Dialog) refers to lcd.o(.data) for POINT_COLOR
    main.o(i.Load_Drow_Dialog) refers to lcd.o(.bss) for lcddev
    main.o(i.ctp_test) refers to main.o(i.lcd_draw_bline) for lcd_draw_bline
    main.o(i.ctp_test) refers to main.o(i.Load_Drow_Dialog) for Load_Drow_Dialog
    main.o(i.ctp_test) refers to delay.o(i.delay_ms) for delay_ms
    main.o(i.ctp_test) refers to touch.o(.data) for tp_dev
    main.o(i.ctp_test) refers to lcd.o(.bss) for lcddev
    main.o(i.ctp_test) refers to main.o(.constdata) for POINT_COLOR_TBL
    main.o(i.gui_draw_hline) refers to lcd.o(i.LCD_Fill) for LCD_Fill
    main.o(i.gui_fill_circle) refers to main.o(i.gui_draw_hline) for gui_draw_hline
    main.o(i.lcd_draw_bline) refers to main.o(i.gui_fill_circle) for gui_fill_circle
    main.o(i.main) refers to stm32f1xx_hal.o(i.HAL_Init) for HAL_Init
    main.o(i.main) refers to sys.o(i.Stm32_Clock_Init) for Stm32_Clock_Init
    main.o(i.main) refers to delay.o(i.delay_init) for delay_init
    main.o(i.main) refers to usart.o(i.uart_init) for uart_init
    main.o(i.main) refers to led.o(i.LED_Init) for LED_Init
    main.o(i.main) refers to key.o(i.KEY_Init) for KEY_Init
    main.o(i.main) refers to lcd.o(i.LCD_Init) for LCD_Init
    main.o(i.main) refers to lcd.o(i.LCD_ShowString) for LCD_ShowString
    main.o(i.main) refers to delay.o(i.delay_ms) for delay_ms
    main.o(i.main) refers to main.o(i.Load_Drow_Dialog) for Load_Drow_Dialog
    main.o(i.main) refers to main.o(i.ctp_test) for ctp_test
    main.o(i.main) refers to main.o(i.rtp_test) for rtp_test
    main.o(i.main) refers to usmart_config.o(.data) for usmart_dev
    main.o(i.main) refers to touch.o(.data) for tp_dev
    main.o(i.main) refers to lcd.o(.data) for POINT_COLOR
    main.o(i.rtp_test) refers to key.o(i.KEY_Scan) for KEY_Scan
    main.o(i.rtp_test) refers to main.o(i.Load_Drow_Dialog) for Load_Drow_Dialog
    main.o(i.rtp_test) refers to touch.o(i.TP_Draw_Big_Point) for TP_Draw_Big_Point
    main.o(i.rtp_test) refers to delay.o(i.delay_ms) for delay_ms
    main.o(i.rtp_test) refers to lcd.o(i.LCD_Clear) for LCD_Clear
    main.o(i.rtp_test) refers to touch.o(i.TP_Adjust) for TP_Adjust
    main.o(i.rtp_test) refers to touch.o(i.TP_Save_Adjdata) for TP_Save_Adjdata
    main.o(i.rtp_test) refers to touch.o(.data) for tp_dev
    main.o(i.rtp_test) refers to lcd.o(.bss) for lcddev
    stm32f1xx_it.o(i.SysTick_Handler) refers to stm32f1xx_hal.o(i.HAL_IncTick) for HAL_IncTick
    system_stm32f1xx.o(i.SystemCoreClockUpdate) refers to system_stm32f1xx.o(.data) for SystemCoreClock
    system_stm32f1xx.o(i.SystemCoreClockUpdate) refers to system_stm32f1xx.o(.constdata) for AHBPrescTable
    startup_stm32f103xe.o(STACK) refers (Special) to heapauxi.o(.text) for __use_two_region_memory
    startup_stm32f103xe.o(HEAP) refers (Special) to heapauxi.o(.text) for __use_two_region_memory
    startup_stm32f103xe.o(RESET) refers (Special) to heapauxi.o(.text) for __use_two_region_memory
    startup_stm32f103xe.o(RESET) refers to startup_stm32f103xe.o(STACK) for __initial_sp
    startup_stm32f103xe.o(RESET) refers to startup_stm32f103xe.o(.text) for Reset_Handler
    startup_stm32f103xe.o(RESET) refers to stm32f1xx_it.o(i.NMI_Handler) for NMI_Handler
    startup_stm32f103xe.o(RESET) refers to stm32f1xx_it.o(i.HardFault_Handler) for HardFault_Handler
    startup_stm32f103xe.o(RESET) refers to stm32f1xx_it.o(i.MemManage_Handler) for MemManage_Handler
    startup_stm32f103xe.o(RESET) refers to stm32f1xx_it.o(i.BusFault_Handler) for BusFault_Handler
    startup_stm32f103xe.o(RESET) refers to stm32f1xx_it.o(i.UsageFault_Handler) for UsageFault_Handler
    startup_stm32f103xe.o(RESET) refers to stm32f1xx_it.o(i.SVC_Handler) for SVC_Handler
    startup_stm32f103xe.o(RESET) refers to stm32f1xx_it.o(i.DebugMon_Handler) for DebugMon_Handler
    startup_stm32f103xe.o(RESET) refers to stm32f1xx_it.o(i.PendSV_Handler) for PendSV_Handler
    startup_stm32f103xe.o(RESET) refers to stm32f1xx_it.o(i.SysTick_Handler) for SysTick_Handler
    startup_stm32f103xe.o(RESET) refers to usmart.o(i.TIM4_IRQHandler) for TIM4_IRQHandler
    startup_stm32f103xe.o(RESET) refers to usart.o(i.USART1_IRQHandler) for USART1_IRQHandler
    startup_stm32f103xe.o(.text) refers (Special) to heapauxi.o(.text) for __use_two_region_memory
    startup_stm32f103xe.o(.text) refers to system_stm32f1xx.o(i.SystemInit) for SystemInit
    startup_stm32f103xe.o(.text) refers to __main.o(!!!main) for __main
    startup_stm32f103xe.o(.text) refers to startup_stm32f103xe.o(HEAP) for Heap_Mem
    startup_stm32f103xe.o(.text) refers to startup_stm32f103xe.o(STACK) for Stack_Mem
[...]
    i.usmart_init                            0x08008bb4   Section        0  usmart.o(i.usmart_init)
    i.usmart_pow                             0x08008bdc   Section        0  usmart_str.o(i.usmart_pow)
    i.usmart_reset_runtime                   0x08008bf4   Section        0  usmart.o(i.usmart_reset_runtime)
    i.usmart_scan                            0x08008c28   Section        0  usmart.o(i.usmart_scan)
    i.usmart_search_nextc                    0x08008ce4   Section        0  usmart_str.o(i.usmart_search_nextc)
    i.usmart_str2num                         0x08008cfa   Section        0  usmart_str.o(i.usmart_str2num)
    i.usmart_strcmp                          0x08008e00   Section        0  usmart_str.o(i.usmart_strcmp)
    i.usmart_strcopy                         0x08008e22   Section        0  usmart_str.o(i.usmart_strcopy)
    i.usmart_strlen                          0x08008e38   Section        0  usmart_str.o(i.usmart_strlen)
    i.usmart_sys_cmd_exe                     0x08008e50   Section        0  usmart.o(i.usmart_sys_cmd_exe)
    i.write_addr                             0x08009544   Section        0  usmart.o(i.write_addr)
    x$fpl$dadd                               0x08009548   Section      336  daddsub_clz.o(x$fpl$dadd)
    _dadd1                                   0x08009559   Thumb Code     0  daddsub_clz.o(x$fpl$dadd)
    x$fpl$dcmpinf                            0x08009698   Section       24  dcmpi.o(x$fpl$dcmpinf)
    x$fpl$dfixu                              0x080096b0   Section       90  dfixu.o(x$fpl$dfixu)
    x$fpl$dflt                               0x0800970a   Section       46  dflt_clz.o(x$fpl$dflt)
    x$fpl$dfltu                              0x08009738   Section       38  dflt_clz.o(x$fpl$dfltu)
    x$fpl$dleqf                              0x08009760   Section      120  dleqf.o(x$fpl$dleqf)
    x$fpl$dmul                               0x080097d8   Section      340  dmul.o(x$fpl$dmul)
    x$fpl$dnaninf                            0x0800992c   Section      156  dnaninf.o(x$fpl$dnaninf)
    x$fpl$dretinf                            0x080099c8   Section       12  dretinf.o(x$fpl$dretinf)
    x$fpl$drleqf                             0x080099d4   Section      108  drleqf.o(x$fpl$drleqf)
    x$fpl$drsb                               0x08009a40   Section       22  daddsub_clz.o(x$fpl$drsb)
    x$fpl$dsqrt                              0x08009a58   Section      460  dsqrt_noumaal.o(x$fpl$dsqrt)
    x$fpl$dsub                               0x08009c24   Section      468  daddsub_clz.o(x$fpl$dsub)
    _dsub1                                   0x08009c35   Thumb Code     0  daddsub_clz.o(x$fpl$dsub)
    x$fpl$f2d                                0x08009df8   Section       86  f2d.o(x$fpl$f2d)
    x$fpl$fadd                               0x08009e50   Section      196  faddsub_clz.o(x$fpl$fadd)
    _fadd1                                   0x08009e5f   Thumb Code     0  faddsub_clz.o(x$fpl$fadd)
    x$fpl$fdiv                               0x08009f14   Section      388  fdiv.o(x$fpl$fdiv)
    _fdiv1                                   0x08009f15   Thumb Code     0  fdiv.o(x$fpl$fdiv)
    x$fpl$ffix                               0x0800a098   Section       54  ffix.o(x$fpl$ffix)
    x$fpl$ffixu                              0x0800a0d0   Section       62  ffixu.o(x$fpl$ffixu)
    x$fpl$fflt                               0x0800a110   Section       48  fflt_clz.o(x$fpl$fflt)
    x$fpl$ffltu                              0x0800a140   Section       38  fflt_clz.o(x$fpl$ffltu)
    x$fpl$fmul                               0x0800a168   Section      258  fmul.o(x$fpl$fmul)
    x$fpl$fnaninf                            0x0800a26a   Section      140  fnaninf.o(x$fpl$fnaninf)
    x$fpl$fretinf                            0x0800a2f6   Section       10  fretinf.o(x$fpl$fretinf)
    x$fpl$fsub                               0x0800a300   Section      234  faddsub_clz.o(x$fpl$fsub)
    _fsub1                                   0x0800a30f   Thumb Code     0  faddsub_clz.o(x$fpl$fsub)
    .constdata                               0x0800a3ea   Section       10  main.o(.constdata)
    x$fpl$usenofp                            0x0800a3ea   Section        0  usenofp.o(x$fpl$usenofp)
    .constdata                               0x0800a3f4   Section       24  system_stm32f1xx.o(.constdata)
    .constdata                               0x0800a40c   Section     6080  lcd.o(.constdata)
    .constdata                               0x0800bbcc   Section       20  ft5206.o(.constdata)
    .constdata                               0x0800bbe0   Section      194  gt9147.o(.constdata)
    .constdata                               0x0800bca2   Section       10  ott2001a.o(.constdata)
    .constdata                               0x0800bcac   Section        4  touch.o(.constdata)
    .constdata                               0x0800bcb0   Section       40  _printf_hex_int.o(.constdata)
    uc_hextab                                0x0800bcb0   Data          20  _printf_hex_int.o(.constdata)
    lc_hextab                                0x0800bcc4   Data          20  _printf_hex_int.o(.constdata)
    .constdata                               0x0800bcd8   Section       17  __printf_flags_ss_wp.o(.constdata)
    maptable                                 0x0800bcd8   Data          17  __printf_flags_ss_wp.o(.constdata)
    .conststring                             0x0800bcec   Section      121  touch.o(.conststring)
    .conststring                             0x0800bd68   Section       40  usmart.o(.conststring)
    .conststring                             0x0800bd90   Section      107  usmart_config.o(.conststring)
    .data                                    0x20000000   Section        4  system_stm32f1xx.o(.data)
    .data                                    0x20000004   Section        9  stm32f1xx_hal.o(.data)
    .data                                    0x20000010   Section        4  delay.o(.data)
    fac_us                                   0x20000010   Data           4  delay.o(.data)
    .data                                    0x20000014   Section        7  usart.o(.data)
    .data                                    0x2000001c   Section        4  lcd.o(.data)
    .data                                    0x20000020   Section        1  key.o(.data)
    key_up                                   0x20000020   Data           1  key.o(.data)
    .data                                    0x20000021   Section        7  ft5206.o(.data)
    t                                        0x20000027   Data           1  ft5206.o(.data)
    .data                                    0x20000028   Section        1  gt9147.o(.data)
    t                                        0x20000028   Data           1  gt9147.o(.data)
    .data                                    0x20000029   Section        1  ott2001a.o(.data)
    t                                        0x20000029   Data           1  ott2001a.o(.data)
    .data                                    0x2000002c   Section       54  touch.o(.data)
    .data                                    0x20000064   Section       28  usmart.o(.data)
    .data                                    0x20000080   Section      276  usmart_config.o(.data)
    .bss                                     0x20000194   Section      264  usart.o(.bss)
    .bss                                     0x2000029c   Section       14  lcd.o(.bss)
    .bss                                     0x200002ac   Section       64  usmart.o(.bss)
    .bss                                     0x200002ec   Section       96  libspace.o(.bss)
    HEAP                                     0x20000350   Section      512  startup_stm32f103xe.o(HEAP)
    Heap_Mem                                 0x20000350   Data         512  startup_stm32f103xe.o(HEAP)
    STACK                                    0x20000550   Section     1024  startup_stm32f103xe.o(STACK)
    Stack_Mem                                0x20000550   Data        1024  startup_stm32f103xe.o(STACK)
    __initial_sp                             0x20000950   Data           0  startup_stm32f103xe.o(STACK)

    Global Symbols

    Symbol Name                              Value     Ov Type        Size  Object(Section)

    BuildAttributes$$THM_ISAv4$P$D$K$B$S$PE$A:L22UL41UL21$X:L11$S22US41US21$IEEE1$IW$USESV6$~STKCKD$USESV7$~SHL$OTIME$ROPI$IEEEJ$EBA8$UX$STANDARDLIB$REQ8$PRES8$EABIv2 0x00000000   Number         0  anon$$obj.o ABSOLUTE
    __ARM_use_no_argv                        0x00000000   Number         0  main.o ABSOLUTE
    _printf_flags                            0x00000000   Number         0  printf_stubs.o ABSOLUTE
    _printf_return_value                     0x00000000   Number         0  printf_stubs.o ABSOLUTE
    _printf_sizespec                         0x00000000   Number         0  printf_stubs.o ABSOLUTE
    _printf_widthprec                        0x00000000   Number         0  printf_stubs.o ABSOLUTE
    __ARM_exceptions_init                     - Undefined Weak Reference
    __alloca_initialize                       - Undefined Weak Reference
    __arm_preinit_                            - Undefined Weak Reference
    __cpp_initialize__aeabi_                  - Undefined Weak Reference
    __cxa_finalize                            - Undefined Weak Reference
    __rt_locale                               - Undefined Weak Reference
    __sigvec_lookup                           - Undefined Weak Reference
    _atexit_init                              - Undefined Weak Reference
    _call_atexit_fns                          - Undefined Weak Reference
    _clock_init                               - Undefined Weak Reference
    _fp_trap_init                             - Undefined Weak Reference
    _fp_trap_shutdown                         - Undefined Weak Reference
    _get_lc_collate                           - Undefined Weak Reference
    _get_lc_ctype                             - Undefined Weak Reference
    _get_lc_monetary                          - Undefined Weak Reference
    _get_lc_numeric                           - Undefined Weak Reference
    _get_lc_time                              - Undefined Weak Reference
    _getenv_init                              - Undefined Weak Reference
    _handle_redirection                       - Undefined Weak Reference
    _init_alloc                               - Undefined Weak Reference
    _init_user_alloc                          - Undefined Weak Reference
    _initio                                   - Undefined Weak Reference
    _mutex_acquire                            - Undefined Weak Reference
    _mutex_release                            - Undefined Weak Reference
    _printf_mbtowc                            - Undefined Weak Reference
    _printf_truncate_signed                   - Undefined Weak Reference
    _printf_truncate_unsigned                 - Undefined Weak Reference
    _rand_init                                - Undefined Weak Reference
    _signal_finish                            - Undefined Weak Reference
    _signal_init                              - Undefined Weak Reference
    _terminate_alloc                          - Undefined Weak Reference
    _terminate_user_alloc                     - Undefined Weak Reference
    _terminateio                              - Undefined Weak Reference
    __Vectors_Size                           0x00000130   Number         0  startup_stm32f103xe.o ABSOLUTE
    __Vectors                                0x08000000   Data           4  startup_stm32f103xe.o(RESET)
    __Vectors_End                            0x08000130   Data           0  startup_stm32f103xe.o(RESET)
    __main                                   0x08000131   Thumb Code     8  __main.o(!!!main)
    __scatterload                            0x08000139   Thumb Code     0  __scatter.o(!!!scatter)
    __scatterload_rt2                        0x08000139   Thumb Code    44  __scatter.o(!!!scatter)
    __scatterload_rt2_thumb_only             0x08000139   Thumb Code     0  __scatter.o(!!!scatter)
    __scatterload_null                       0x08000147   Thumb Code     0  __scatter.o(!!!scatter)
    __decompress                             0x0800016d   Thumb Code    90  __dczerorl2.o(!!dczerorl2)
    __decompress1                            0x0800016d   Thumb Code     0  __dczerorl2.o(!!dczerorl2)
    __scatterload_zeroinit                   0x080001c9   Thumb Code    28  __scatter_zi.o(!!handler_zi)
    _printf_d                                0x080001e5   Thumb Code     0  _printf_d.o(.ARM.Collect$$_printf_percent$$00000009)
    _printf_percent                          0x080001e5   Thumb Code     0  _printf_percent.o(.ARM.Collect$$_printf_percent$$00000000)
    _printf_u                                0x080001eb   Thumb Code     0  _printf_u.o(.ARM.Collect$$_printf_percent$$0000000A)
    _printf_x                                0x080001f1   Thumb Code     0  _printf_x.o(.ARM.Collect$$_printf_percent$$0000000C)
    _printf_c                                0x080001f7   Thumb Code     0  _printf_c.o(.ARM.Collect$$_printf_percent$$00000013)
    _printf_s                                0x080001fd   Thumb Code     0  _printf_s.o(.ARM.Collect$$_printf_percent$$00000014)
    _printf_percent_end                      0x08000203   Thumb Code     0  _printf_percent_end.o(.ARM.Collect$$_printf_percent$$00000017)
    __rt_lib_init                            0x08000207   Thumb Code     0  libinit.o(.ARM.Collect$$libinit$$00000000)
    __rt_lib_init_alloca_1                   0x08000209   Thumb Code     0  libinit2.o(.ARM.Collect$$libinit$$0000002E)
    __rt_lib_init_argv_1                     0x08000209   Thumb Code     0  libinit2.o(.ARM.Collect$$libinit$$0000002C)
    __rt_lib_init_atexit_1                   0x08000209   Thumb Code     0  libinit2.o(.ARM.Collect$$libinit$$0000001B)
    __rt_lib_init_clock_1                    0x08000209   Thumb Code     0  libinit2.o(.ARM.Collect$$libinit$$00000021)
    __rt_lib_init_cpp_1                      0x08000209   Thumb Code     0  libinit2.o(.ARM.Collect$$libinit$$00000032)
    __rt_lib_init_exceptions_1               0x08000209   Thumb Code     0  libinit2.o(.ARM.Collect$$libinit$$00000030)
    __rt_lib_init_fp_1                       0x08000209   Thumb Code     0  libinit2.o(.ARM.Collect$$libinit$$00000002)
    __rt_lib_init_fp_trap_1                  0x08000209   Thumb Code     0  libinit2.o(.ARM.Collect$$libinit$$0000001F)
    __rt_lib_init_getenv_1                   0x08000209   Thumb Code     0  libinit2.o(.ARM.Collect$$libinit$$00000023)
    __rt_lib_init_heap_1                     0x08000209   Thumb Code     0  libinit2.o(.ARM.Collect$$libinit$$0000000A)
    __rt_lib_init_lc_collate_1               0x08000209   Thumb Code     0  libinit2.o(.ARM.Collect$$libinit$$00000011)
    __rt_lib_init_lc_ctype_1                 0x08000209   Thumb Code     0  libinit2.o(.ARM.Collect$$libinit$$00000013)
    __rt_lib_init_lc_monetary_1              0x08000209   Thumb Code     0  libinit2.o(.ARM.Collect$$libinit$$00000015)
    __rt_lib_init_lc_numeric_1               0x08000209   Thumb Code     0  libinit2.o(.ARM.Collect$$libinit$$00000017)
    __rt_lib_init_lc_time_1                  0x08000209   Thumb Code     0  libinit2.o(.ARM.Collect$$libinit$$00000019)
    __rt_lib_init_preinit_1                  0x08000209   Thumb Code     0  libinit2.o(.ARM.Collect$$libinit$$00000004)
    __rt_lib_init_rand_1                     0x08000209   Thumb Code     0  libinit2.o(.ARM.Collect$$libinit$$0000000E)
    __rt_lib_init_return                     0x08000209   Thumb Code     0  libinit2.o(.ARM.Collect$$libinit$$00000033)
    __rt_lib_init_signal_1                   0x08000209   Thumb Code     0  libinit2.o(.ARM.Collect$$libinit$$0000001D)
    __rt_lib_init_stdio_1                    0x08000209   Thumb Code     0  libinit2.o(.ARM.Collect$$libinit$$00000025)
    __rt_lib_init_user_alloc_1               0x08000209   Thumb Code     0  libinit2.o(.ARM.Collect$$libinit$$0000000C)
    __rt_lib_shutdown                        0x0800020b   Thumb Code     0  libshutdown.o(.ARM.Collect$$libshutdown$$00000000)
    __rt_lib_shutdown_cpp_1                  0x0800020d   Thumb Code     0  libshutdown2.o(.ARM.Collect$$libshutdown$$00000002)
    __rt_lib_shutdown_fp_trap_1              0x0800020d   Thumb Code     0  libshutdown2.o(.ARM.Collect$$libshutdown$$00000007)
    __rt_lib_shutdown_heap_1                 0x0800020d   Thumb Code     0  libshutdown2.o(.ARM.Collect$$libshutdown$$0000000F)
    __rt_lib_shutdown_return                 0x0800020d   Thumb Code     0  libshutdown2.o(.ARM.Collect$$libshutdown$$00000010)
    __rt_lib_shutdown_signal_1               0x0800020d   Thumb Code     0  libshutdown2.o(.ARM.Collect$$libshutdown$$0000000A)
    __rt_lib_shutdown_stdio_1                0x0800020d   Thumb Code     0  libshutdown2.o(.ARM.Collect$$libshutdown$$00000004)
    __rt_lib_shutdown_user_alloc_1           0x0800020d   Thumb Code     0  libshutdown2.o(.ARM.Collect$$libshutdown$$0000000C)
    __rt_entry                               0x0800020f   Thumb Code     0  __rtentry.o(.ARM.Collect$$rtentry$$00000000)
    __rt_entry_presh_1                       0x0800020f   Thumb Code     0  __rtentry2.o(.ARM.Collect$$rtentry$$00000002)
    __rt_entry_sh                            0x0800020f   Thumb Code     0  __rtentry4.o(.ARM.Collect$$rtentry$$00000004)
    __rt_entry_li                            0x08000215   Thumb Code     0  __rtentry2.o(.ARM.Collect$$rtentry$$0000000A)
    __rt_entry_postsh_1                      0x08000215   Thumb Code     0  __rtentry2.o(.ARM.Collect$$rtentry$$00000009)
    __rt_entry_main                          0x08000219   Thumb Code     0  __rtentry2.o(.ARM.Collect$$rtentry$$0000000D)
    __rt_entry_postli_1                      0x08000219   Thumb Code     0  __rtentry2.o(.ARM.Collect$$rtentry$$0000000C)
    __rt_exit                                0x08000221   Thumb Code     0  rtexit.o(.ARM.Collect$$rtexit$$00000000)
    __rt_exit_ls                             0x08000223   Thumb Code     0  rtexit2.o(.ARM.Collect$$rtexit$$00000003)
    __rt_exit_prels_1                        0x08000223   Thumb Code     0  rtexit2.o(.ARM.Collect$$rtexit$$00000002)
    __rt_exit_exit                           0x08000227   Thumb Code     0  rtexit2.o(.ARM.Collect$$rtexit$$00000004)
    Reset_Handler                            0x0800022d   Thumb Code     8  startup_stm32f103xe.o(.text)
    ADC1_2_IRQHandler                        0x08000247   Thumb Code     0  startup_stm32f103xe.o(.text)
    ADC3_IRQHandler                          0x08000247   Thumb Code     0  startup_stm32f103xe.o(.text)
    CAN1_RX1_IRQHandler                      0x08000247   Thumb Code     0  startup_stm32f103xe.o(.text)
    CAN1_SCE_IRQHandler                      0x08000247   Thumb Code     0  startup_stm32f103xe.o(.text)
    DMA1_Channel1_IRQHandler                 0x08000247   Thumb Code     0  startup_stm32f103xe.o(.text)
    DMA1_Channel2_IRQHandler                 0x08000247   Thumb Code     0  startup_stm32f103xe.o(.text)
    DMA1_Channel3_IRQHandler                 0x08000247   Thumb Code     0  startup_stm32f103xe.o(.text)
    DMA1_Channel4_IRQHandler                 0x08000247   Thumb Code     0  startup_stm32f103xe.o(.text)
    DMA1_Channel5_IRQHandler                 0x08000247   Thumb Code     0  startup_stm32f103xe.o(.text)
    DMA1_Channel6_IRQHandler                 0x08000247   Thumb Code     0  startup_stm32f103xe.o(.text)
    DMA1_Channel7_IRQHandler                 0x08000247   Thumb Code     0  startup_stm32f103xe.o(.text)
    DMA2_Channel1_IRQHandler                 0x08000247   Thumb Code     0  startup_stm32f103xe.o(.text)
    DMA2_Channel2_IRQHandler                 0x08000247   Thumb Code     0  startup_stm32f103xe.o(.text)
    DMA2_Channel3_IRQHandler                 0x08000247   Thumb Code     0  startup_stm32f103xe.o(.text)
    DMA2_Channel4_5_IRQHandler               0x08000247   Thumb Code     0  startup_stm32f103xe.o(.text)
    EXTI0_IRQHandler                         0x08000247   Thumb Code     0  startup_stm32f103xe.o(.text)
    EXTI15_10_IRQHandler                     0x08000247   Thumb Code     0  startup_stm32f103xe.o(.text)
    EXTI1_IRQHandler                         0x08000247   Thumb Code     0  startup_stm32f103xe.o(.text)
    EXTI2_IRQHandler                         0x08000247   Thumb Code     0  startup_stm32f103xe.o(.text)
    EXTI3_IRQHandler                         0x08000247   Thumb Code     0  startup_stm32f103xe.o(.text)
    EXTI4_IRQHandler                         0x08000247   Thumb Code     0  startup_stm32f103xe.o(.text)
    EXTI9_5_IRQHandler                       0x08000247   Thumb Code     0  startup_stm32f103xe.o(.text)
    FLASH_IRQHandler                         0x08000247   Thumb Code     0  startup_stm32f103xe.o(.text)
    FSMC_IRQHandler                          0x08000247   Thumb Code     0  startup_stm32f103xe.o(.text)
    I2C1_ER_IRQHandler                       0x08000247   Thumb Code     0  startup_stm32f103xe.o(.text)
    I2C1_EV_IRQHandler                       0x08000247   Thumb Code     0  startup_stm32f103xe.o(.text)
    I2C2_ER_IRQHandler                       0x08000247   Thumb Code     0  startup_stm32f103xe.o(.text)
    I2C2_EV_IRQHandler                       0x08000247   Thumb Code     0  startup_stm32f103xe.o(.text)
    PVD_IRQHandler                           0x08000247   Thumb Code     0  startup_stm32f103xe.o(.text)
    RCC_IRQHandler                           0x08000247   Thumb Code     0  startup_stm32f103xe.o(.text)
    RTC_Alarm_IRQHandler                     0x08000247   Thumb Code     0  startup_stm32f103xe.o(.text)
    RTC_IRQHandler                           0x08000247   Thumb Code     0  startup_stm32f103xe.o(.text)
    SDIO_IRQHandler                          0x08000247   Thumb Code     0  startup_stm32f103xe.o(.text)
    SPI1_IRQHandler                          0x08000247   Thumb Code     0  startup_stm32f103xe.o(.text)
    SPI2_IRQHandler                          0x08000247   Thumb Code     0  startup_stm32f103xe.o(.text)
    SPI3_IRQHandler                          0x08000247   Thumb Code     0  startup_stm32f103xe.o(.text)
    TAMPER_IRQHandler                        0x08000247   Thumb Code     0  startup_stm32f103xe.o(.text)
    TIM1_BRK_IRQHandler                      0x08000247   Thumb Code     0  startup_stm32f103xe.o(.text)
    TIM1_CC_IRQHandler                       0x08000247   Thumb Code     0  startup_stm32f103xe.o(.text)
    TIM1_TRG_COM_IRQHandler                  0x08000247   Thumb Code     0  startup_stm32f103xe.o(.text)
    TIM1_UP_IRQHandler                       0x08000247   Thumb Code     0  startup_stm32f103xe.o(.text)
    TIM2_IRQHandler                          0x08000247   Thumb Code     0  startup_stm32f103xe.o(.text)
    TIM3_IRQHandler                          0x08000247   Thumb Code     0  startup_stm32f103xe.o(.text)
    TIM5_IRQHandler                          0x08000247   Thumb Code     0  startup_stm32f103xe.o(.text)
    TIM6_IRQHandler                          0x08000247   Thumb Code     0  startup_stm32f103xe.o(.text)
    TIM7_IRQHandler                          0x08000247   Thumb Code     0  startup_stm32f103xe.o(.text)
    TIM8_BRK_IRQHandler                      0x08000247   Thumb Code     0  startup_stm32f103xe.o(.text)
    TIM8_CC_IRQHandler                       0x08000247   Thumb Code     0  startup_stm32f103xe.o(.text)
    TIM8_TRG_COM_IRQHandler                  0x08000247   Thumb Code     0  startup_stm32f103xe.o(.text)
    TIM8_UP_IRQHandler                       0x08000247   Thumb Code     0  startup_stm32f103xe.o(.text)
    UART4_IRQHandler                         0x08000247   Thumb Code     0  startup_stm32f103xe.o(.text)
    UART5_IRQHandler                         0x08000247   Thumb Code     0  startup_stm32f103xe.o(.text)
    USART2_IRQHandler                        0x08000247   Thumb Code     0  startup_stm32f103xe.o(.text)
    USART3_IRQHandler                        0x08000247   Thumb Code     0  startup_stm32f103xe.o(.text)
    USBWakeUp_IRQHandler                     0x08000247   Thumb Code     0  startup_stm32f103xe.o(.text)
    USB_HP_CAN1_TX_IRQHandler                0x08000247   Thumb Code     0  startup_stm32f103xe.o(.text)
    USB_LP_CAN1_RX0_IRQHandler               0x08000247   Thumb Code     0  startup_stm32f103xe.o(.text)
    WWDG_IRQHandler                          0x08000247   Thumb Code     0  startup_stm32f103xe.o(.text)
    __user_initial_stackheap                 0x08000249   Thumb Code     0  startup_stm32f103xe.o(.text)
    __use_no_semihosting                     0x0800026d   Thumb Code     2  use_no_semi_2.o(.text)
    __2printf                                0x08000271   Thumb Code    20  noretval__2printf.o(.text)
    _printf_pre_padding                      0x08000289   Thumb Code    44  _printf_pad.o(.text)
    _printf_post_padding                     0x080002b5   Thumb Code    34  _printf_pad.o(.text)
    _printf_str                              0x080002d7   Thumb Code    82  _printf_str.o(.text)
    _printf_int_dec                          0x08000329   Thumb Code   104  _printf_dec.o(.text)
    _printf_int_hex                          0x080003a1   Thumb Code    84  _printf_hex_int.o(.text)
    _printf_longlong_hex                     0x080003a1   Thumb Code     0  _printf_hex_int.o(.text)
    __printf                                 0x080003f9   Thumb Code   388  __printf_flags_ss_wp.o(.text)
    strcmp                                   0x08000581   Thumb Code   128  strcmpv7m.o(.text)
    __use_two_region_memory                  0x08000601   Thumb Code     2  heapauxi.o(.text)
    __rt_heap_escrow$2region                 0x08000603   Thumb Code     2  heapauxi.o(.text)
    __rt_heap_expand$2region                 0x08000605   Thumb Code     2  heapauxi.o(.text)
    __I$use$semihosting                      0x08000607   Thumb Code     0  use_no_semi.o(.text)
    __use_no_semihosting_swi                 0x08000607   Thumb Code     2  use_no_semi.o(.text)
    __read_errno                             0x08000609   Thumb Code    10  _rserrno.o(.text)
    __set_errno                              0x08000613   Thumb Code    12  _rserrno.o(.text)
    _printf_int_common                       0x0800061f   Thumb Code   178  _printf_intcommon.o(.text)
    _printf_cs_common                        0x080006d1   Thumb Code    20  _printf_char.o(.text)
    _printf_char                             0x080006e5   Thumb Code    16  _printf_char.o(.text)
    _printf_string                           0x080006f5   Thumb Code     8  _printf_char.o(.text)
    _printf_char_file                        0x080006fd   Thumb Code    32  _printf_char_file.o(.text)
    __aeabi_errno_addr                       0x08000721   Thumb Code     8  rt_errno_addr_intlibspace.o(.text)
    __errno$intlibspace                      0x08000721   Thumb Code     0  rt_errno_addr_intlibspace.o(.text)
    __rt_errno_addr$intlibspace              0x08000721   Thumb Code     0  rt_errno_addr_intlibspace.o(.text)
    _printf_char_common                      0x08000733   Thumb Code    32  _printf_char_common.o(.text)
    ferror                                   0x08000759   Thumb Code     8  ferror.o(.text)
    __user_libspace                          0x08000761   Thumb Code     8  libspace.o(.text)
    __user_perproc_libspace                  0x08000761   Thumb Code     0  libspace.o(.text)
    __user_perthread_libspace                0x08000761   Thumb Code     0  libspace.o(.text)
    __user_setup_stackheap                   0x08000769   Thumb Code    74  sys_stackheap_outer.o(.text)
    exit                                     0x080007b3   Thumb Code    18  exit.o(.text)
    AT24CXX_Init                             0x080007c5   Thumb Code     8  24cxx.o(i.AT24CXX_Init)
    AT24CXX_Read                             0x080007cd   Thumb Code    34  24cxx.o(i.AT24CXX_Read)
    AT24CXX_ReadOneByte                      0x080007ef   Thumb Code    88  24cxx.o(i.AT24CXX_ReadOneByte)
    AT24CXX_Write                            0x08000847   Thumb Code    36  24cxx.o(i.AT24CXX_Write)
    AT24CXX_WriteOneByte                     0x0800086b   Thumb Code    80  24cxx.o(i.AT24CXX_WriteOneByte)
    BusFault_Handler                         0x080008bb   Thumb Code     4  stm32f1xx_it.o(i.BusFault_Handler)
    CT_Delay                                 0x080008bf   Thumb Code    10  ctiic.o(i.CT_Delay)
    CT_IIC_Ack                               0x080008c9   Thumb Code    66  ctiic.o(i.CT_IIC_Ack)
    CT_IIC_Init                              0x08000919   Thumb Code    70  ctiic.o(i.CT_IIC_Init)
    CT_IIC_NAck                              0x08000971   Thumb Code    66  ctiic.o(i.CT_IIC_NAck)
    CT_IIC_Read_Byte                         0x080009c1   Thumb Code    96  ctiic.o(i.CT_IIC_Read_Byte)
    CT_IIC_Send_Byte                         0x08000a2d   Thumb Code    84  ctiic.o(i.CT_IIC_Send_Byte)
    CT_IIC_Start                             0x08000a8d   Thumb Code    62  ctiic.o(i.CT_IIC_Start)
    CT_IIC_Stop                              0x08000ad9   Thumb Code    58  ctiic.o(i.CT_IIC_Stop)
    CT_IIC_Wait_Ack                          0x08000b21   Thumb Code    84  ctiic.o(i.CT_IIC_Wait_Ack)
    DebugMon_Handler                         0x08000b81   Thumb Code     2  stm32f1xx_it.o(i.DebugMon_Handler)
    FT5206_Init                              0x08000b85   Thumb Code   296  ft5206.o(i.FT5206_Init)
    FT5206_RD_Reg                            0x08000cd9   Thumb Code    88  ft5206.o(i.FT5206_RD_Reg)
    FT5206_Scan                              0x08000d31   Thumb Code   856  ft5206.o(i.FT5206_Scan)
    FT5206_WR_Reg                            0x080010a9   Thumb Code    82  ft5206.o(i.FT5206_WR_Reg)
    GT9147_Init                              0x080010fd   Thumb Code   250  gt9147.o(i.GT9147_Init)
    GT9147_RD_Reg                            0x08001231   Thumb Code    98  gt9147.o(i.GT9147_RD_Reg)
    GT9147_Scan                              0x08001295   Thumb Code   494  gt9147.o(i.GT9147_Scan)
    GT9147_Send_Cfg                          0x08001495   Thumb Code    86  gt9147.o(i.GT9147_Send_Cfg)
    GT9147_WR_Reg                            0x080014f1   Thumb Code    92  gt9147.o(i.GT9147_WR_Reg)
    HAL_DMA_Abort_IT                         0x0800154d   Thumb Code   414  stm32f1xx_hal_dma.o(i.HAL_DMA_Abort_IT)
    HAL_GPIO_Init                            0x080016f5   Thumb Code   792  stm32f1xx_hal_gpio.o(i.HAL_GPIO_Init)
    HAL_GPIO_ReadPin                         0x08001a35   Thumb Code    16  stm32f1xx_hal_gpio.o(i.HAL_GPIO_ReadPin)
    HAL_GPIO_WritePin                        0x08001a45   Thumb Code    12  stm32f1xx_hal_gpio.o(i.HAL_GPIO_WritePin)
    HAL_GetTick                              0x08001a51   Thumb Code     6  stm32f1xx_hal.o(i.HAL_GetTick)
    HAL_IncTick                              0x08001a5d   Thumb Code    16  stm32f1xx_hal.o(i.HAL_IncTick)
    HAL_Init                                 0x08001a75   Thumb Code    34  stm32f1xx_hal.o(i.HAL_Init)
    HAL_InitTick                             0x08001a9d   Thumb Code    64  stm32f1xx_hal.o(i.HAL_InitTick)
    HAL_MspInit                              0x08001ae9   Thumb Code     2  stm32f1xx_hal_msp.o(i.HAL_MspInit)
    HAL_NVIC_EnableIRQ                       0x08001aeb   Thumb Code    32  stm32f1xx_hal_cortex.o(i.HAL_NVIC_EnableIRQ)
    HAL_NVIC_SetPriority                     0x08001b0b   Thumb Code   124  stm32f1xx_hal_cortex.o(i.HAL_NVIC_SetPriority)
    HAL_NVIC_SetPriorityGrouping             0x08001b89   Thumb Code    32  stm32f1xx_hal_cortex.o(i.HAL_NVIC_SetPriorityGrouping)
    HAL_RCC_ClockConfig                      0x08001bb1   Thumb Code   376  stm32f1xx_hal_rcc.o(i.HAL_RCC_ClockConfig)
    HAL_RCC_GetHCLKFreq                      0x08001d3d   Thumb Code     6  stm32f1xx_hal_rcc.o(i.HAL_RCC_GetHCLKFreq)
    HAL_RCC_GetPCLK1Freq                     0x08001d49   Thumb Code    22  stm32f1xx_hal_rcc.o(i.HAL_RCC_GetPCLK1Freq)
    HAL_RCC_GetPCLK2Freq                     0x08001d69   Thumb Code    22  stm32f1xx_hal_rcc.o(i.HAL_RCC_GetPCLK2Freq)
    HAL_RCC_GetSysClockFreq                  0x08001d89   Thumb Code   116  stm32f1xx_hal_rcc.o(i.HAL_RCC_GetSysClockFreq)
    HAL_RCC_OscConfig                        0x08001e1d   Thumb Code  1114  stm32f1xx_hal_rcc.o(i.HAL_RCC_OscConfig)
    HAL_SYSTICK_CLKSourceConfig              0x08002281   Thumb Code    40  stm32f1xx_hal_cortex.o(i.HAL_SYSTICK_CLKSourceConfig)
    HAL_SYSTICK_Config                       0x080022a9   Thumb Code    52  stm32f1xx_hal_cortex.o(i.HAL_SYSTICK_Config)
    HAL_TIM_Base_Init                        0x080022dd   Thumb Code    52  stm32f1xx_hal_tim.o(i.HAL_TIM_Base_Init)
    HAL_TIM_Base_MspInit                     0x08002311   Thumb Code     2  stm32f1xx_hal_tim.o(i.HAL_TIM_Base_MspInit)
    HAL_TIM_Base_Start_IT                    0x08002313   Thumb Code    42  stm32f1xx_hal_tim.o(i.HAL_TIM_Base_Start_IT)
    HAL_UART_ErrorCallback                   0x0800233d   Thumb Code     2  stm32f1xx_hal_uart.o(i.HAL_UART_ErrorCallback)
    HAL_UART_GetState                        0x0800233f   Thumb Code    20  stm32f1xx_hal_uart.o(i.HAL_UART_GetState)
    HAL_UART_IRQHandler                      0x08002355   Thumb Code   326  stm32f1xx_hal_uart.o(i.HAL_UART_IRQHandler)
    HAL_UART_Init                            0x080024a1   Thumb Code   114  stm32f1xx_hal_uart.o(i.HAL_UART_Init)
    HAL_UART_MspInit                         0x08002515   Thumb Code   156  usart.o(i.HAL_UART_MspInit)
    HAL_UART_Receive_IT                      0x080025bd   Thumb Code   112  stm32f1xx_hal_uart.o(i.HAL_UART_Receive_IT)
    HAL_UART_RxCpltCallback                  0x0800262d   Thumb Code   120  usart.o(i.HAL_UART_RxCpltCallback)
    HAL_UART_TxCpltCallback                  0x080026b5   Thumb Code     2  stm32f1xx_hal_uart.o(i.HAL_UART_TxCpltCallback)
    HardFault_Handler                        0x080026b7   Thumb Code     4  stm32f1xx_it.o(i.HardFault_Handler)
    IIC_Ack                                  0x080026bd   Thumb Code    66  myiic.o(i.IIC_Ack)
    IIC_Init                                 0x0800270d   Thumb Code    72  myiic.o(i.IIC_Init)
    IIC_NAck                                 0x08002765   Thumb Code    66  myiic.o(i.IIC_NAck)
    IIC_Read_Byte                            0x080027b5   Thumb Code    98  myiic.o(i.IIC_Read_Byte)
    IIC_Send_Byte                            0x08002825   Thumb Code    90  myiic.o(i.IIC_Send_Byte)
    IIC_Start                                0x0800288d   Thumb Code    64  myiic.o(i.IIC_Start)
    IIC_Stop                                 0x080028d9   Thumb Code    62  myiic.o(i.IIC_Stop)
    IIC_Wait_Ack                             0x08002925   Thumb Code    86  myiic.o(i.IIC_Wait_Ack)
    KEY_Init                                 0x08002989   Thumb Code   120  key.o(i.KEY_Init)
    KEY_Scan                                 0x08002a0d   Thumb Code   154  key.o(i.KEY_Scan)
    LCD_Clear                                0x08002ab5   Thumb Code    64  lcd.o(i.LCD_Clear)
    LCD_Display_Dir                          0x08002b01   Thumb Code   298  lcd.o(i.LCD_Display_Dir)
    LCD_DrawLine                             0x08002c31   Thumb Code   176  lcd.o(i.LCD_DrawLine)
    LCD_DrawPoint                            0x08002ce1   Thumb Code    52  lcd.o(i.LCD_DrawPoint)
    LCD_Draw_Circle                          0x08002d21   Thumb Code   152  lcd.o(i.LCD_Draw_Circle)
    LCD_Fast_DrawPoint                       0x08002db9   Thumb Code   630  lcd.o(i.LCD_Fast_DrawPoint)
    LCD_Fill                                 0x0800303d   Thumb Code   102  lcd.o(i.LCD_Fill)
    LCD_Init                                 0x080030ad   Thumb Code 10618  lcd.o(i.LCD_Init)
    LCD_Pow                                  0x08005a35   Thumb Code    22  lcd.o(i.LCD_Pow)
    LCD_RD_DATA                              0x08005a4d   Thumb Code    86  lcd.o(i.LCD_RD_DATA)
    LCD_SSD_BackLightSet                     0x08005aad   Thumb Code   198  lcd.o(i.LCD_SSD_BackLightSet)
    LCD_Scan_Dir                             0x08005b81   Thumb Code   916  lcd.o(i.LCD_Scan_Dir)
    LCD_SetCursor                            0x08005f21   Thumb Code   720  lcd.o(i.LCD_SetCursor)
    LCD_ShowChar                             0x080061fd   Thumb Code   272  lcd.o(i.LCD_ShowChar)
    LCD_ShowNum                              0x08006325   Thumb Code   148  lcd.o(i.LCD_ShowNum)
    LCD_ShowString                           0x080063b9   Thumb Code   102  lcd.o(i.LCD_ShowString)
    LCD_WR_DATAX                             0x08006421   Thumb Code    28  lcd.o(i.LCD_WR_DATAX)
    LCD_WR_REG                               0x08006445   Thumb Code    28  lcd.o(i.LCD_WR_REG)
    LCD_WriteRAM_Prepare                     0x08006469   Thumb Code    12  lcd.o(i.LCD_WriteRAM_Prepare)
    LCD_WriteReg                             0x08006479   Thumb Code    40  lcd.o(i.LCD_WriteReg)
    LED_Init                                 0x080064a9   Thumb Code   116  led.o(i.LED_Init)
    Load_Drow_Dialog                         0x08006529   Thumb Code    52  main.o(i.Load_Drow_Dialog)
    MemManage_Handler                        0x08006569   Thumb Code     4  stm32f1xx_it.o(i.MemManage_Handler)
    NMI_Handler                              0x0800656d   Thumb Code     2  stm32f1xx_it.o(i.NMI_Handler)
    OTT2001A_Init                            0x08006571   Thumb Code   154  ott2001a.o(i.OTT2001A_Init)
    OTT2001A_RD_Reg                          0x08006629   Thumb Code    98  ott2001a.o(i.OTT2001A_RD_Reg)
    OTT2001A_Scan                            0x0800668d   Thumb Code   446  ott2001a.o(i.OTT2001A_Scan)
    OTT2001A_SensorControl                   0x0800686d   Thumb Code    28  ott2001a.o(i.OTT2001A_SensorControl)
    OTT2001A_WR_Reg                          0x08006889   Thumb Code    92  ott2001a.o(i.OTT2001A_WR_Reg)
    PendSV_Handler                           0x080068e5   Thumb Code     2  stm32f1xx_it.o(i.PendSV_Handler)
    SVC_Handler                              0x08006911   Thumb Code     2  stm32f1xx_it.o(i.SVC_Handler)
    Stm32_Clock_Init                         0x08006913   Thumb Code    86  sys.o(i.Stm32_Clock_Init)
    SysTick_Handler                          0x08006969   Thumb Code     8  stm32f1xx_it.o(i.SysTick_Handler)
    SystemInit                               0x08006971   Thumb Code    70  system_stm32f1xx.o(i.SystemInit)
    TIM4_IRQHandler                          0x080069c9   Thumb Code    58  usmart.o(i.TIM4_IRQHandler)
    TIM_Base_SetConfig                       0x08006a0d   Thumb Code   134  stm32f1xx_hal_tim.o(i.TIM_Base_SetConfig)
    TP_Adj_Info_Show                         0x08006aa9   Thumb Code   374  touch.o(i.TP_Adj_Info_Show)
    TP_Adjust                                0x08006c51   Thumb Code  2058  touch.o(i.TP_Adjust)
    TP_Draw_Big_Point                        0x080074ad   Thumb Code    54  touch.o(i.TP_Draw_Big_Point)
    TP_Drow_Touch_Point                      0x080074e9   Thumb Code   108  touch.o(i.TP_Drow_Touch_Point)
    TP_Get_Adjdata                           0x08007559   Thumb Code    68  touch.o(i.TP_Get_Adjdata)
    TP_Init                                  0x080075a9   Thumb Code   262  touch.o(i.TP_Init)
    TP_Read_AD                               0x080076cd   Thumb Code   136  touch.o(i.TP_Read_AD)
    TP_Read_XOY                              0x0800775d   Thumb Code   120  touch.o(i.TP_Read_XOY)
    TP_Read_XY                               0x080077d5   Thumb Code    38  touch.o(i.TP_Read_XY)
    TP_Read_XY2                              0x08007805   Thumb Code   192  touch.o(i.TP_Read_XY2)
    TP_Save_Adjdata                          0x080078c5   Thumb Code    22  touch.o(i.TP_Save_Adjdata)
    TP_Scan                                  0x080078e1   Thumb Code   262  touch.o(i.TP_Scan)
    TP_Write_Byte                            0x080079f1   Thumb Code    66  touch.o(i.TP_Write_Byte)
    Timer4_Init                              0x08007a3d   Thumb Code    80  usmart.o(i.Timer4_Init)
    USART1_IRQHandler                        0x08007d9d   Thumb Code    56  usart.o(i.USART1_IRQHandler)
    UsageFault_Handler                       0x08007ddd   Thumb Code     4  stm32f1xx_it.o(i.UsageFault_Handler)
    _is_digit                                0x08007e19   Thumb Code    14  __printf_wp.o(i._is_digit)
    _sys_exit                                0x08007e27   Thumb Code     4  usart.o(i._sys_exit)
    ctp_test                                 0x08007e2d   Thumb Code   276  main.o(i.ctp_test)
    delay_init                               0x08007f51   Thumb Code    16  delay.o(i.delay_init)
    delay_ms                                 0x08007f65   Thumb Code    24  delay.o(i.delay_ms)
    delay_us                                 0x08007f7d   Thumb Code    68  delay.o(i.delay_us)
    fputc                                    0x08007fc5   Thumb Code    24  usart.o(i.fputc)
    gui_draw_hline                           0x08007fe1   Thumb Code    36  main.o(i.gui_draw_hline)
    gui_fill_circle                          0x08008005   Thumb Code   176  main.o(i.gui_fill_circle)
    lcd_draw_bline                           0x080080b5   Thumb Code   212  main.o(i.lcd_draw_bline)
    main                                     0x08008189   Thumb Code   204  main.o(i.main)
    opt_delay                                0x080082ad   Thumb Code    14  lcd.o(i.opt_delay)
    read_addr                                0x080082bb   Thumb Code     6  usmart.o(i.read_addr)
    rtp_test                                 0x080082c1   Thumb Code   164  main.o(i.rtp_test)
    sqrt                                     0x08008371   Thumb Code    76  sqrt.o(i.sqrt)
    uart_init                                0x080083bd   Thumb Code    44  usart.o(i.uart_init)
    usmart_cmd_rec                           0x080083f5   Thumb Code   170  usmart.o(i.usmart_cmd_rec)
    usmart_exe                               0x080084a5   Thumb Code   632  usmart.o(i.usmart_exe)
    usmart_get_aparm                         0x08008779   Thumb Code   212  usmart_str.o(i.usmart_get_aparm)
    usmart_get_cmdname                       0x0800884d   Thumb Code    54  usmart_str.o(i.usmart_get_cmdname)
    usmart_get_fname                         0x08008885   Thumb Code   440  usmart_str.o(i.usmart_get_fname)
    usmart_get_fparam                        0x08008a45   Thumb Code   262  usmart_str.o(i.usmart_get_fparam)
    usmart_get_parmpos                       0x08008b51   Thumb Code    26  usmart_str.o(i.usmart_get_parmpos)
    usmart_get_runtime                       0x08008b71   Thumb Code    58  usmart.o(i.usmart_get_runtime)
    usmart_init                              0x08008bb5   Thumb Code    36  usmart.o(i.usmart_init)
    usmart_pow                               0x08008bdd   Thumb Code    22  usmart_str.o(i.usmart_pow)
    usmart_reset_runtime                     0x08008bf5   Thumb Code    44  usmart.o(i.usmart_reset_runtime)
    usmart_scan                              0x08008c29   Thumb Code   120  usmart.o(i.usmart_scan)
    usmart_search_nextc                      0x08008ce5   Thumb Code    22  usmart_str.o(i.usmart_search_nextc)
    usmart_str2num                           0x08008cfb   Thumb Code   262  usmart_str.o(i.usmart_str2num)
    usmart_strcmp                            0x08008e01   Thumb Code    34  usmart_str.o(i.usmart_strcmp)
    usmart_strcopy                           0x08008e23   Thumb Code    22  usmart_str.o(i.usmart_strcopy)
    usmart_strlen                            0x08008e39   Thumb Code    24  usmart_str.o(i.usmart_strlen)
    usmart_sys_cmd_exe                       0x08008e51   Thumb Code  1570  usmart.o(i.usmart_sys_cmd_exe)
    write_addr                               0x08009545   Thumb Code     4  usmart.o(i.write_addr)
    __aeabi_dadd                             0x08009549   Thumb Code     0  daddsub_clz.o(x$fpl$dadd)
    _dadd                                    0x08009549   Thumb Code   332  daddsub_clz.o(x$fpl$dadd)
    __fpl_dcmp_Inf                           0x08009699   Thumb Code    24  dcmpi.o(x$fpl$dcmpinf)
    __aeabi_d2uiz                            0x080096b1   Thumb Code     0  dfixu.o(x$fpl$dfixu)
    _dfixu                                   0x080096b1   Thumb Code    90  dfixu.o(x$fpl$dfixu)
    __aeabi_i2d                              0x0800970b   Thumb Code     0  dflt_clz.o(x$fpl$dflt)
    _dflt                                    0x0800970b   Thumb Code    46  dflt_clz.o(x$fpl$dflt)
    __aeabi_ui2d                             0x08009739   Thumb Code     0  dflt_clz.o(x$fpl$dfltu)
    _dfltu                                   0x08009739   Thumb Code    38  dflt_clz.o(x$fpl$dfltu)
    __aeabi_cdcmple                          0x08009761   Thumb Code     0  dleqf.o(x$fpl$dleqf)
    _dcmple                                  0x08009761   Thumb Code   120  dleqf.o(x$fpl$dleqf)
    __fpl_dcmple_InfNaN                      0x080097c3   Thumb Code     0  dleqf.o(x$fpl$dleqf)
    __aeabi_dmul                             0x080097d9   Thumb Code     0  dmul.o(x$fpl$dmul)
    _dmul                                    0x080097d9   Thumb Code   332  dmul.o(x$fpl$dmul)
    __fpl_dnaninf                            0x0800992d   Thumb Code   156  dnaninf.o(x$fpl$dnaninf)
    __fpl_dretinf                            0x080099c9   Thumb Code    12  dretinf.o(x$fpl$dretinf)
    __aeabi_cdrcmple                         0x080099d5   Thumb Code     0  drleqf.o(x$fpl$drleqf)
    _drcmple                                 0x080099d5   Thumb Code   108  drleqf.o(x$fpl$drleqf)
    __aeabi_drsub                            0x08009a41   Thumb Code     0  daddsub_clz.o(x$fpl$drsb)
    _drsb                                    0x08009a41   Thumb Code    22  daddsub_clz.o(x$fpl$drsb)
    _dsqrt                                   0x08009a59   Thumb Code   456  dsqrt_noumaal.o(x$fpl$dsqrt)
    __aeabi_dsub                             0x08009c25   Thumb Code     0  daddsub_clz.o(x$fpl$dsub)
    _dsub                                    0x08009c25   Thumb Code   464  daddsub_clz.o(x$fpl$dsub)
    __aeabi_f2d                              0x08009df9   Thumb Code     0  f2d.o(x$fpl$f2d)
    _f2d                                     0x08009df9   Thumb Code    86  f2d.o(x$fpl$f2d)
    __aeabi_fadd                             0x08009e51   Thumb Code     0  faddsub_clz.o(x$fpl$fadd)
    _fadd                                    0x08009e51   Thumb Code   196  faddsub_clz.o(x$fpl$fadd)
    __aeabi_fdiv                             0x08009f15   Thumb Code     0  fdiv.o(x$fpl$fdiv)
    _fdiv                                    0x08009f15   Thumb Code   384  fdiv.o(x$fpl$fdiv)
    __aeabi_f2iz                             0x0800a099   Thumb Code     0  ffix.o(x$fpl$ffix)
    _ffix                                    0x0800a099   Thumb Code    54  ffix.o(x$fpl$ffix)
    __aeabi_f2uiz                            0x0800a0d1   Thumb Code     0  ffixu.o(x$fpl$ffixu)
    _ffixu                                   0x0800a0d1   Thumb Code    62  ffixu.o(x$fpl$ffixu)
    __aeabi_i2f                              0x0800a111   Thumb Code     0  fflt_clz.o(x$fpl$fflt)
    _fflt                                    0x0800a111   Thumb Code    48  fflt_clz.o(x$fpl$fflt)
    __aeabi_ui2f                             0x0800a141   Thumb Code     0  fflt_clz.o(x$fpl$ffltu)
    _ffltu                                   0x0800a141   Thumb Code    38  fflt_clz.o(x$fpl$ffltu)
    __aeabi_fmul                             0x0800a169   Thumb Code     0  fmul.o(x$fpl$fmul)
    _fmul                                    0x0800a169   Thumb Code   258  fmul.o(x$fpl$fmul)
    __fpl_fnaninf                            0x0800a26b   Thumb Code   140  fnaninf.o(x$fpl$fnaninf)
    __fpl_fretinf                            0x0800a2f7   Thumb Code    10  fretinf.o(x$fpl$fretinf)
    __aeabi_fsub                             0x0800a301   Thumb Code     0  faddsub_clz.o(x$fpl$fsub)
    _fsub                                    0x0800a301   Thumb Code   234  faddsub_clz.o(x$fpl$fsub)
    POINT_COLOR_TBL                          0x0800a3ea   Data          10  main.o(.constdata)
    __I$use$fp                               0x0800a3ea   Number         0  usenofp.o(x$fpl$usenofp)
    AHBPrescTable                            0x0800a3f4   Data          16  system_stm32f1xx.o(.constdata)
    APBPrescTable                            0x0800a404   Data           8  system_stm32f1xx.o(.constdata)
    asc2_1206                                0x0800a40c   Data        1140  lcd.o(.constdata)
    asc2_1608                                0x0800a880   Data        1520  lcd.o(.constdata)
    asc2_2412                                0x0800ae70   Data        3420  lcd.o(.constdata)
    FT5206_TPX_TBL                           0x0800bbcc   Data          10  ft5206.o(.constdata)
    GT911_TPX_TBL                            0x0800bbd6   Data          10  ft5206.o(.constdata)
    GT9147_CFG_TBL                           0x0800bbe0   Data         184  gt9147.o(.constdata)
    GT9147_TPX_TBL                           0x0800bc98   Data          10  gt9147.o(.constdata)
    OTT_TPX_TBL                              0x0800bca2   Data          10  ott2001a.o(.constdata)
    TP_REMIND_MSG_TBL                        0x0800bcac   Data           4  touch.o(.constdata)
    Region$$Table$$Base                      0x0800bdfc   Number         0  anon$$obj.o(Region$$Table)
    Region$$Table$$Limit                     0x0800be1c   Number         0  anon$$obj.o(Region$$Table)
    SystemCoreClock                          0x20000000   Data           4  system_stm32f1xx.o(.data)
    uwTick                                   0x20000004   Data           4  stm32f1xx_hal.o(.data)
    uwTickPrio                               0x20000008   Data           4  stm32f1xx_hal.o(.data)
    uwTickFreq                               0x2000000c   Data           1  stm32f1xx_hal.o(.data)
    __stdout                                 0x20000014   Data           4  usart.o(.data)
    USART_RX_STA                             0x20000018   Data           2  usart.o(.data)
    aRxBuffer                                0x2000001a   Data           1  usart.o(.data)
    POINT_COLOR                              0x2000001c   Data           2  lcd.o(.data)
    BACK_COLOR                               0x2000001e   Data           2  lcd.o(.data)
    CIP                                      0x20000021   Data           5  ft5206.o(.data)
    g_gt_tnum                                0x20000026   Data           1  ft5206.o(.data)
    tp_dev                                   0x2000002c   Data          52  touch.o(.data)
    CMD_RDX                                  0x20000060   Data           1  touch.o(.data)
    CMD_RDY                                  0x20000061   Data           1  touch.o(.data)
    sys_cmd_tab                              0x20000064   Data          28  usmart.o(.data)
    usmart_nametab                           0x20000080   Data          32  usmart_config.o(.data)
    usmart_dev                               0x200000a0   Data         244  usmart_config.o(.data)
    USART_RX_BUF                             0x20000194   Data         200  usart.o(.bss)
    UART1_Handler                            0x2000025c   Data          64  usart.o(.bss)
    lcddev                                   0x2000029c   Data          14  lcd.o(.bss)
    TIM4_Handler                             0x200002ac   Data          64  usmart.o(.bss)
    __libspace_start                         0x200002ec   Data          96  libspace.o(.bss)
    __temporary_stack_top$libspace           0x2000034c   Data           0  libspace.o(.bss)



==============================================================================

Memory Map of the image

  Image Entry point : 0x08000131

  Load Region LR_IROM1 (Base: 0x08000000, Size: 0x0000bfb0, Max: 0x00040000, ABSOLUTE, COMPRESSED[0x0000be88])

    Execution Region ER_IROM1 (Exec base: 0x08000000, Load base: 0x08000000, Size: 0x0000be1c, Max: 0x00040000, ABSOLUTE)

    Exec Addr    Load Addr    Size         Type   Attr      Idx    E Section Name        Object

    0x08000000   0x08000000   0x00000130   Data   RO          523    RESET               startup_stm32f103xe.o
    0x08000130   0x08000130   0x00000008   Code   RO         4325  * !!!main             c_w.l(__main.o)
    0x08000138   0x08000138   0x00000034   Code   RO         4575    !!!scatter          c_w.l(__scatter.o)
    0x0800016c   0x0800016c   0x0000005a   Code   RO         4573    !!dczerorl2         c_w.l(__dczerorl2.o)
    0x080001c6   0x080001c6   0x00000002   PAD
    0x080001c8   0x080001c8   0x0000001c   Code   RO         4577    !!handler_zi        c_w.l(__scatter_zi.o)
    0x080001e4   0x080001e4   0x00000000   Code   RO         4320    .ARM.Collect$$_printf_percent$$00000000  c_w.l(_printf_percent.o)
    0x080001e4   0x080001e4   0x00000006   Code   RO         4318    .ARM.Collect$$_printf_percent$$00000009  c_w.l(_printf_d.o)
    0x080001ea   0x080001ea   0x00000006   Code   RO         4319    .ARM.Collect$$_printf_percent$$0000000A  c_w.l(_printf_u.o)
    0x080001f0   0x080001f0   0x00000006   Code   RO         4317    .ARM.Collect$$_printf_percent$$0000000C  c_w.l(_printf_x.o)
    0x080001f6   0x080001f6   0x00000006   Code   RO         4315    .ARM.Collect$$_printf_percent$$00000013  c_w.l(_printf_c.o)
    0x080001fc   0x080001fc   0x00000006   Code   RO         4316    .ARM.Collect$$_printf_percent$$00000014  c_w.l(_printf_s.o)
    0x08000202   0x08000202   0x00000004   Code   RO         4396    .ARM.Collect$$_printf_percent$$00000017  c_w.l(_printf_percent_end.o)
    0x08000206   0x08000206   0x00000002   Code   RO         4450    .ARM.Collect$$libinit$$00000000  c_w.l(libinit.o)
    0x08000208   0x08000208   0x00000000   Code   RO         4454    .ARM.Collect$$libinit$$00000002  c_w.l(libinit2.o)
    0x08000208   0x08000208   0x00000000   Code   RO         4456    .ARM.Collect$$libinit$$00000004  c_w.l(libinit2.o)
    0x08000208   0x08000208   0x00000000   Code   RO         4459    .ARM.Collect$$libinit$$0000000A  c_w.l(libinit2.o)
    0x08000208   0x08000208   0x00000000   Code   RO         4461    .ARM.Collect$$libinit$$0000000C  c_w.l(libinit2.o)
    0x08000208   0x08000208   0x00000000   Code   RO         4463    .ARM.Collect$$libinit$$0000000E  c_w.l(libinit2.o)
    0x08000208   0x08000208   0x00000000   Code   RO         4466    .ARM.Collect$$libinit$$00000011  c_w.l(libinit2.o)
    0x08000208   0x08000208   0x00000000   Code   RO         4468    .ARM.Collect$$libinit$$00000013  c_w.l(libinit2.o)
    0x08000208   0x08000208   0x00000000   Code   RO         4470    .ARM.Collect$$libinit$$00000015  c_w.l(libinit2.o)
    0x08000208   0x08000208   0x00000000   Code   RO         4472    .ARM.Collect$$libinit$$00000017  c_w.l(libinit2.o)
    0x08000208   0x08000208   0x00000000   Code   RO         4474    .ARM.Collect$$libinit$$00000019  c_w.l(libinit2.o)
    0x08000208   0x08000208   0x00000000   Code   RO         4476    .ARM.Collect$$libinit$$0000001B  c_w.l(libinit2.o)
    0x08000208   0x08000208   0x00000000   Code   RO         4478    .ARM.Collect$$libinit$$0000001D  c_w.l(libinit2.o)
    0x08000208   0x08000208   0x00000000   Code   RO         4480    .ARM.Collect$$libinit$$0000001F  c_w.l(libinit2.o)
    0x08000208   0x08000208   0x00000000   Code   RO         4482    .ARM.Collect$$libinit$$00000021  c_w.l(libinit2.o)
    0x08000208   0x08000208   0x00000000   Code   RO         4484    .ARM.Collect$$libinit$$00000023  c_w.l(libinit2.o)
    0x08000208   0x08000208   0x00000000   Code   RO         4486    .ARM.Collect$$libinit$$00000025  c_w.l(libinit2.o)
    0x08000208   0x08000208   0x00000000   Code   RO         4490    .ARM.Collect$$libinit$$0000002C  c_w.l(libinit2.o)
    0x08000208   0x08000208   0x00000000   Code   RO         4492    .ARM.Collect$$libinit$$0000002E  c_w.l(libinit2.o)
    0x08000208   0x08000208   0x00000000   Code   RO         4494    .ARM.Collect$$libinit$$00000030  c_w.l(libinit2.o)
    0x08000208   0x08000208   0x00000000   Code   RO         4496    .ARM.Collect$$libinit$$00000032  c_w.l(libinit2.o)
    0x08000208   0x08000208   0x00000002   Code   RO         4497    .ARM.Collect$$libinit$$00000033  c_w.l(libinit2.o)
    0x0800020a   0x0800020a   0x00000002   Code   RO         4515    .ARM.Collect$$libshutdown$$00000000  c_w.l(libshutdown.o)
    0x0800020c   0x0800020c   0x00000000   Code   RO         4525    .ARM.Collect$$libshutdown$$00000002  c_w.l(libshutdown2.o)
    0x0800020c   0x0800020c   0x00000000   Code   RO         4527    .ARM.Collect$$libshutdown$$00000004  c_w.l(libshutdown2.o)
    0x0800020c   0x0800020c   0x00000000   Code   RO         4530    .ARM.Collect$$libshutdown$$00000007  c_w.l(libshutdown2.o)
    0x0800020c   0x0800020c   0x00000000   Code   RO         4533    .ARM.Collect$$libshutdown$$0000000A  c_w.l(libshutdown2.o)
    0x0800020c   0x0800020c   0x00000000   Code   RO         4535    .ARM.Collect$$libshutdown$$0000000C  c_w.l(libshutdown2.o)
    0x0800020c   0x0800020c   0x00000000   Code   RO         4538    .ARM.Collect$$libshutdown$$0000000F  c_w.l(libshutdown2.o)
    0x0800020c   0x0800020c   0x00000002   Code   RO         4539    .ARM.Collect$$libshutdown$$00000010  c_w.l(libshutdown2.o)
    0x0800020e   0x0800020e   0x00000000   Code   RO         4387    .ARM.Collect$$rtentry$$00000000  c_w.l(__rtentry.o)
    0x0800020e   0x0800020e   0x00000000   Code   RO         4411    .ARM.Collect$$rtentry$$00000002  c_w.l(__rtentry2.o)
    0x0800020e   0x0800020e   0x00000006   Code   RO         4423    .ARM.Collect$$rtentry$$00000004  c_w.l(__rtentry4.o)
    0x08000214   0x08000214   0x00000000   Code   RO         4413    .ARM.Collect$$rtentry$$00000009  c_w.l(__rtentry2.o)
    0x08000214   0x08000214   0x00000004   Code   RO         4414    .ARM.Collect$$rtentry$$0000000A  c_w.l(__rtentry2.o)
    0x08000218   0x08000218   0x00000000   Code   RO         4416    .ARM.Collect$$rtentry$$0000000C  c_w.l(__rtentry2.o)
    0x08000218   0x08000218   0x00000008   Code   RO         4417    .ARM.Collect$$rtentry$$0000000D  c_w.l(__rtentry2.o)
    0x08000220   0x08000220   0x00000002   Code   RO         4451    .ARM.Collect$$rtexit$$00000000  c_w.l(rtexit.o)
    0x08000222   0x08000222   0x00000000   Code   RO         4499    .ARM.Collect$$rtexit$$00000002  c_w.l(rtexit2.o)
    0x08000222   0x08000222   0x00000004   Code   RO         4500    .ARM.Collect$$rtexit$$00000003  c_w.l(rtexit2.o)
    0x08000226   0x08000226   0x00000006   Code   RO         4501    .ARM.Collect$$rtexit$$00000004  c_w.l(rtexit2.o)
    0x0800022c   0x0800022c   0x00000040   Code   RO          524    .text               startup_stm32f103xe.o
    0x0800026c   0x0800026c   0x00000002   Code   RO         4260    .text               c_w.l(use_no_semi_2.o)
    0x0800026e   0x0800026e   0x00000002   PAD
    0x08000270   0x08000270   0x00000018   Code   RO         4264    .text               c_w.l(noretval__2printf.o)
    0x08000288   0x08000288   0x0000004e   Code   RO         4268    .text               c_w.l(_printf_pad.o)
    0x080002d6   0x080002d6   0x00000052   Code   RO         4270    .text               c_w.l(_printf_str.o)
    0x08000328   0x08000328   0x00000078   Code   RO         4272    .text               c_w.l(_printf_dec.o)
    0x080003a0   0x080003a0   0x00000058   Code   RO         4277    .text               c_w.l(_printf_hex_int.o)
    0x080003f8   0x080003f8   0x00000188   Code   RO         4312    .text               c_w.l(__printf_flags_ss_wp.o)
    0x08000580   0x08000580   0x00000080   Code   RO         4321    .text               c_w.l(strcmpv7m.o)
    0x08000600   0x08000600   0x00000006   Code   RO         4323    .text               c_w.l(heapauxi.o)
    0x08000606   0x08000606   0x00000002   Code   RO         4385    .text               c_w.l(use_no_semi.o)
    0x08000608   0x08000608   0x00000016   Code   RO         4388    .text               c_w.l(_rserrno.o)
    0x0800061e   0x0800061e   0x000000b2   Code   RO         4390    .text               c_w.l(_printf_intcommon.o)
    0x080006d0   0x080006d0   0x0000002c   Code   RO         4392    .text               c_w.l(_printf_char.o)
    0x080006fc   0x080006fc   0x00000024   Code   RO         4394    .text               c_w.l(_printf_char_file.o)
    0x08000720   0x08000720   0x00000008   Code   RO         4428    .text               c_w.l(rt_errno_addr_intlibspace.o)
    0x08000728   0x08000728   0x00000030   Code   RO         4430    .text               c_w.l(_printf_char_common.o)
    0x08000758   0x08000758   0x00000008   Code   RO         4432    .text               c_w.l(ferror.o)
    0x08000760   0x08000760   0x00000008   Code   RO         4436    .text               c_w.l(libspace.o)
    0x08000768   0x08000768   0x0000004a   Code   RO         4439    .text               c_w.l(sys_stackheap_outer.o)
    0x080007b2   0x080007b2   0x00000012   Code   RO         4443    .text               c_w.l(exit.o)
    0x080007c4   0x080007c4   0x00000008   Code   RO         3596    i.AT24CXX_Init      24cxx.o
    0x080007cc   0x080007cc   0x00000022   Code   RO         3597    i.AT24CXX_Read      24cxx.o
    0x080007ee   0x080007ee   0x00000058   Code   RO         3599    i.AT24CXX_ReadOneByte  24cxx.o
    0x08000846   0x08000846   0x00000024   Code   RO         3600    i.AT24CXX_Write     24cxx.o
    0x0800086a   0x0800086a   0x00000050   Code   RO         3602    i.AT24CXX_WriteOneByte  24cxx.o
    0x080008ba   0x080008ba   0x00000004   Code   RO          297    i.BusFault_Handler  stm32f1xx_it.o
    0x080008be   0x080008be   0x0000000a   Code   RO         3727    i.CT_Delay          ctiic.o
    0x080008c8   0x080008c8   0x00000050   Code   RO         3728    i.CT_IIC_Ack        ctiic.o
    0x08000918   0x08000918   0x00000058   Code   RO         3729    i.CT_IIC_Init       ctiic.o
    0x08000970   0x08000970   0x00000050   Code   RO         3730    i.CT_IIC_NAck       ctiic.o
    0x080009c0   0x080009c0   0x0000006c   Code   RO         3731    i.CT_IIC_Read_Byte  ctiic.o
    0x08000a2c   0x08000a2c   0x00000060   Code   RO         3732    i.CT_IIC_Send_Byte  ctiic.o
    0x08000a8c   0x08000a8c   0x0000004c   Code   RO         3733    i.CT_IIC_Start      ctiic.o
    0x08000ad8   0x08000ad8   0x00000048   Code   RO         3734    i.CT_IIC_Stop       ctiic.o
    0x08000b20   0x08000b20   0x00000060   Code   RO         3735    i.CT_IIC_Wait_Ack   ctiic.o
    0x08000b80   0x08000b80   0x00000002   Code   RO          298    i.DebugMon_Handler  stm32f1xx_it.o
    0x08000b82   0x08000b82   0x00000002   PAD
    0x08000b84   0x08000b84   0x00000154   Code   RO         3802    i.FT5206_Init       ft5206.o
    0x08000cd8   0x08000cd8   0x00000058   Code   RO         3803    i.FT5206_RD_Reg     ft5206.o
    0x08000d30   0x08000d30   0x00000378   Code   RO         3804    i.FT5206_Scan       ft5206.o
    0x080010a8   0x080010a8   0x00000052   Code   RO         3805    i.FT5206_WR_Reg     ft5206.o
    0x080010fa   0x080010fa   0x00000002   PAD
    0x080010fc   0x080010fc   0x00000134   Code   RO         3851    i.GT9147_Init       gt9147.o
    0x08001230   0x08001230   0x00000062   Code   RO         3852    i.GT9147_RD_Reg     gt9147.o
    0x08001292   0x08001292   0x00000002   PAD
    0x08001294   0x08001294   0x00000200   Code   RO         3853    i.GT9147_Scan       gt9147.o
    0x08001494   0x08001494   0x0000005c   Code   RO         3854    i.GT9147_Send_Cfg   gt9147.o
    0x080014f0   0x080014f0   0x0000005c   Code   RO         3855    i.GT9147_WR_Reg     gt9147.o
    0x0800154c   0x0800154c   0x000001a8   Code   RO         1796    i.HAL_DMA_Abort_IT  stm32f1xx_hal_dma.o
    0x080016f4   0x080016f4   0x00000340   Code   RO          830    i.HAL_GPIO_Init     stm32f1xx_hal_gpio.o
    0x08001a34   0x08001a34   0x00000010   Code   RO          832    i.HAL_GPIO_ReadPin  stm32f1xx_hal_gpio.o
    0x08001a44   0x08001a44   0x0000000c   Code   RO          834    i.HAL_GPIO_WritePin  stm32f1xx_hal_gpio.o
    0x08001a50   0x08001a50   0x0000000c   Code   RO          542    i.HAL_GetTick       stm32f1xx_hal.o
    0x08001a5c   0x08001a5c   0x00000018   Code   RO          548    i.HAL_IncTick       stm32f1xx_hal.o
    0x08001a74   0x08001a74   0x00000028   Code   RO          549    i.HAL_Init          stm32f1xx_hal.o
    0x08001a9c   0x08001a9c   0x0000004c   Code   RO          550    i.HAL_InitTick      stm32f1xx_hal.o
    0x08001ae8   0x08001ae8   0x00000002   Code   RO          495    i.HAL_MspInit       stm32f1xx_hal_msp.o
    0x08001aea   0x08001aea   0x00000020   Code   RO          707    i.HAL_NVIC_EnableIRQ  stm32f1xx_hal_cortex.o
    0x08001b0a   0x08001b0a   0x0000007c   Code   RO          713    i.HAL_NVIC_SetPriority  stm32f1xx_hal_cortex.o
    0x08001b86   0x08001b86   0x00000002   PAD
    0x08001b88   0x08001b88   0x00000028   Code   RO          714    i.HAL_NVIC_SetPriorityGrouping  stm32f1xx_hal_cortex.o
    0x08001bb0   0x08001bb0   0x0000018c   Code   RO         1055    i.HAL_RCC_ClockConfig  stm32f1xx_hal_rcc.o
    0x08001d3c   0x08001d3c   0x0000000c   Code   RO         1060    i.HAL_RCC_GetHCLKFreq  stm32f1xx_hal_rcc.o
    0x08001d48   0x08001d48   0x00000020   Code   RO         1062    i.HAL_RCC_GetPCLK1Freq  stm32f1xx_hal_rcc.o
    0x08001d68   0x08001d68   0x00000020   Code   RO         1063    i.HAL_RCC_GetPCLK2Freq  stm32f1xx_hal_rcc.o
    0x08001d88   0x08001d88   0x00000094   Code   RO         1064    i.HAL_RCC_GetSysClockFreq  stm32f1xx_hal_rcc.o
    0x08001e1c   0x08001e1c   0x00000464   Code   RO         1067    i.HAL_RCC_OscConfig  stm32f1xx_hal_rcc.o
    0x08002280   0x08002280   0x00000028   Code   RO          716    i.HAL_SYSTICK_CLKSourceConfig  stm32f1xx_hal_cortex.o
    0x080022a8   0x080022a8   0x00000034   Code   RO          718    i.HAL_SYSTICK_Config  stm32f1xx_hal_cortex.o
    0x080022dc   0x080022dc   0x00000034   Code   RO         1891    i.HAL_TIM_Base_Init  stm32f1xx_hal_tim.o
    0x08002310   0x08002310   0x00000002   Code   RO         1893    i.HAL_TIM_Base_MspInit  stm32f1xx_hal_tim.o
    0x08002312   0x08002312   0x0000002a   Code   RO         1896    i.HAL_TIM_Base_Start_IT  stm32f1xx_hal_tim.o
    0x0800233c   0x0800233c   0x00000002   Code   RO         1218    i.HAL_UART_ErrorCallback  stm32f1xx_hal_uart.o
    0x0800233e   0x0800233e   0x00000014   Code   RO         1220    i.HAL_UART_GetState  stm32f1xx_hal_uart.o
    0x08002352   0x08002352   0x00000002   PAD
    0x08002354   0x08002354   0x0000014c   Code   RO         1221    i.HAL_UART_IRQHandler  stm32f1xx_hal_uart.o
    0x080024a0   0x080024a0   0x00000072   Code   RO         1222    i.HAL_UART_Init     stm32f1xx_hal_uart.o
    0x08002512   0x08002512   0x00000002   PAD
    0x08002514   0x08002514   0x000000a8   Code   RO         3260    i.HAL_UART_MspInit  usart.o
    0x080025bc   0x080025bc   0x00000070   Code   RO         1227    i.HAL_UART_Receive_IT  stm32f1xx_hal_uart.o
    0x0800262c   0x0800262c   0x00000088   Code   RO         3261    i.HAL_UART_RxCpltCallback  usart.o
    0x080026b4   0x080026b4   0x00000002   Code   RO         1233    i.HAL_UART_TxCpltCallback  stm32f1xx_hal_uart.o
    0x080026b6   0x080026b6   0x00000004   Code   RO          299    i.HardFault_Handler  stm32f1xx_it.o
    0x080026ba   0x080026ba   0x00000002   PAD
    0x080026bc   0x080026bc   0x00000050   Code   RO         3661    i.IIC_Ack           myiic.o
    0x0800270c   0x0800270c   0x00000058   Code   RO         3662    i.IIC_Init          myiic.o
    0x08002764   0x08002764   0x00000050   Code   RO         3663    i.IIC_NAck          myiic.o
    0x080027b4   0x080027b4   0x00000070   Code   RO         3664    i.IIC_Read_Byte     myiic.o
    0x08002824   0x08002824   0x00000068   Code   RO         3665    i.IIC_Send_Byte     myiic.o
    0x0800288c   0x0800288c   0x0000004c   Code   RO         3666    i.IIC_Start         myiic.o
    0x080028d8   0x080028d8   0x0000004c   Code   RO         3667    i.IIC_Stop          myiic.o
    0x08002924   0x08002924   0x00000064   Code   RO         3668    i.IIC_Wait_Ack      myiic.o
    0x08002988   0x08002988   0x00000084   Code   RO         3564    i.KEY_Init          key.o
    0x08002a0c   0x08002a0c   0x000000a8   Code   RO         3565    i.KEY_Scan          key.o
    0x08002ab4   0x08002ab4   0x0000004c   Code   RO         3350    i.LCD_Clear         lcd.o
    0x08002b00   0x08002b00   0x00000130   Code   RO         3354    i.LCD_Display_Dir   lcd.o
    0x08002c30   0x08002c30   0x000000b0   Code   RO         3355    i.LCD_DrawLine      lcd.o
    0x08002ce0   0x08002ce0   0x00000040   Code   RO         3356    i.LCD_DrawPoint     lcd.o
    0x08002d20   0x08002d20   0x00000098   Code   RO         3358    i.LCD_Draw_Circle   lcd.o
    0x08002db8   0x08002db8   0x00000284   Code   RO         3359    i.LCD_Fast_DrawPoint  lcd.o
    0x0800303c   0x0800303c   0x00000070   Code   RO         3360    i.LCD_Fill          lcd.o
    0x080030ac   0x080030ac   0x00002988   Code   RO         3361    i.LCD_Init          lcd.o
    0x08005a34   0x08005a34   0x00000016   Code   RO         3362    i.LCD_Pow           lcd.o
    0x08005a4a   0x08005a4a   0x00000002   PAD
    0x08005a4c   0x08005a4c   0x00000060   Code   RO         3363    i.LCD_RD_DATA       lcd.o
    0x08005aac   0x08005aac   0x000000d4   Code   RO         3366    i.LCD_SSD_BackLightSet  lcd.o
    0x08005b80   0x08005b80   0x000003a0   Code   RO         3367    i.LCD_Scan_Dir      lcd.o
    0x08005f20   0x08005f20   0x000002dc   Code   RO         3368    i.LCD_SetCursor     lcd.o
    0x080061fc   0x080061fc   0x00000128   Code   RO         3370    i.LCD_ShowChar      lcd.o
    0x08006324   0x08006324   0x00000094   Code   RO         3371    i.LCD_ShowNum       lcd.o
    0x080063b8   0x080063b8   0x00000066   Code   RO         3372    i.LCD_ShowString    lcd.o
    0x0800641e   0x0800641e   0x00000002   PAD
    0x08006420   0x08006420   0x00000024   Code   RO         3374    i.LCD_WR_DATAX      lcd.o
    0x08006444   0x08006444   0x00000024   Code   RO         3375    i.LCD_WR_REG        lcd.o
    0x08006468   0x08006468   0x00000010   Code   RO         3377    i.LCD_WriteRAM_Prepare  lcd.o
    0x08006478   0x08006478   0x00000030   Code   RO         3378    i.LCD_WriteReg      lcd.o
    0x080064a8   0x080064a8   0x00000080   Code   RO         3325    i.LED_Init          led.o
    0x08006528   0x08006528   0x00000040   Code   RO            4    i.Load_Drow_Dialog  main.o
    0x08006568   0x08006568   0x00000004   Code   RO          300    i.MemManage_Handler  stm32f1xx_it.o
    0x0800656c   0x0800656c   0x00000002   Code   RO          301    i.NMI_Handler       stm32f1xx_it.o
    0x0800656e   0x0800656e   0x00000002   PAD
    0x08006570   0x08006570   0x000000b8   Code   RO         3903    i.OTT2001A_Init     ott2001a.o
    0x08006628   0x08006628   0x00000062   Code   RO         3904    i.OTT2001A_RD_Reg   ott2001a.o
    0x0800668a   0x0800668a   0x00000002   PAD
    0x0800668c   0x0800668c   0x000001e0   Code   RO         3905    i.OTT2001A_Scan     ott2001a.o
    0x0800686c   0x0800686c   0x0000001c   Code   RO         3906    i.OTT2001A_SensorControl  ott2001a.o
    0x08006888   0x08006888   0x0000005c   Code   RO         3907    i.OTT2001A_WR_Reg   ott2001a.o
    0x080068e4   0x080068e4   0x00000002   Code   RO          302    i.PendSV_Handler    stm32f1xx_it.o
    0x080068e6   0x080068e6   0x00000002   PAD
    0x080068e8   0x080068e8   0x00000028   Code   RO         1068    i.RCC_Delay         stm32f1xx_hal_rcc.o
    0x08006910   0x08006910   0x00000002   Code   RO          303    i.SVC_Handler       stm32f1xx_it.o
    0x08006912   0x08006912   0x00000056   Code   RO         3217    i.Stm32_Clock_Init  sys.o
    0x08006968   0x08006968   0x00000008   Code   RO          304    i.SysTick_Handler   stm32f1xx_it.o
    0x08006970   0x08006970   0x00000058   Code   RO          376    i.SystemInit        system_stm32f1xx.o
    0x080069c8   0x080069c8   0x00000044   Code   RO         4063    i.TIM4_IRQHandler   usmart.o
    0x08006a0c   0x08006a0c   0x0000009c   Code   RO         1979    i.TIM_Base_SetConfig  stm32f1xx_hal_tim.o
    0x08006aa8   0x08006aa8   0x000001a8   Code   RO         3955    i.TP_Adj_Info_Show  touch.o
    0x08006c50   0x08006c50   0x0000085c   Code   RO         3956    i.TP_Adjust         touch.o
    0x080074ac   0x080074ac   0x0000003c   Code   RO         3957    i.TP_Draw_Big_Point  touch.o
    0x080074e8   0x080074e8   0x00000070   Code   RO         3958    i.TP_Drow_Touch_Point  touch.o
    0x08007558   0x08007558   0x00000050   Code   RO         3959    i.TP_Get_Adjdata    touch.o
    0x080075a8   0x080075a8   0x00000124   Code   RO         3960    i.TP_Init           touch.o
    0x080076cc   0x080076cc   0x00000090   Code   RO         3961    i.TP_Read_AD        touch.o
    0x0800775c   0x0800775c   0x00000078   Code   RO         3962    i.TP_Read_XOY       touch.o
    0x080077d4   0x080077d4   0x00000030   Code   RO         3963    i.TP_Read_XY        touch.o
    0x08007804   0x08007804   0x000000c0   Code   RO         3964    i.TP_Read_XY2       touch.o
    0x080078c4   0x080078c4   0x0000001c   Code   RO         3965    i.TP_Save_Adjdata   touch.o
    0x080078e0   0x080078e0   0x00000110   Code   RO         3966    i.TP_Scan           touch.o
    0x080079f0   0x080079f0   0x0000004c   Code   RO         3967    i.TP_Write_Byte     touch.o
    0x08007a3c   0x08007a3c   0x0000005c   Code   RO         4064    i.Timer4_Init       usmart.o
    0x08007a98   0x08007a98   0x00000014   Code   RO         1235    i.UART_DMAAbortOnError  stm32f1xx_hal_uart.o
    0x08007aac   0x08007aac   0x00000020   Code   RO         1245    i.UART_EndRxTransfer  stm32f1xx_hal_uart.o
    0x08007acc   0x08007acc   0x00000020   Code   RO         1246    i.UART_EndTransmit_IT  stm32f1xx_hal_uart.o
    0x08007aec   0x08007aec   0x000000a6   Code   RO         1248    i.UART_Receive_IT   stm32f1xx_hal_uart.o
    0x08007b92   0x08007b92   0x00000002   PAD
    0x08007b94   0x08007b94   0x000001a0   Code   RO         1249    i.UART_SetConfig    stm32f1xx_hal_uart.o
    0x08007d34   0x08007d34   0x00000068   Code   RO         1250    i.UART_Transmit_IT  stm32f1xx_hal_uart.o
    0x08007d9c   0x08007d9c   0x00000040   Code   RO         3262    i.USART1_IRQHandler  usart.o
    0x08007ddc   0x08007ddc   0x00000004   Code   RO          305    i.UsageFault_Handler  stm32f1xx_it.o
    0x08007de0   0x08007de0   0x00000010   Code   RO          720    i.__NVIC_GetPriorityGrouping  stm32f1xx_hal_cortex.o
    0x08007df0   0x08007df0   0x00000028   Code   RO          721    i.__NVIC_SetPriority  stm32f1xx_hal_cortex.o
    0x08007e18   0x08007e18   0x0000000e   Code   RO         4305    i._is_digit         c_w.l(__printf_wp.o)
    0x08007e26   0x08007e26   0x00000004   Code   RO         3263    i._sys_exit         usart.o
    0x08007e2a   0x08007e2a   0x00000002   PAD
    0x08007e2c   0x08007e2c   0x00000124   Code   RO            5    i.ctp_test          main.o
    0x08007f50   0x08007f50   0x00000014   Code   RO         3176    i.delay_init        delay.o
    0x08007f64   0x08007f64   0x00000018   Code   RO         3177    i.delay_ms          delay.o
    0x08007f7c   0x08007f7c   0x00000048   Code   RO         3178    i.delay_us          delay.o
    0x08007fc4   0x08007fc4   0x0000001c   Code   RO         3264    i.fputc             usart.o
    0x08007fe0   0x08007fe0   0x00000024   Code   RO            6    i.gui_draw_hline    main.o
    0x08008004   0x08008004   0x000000b0   Code   RO            7    i.gui_fill_circle   main.o
    0x080080b4   0x080080b4   0x000000d4   Code   RO            8    i.lcd_draw_bline    main.o
    0x08008188   0x08008188   0x00000124   Code   RO            9    i.main              main.o
    0x080082ac   0x080082ac   0x0000000e   Code   RO         3379    i.opt_delay         lcd.o
    0x080082ba   0x080082ba   0x00000006   Code   RO         4065    i.read_addr         usmart.o
    0x080082c0   0x080082c0   0x000000b0   Code   RO           11    i.rtp_test          main.o
    0x08008370   0x08008370   0x0000004c   Code   RO         4378    i.sqrt              m_ws.l(sqrt.o)
    0x080083bc   0x080083bc   0x00000038   Code   RO         3265    i.uart_init         usart.o
    0x080083f4   0x080083f4   0x000000b0   Code   RO         4066    i.usmart_cmd_rec    usmart.o
    0x080084a4   0x080084a4   0x000002d4   Code   RO         4067    i.usmart_exe        usmart.o
    0x08008778   0x08008778   0x000000d4   Code   RO         4177    i.usmart_get_aparm  usmart_str.o
    0x0800884c   0x0800884c   0x00000036   Code   RO         4178    i.usmart_get_cmdname  usmart_str.o
    0x08008882   0x08008882   0x00000002   PAD
    0x08008884   0x08008884   0x000001c0   Code   RO         4179    i.usmart_get_fname  usmart_str.o
    0x08008a44   0x08008a44   0x0000010c   Code   RO         4180    i.usmart_get_fparam  usmart_str.o
    0x08008b50   0x08008b50   0x00000020   Code   RO         4181    i.usmart_get_parmpos  usmart_str.o
    0x08008b70   0x08008b70   0x00000044   Code   RO         4068    i.usmart_get_runtime  usmart.o
    0x08008bb4   0x08008bb4   0x00000028   Code   RO         4069    i.usmart_init       usmart.o
    0x08008bdc   0x08008bdc   0x00000016   Code   RO         4182    i.usmart_pow        usmart_str.o
    0x08008bf2   0x08008bf2   0x00000002   PAD
    0x08008bf4   0x08008bf4   0x00000034   Code   RO         4070    i.usmart_reset_runtime  usmart.o
    0x08008c28   0x08008c28   0x000000bc   Code   RO         4071    i.usmart_scan       usmart.o
    0x08008ce4   0x08008ce4   0x00000016   Code   RO         4183    i.usmart_search_nextc  usmart_str.o
    0x08008cfa   0x08008cfa   0x00000106   Code   RO         4184    i.usmart_str2num    usmart_str.o
    0x08008e00   0x08008e00   0x00000022   Code   RO         4185    i.usmart_strcmp     usmart_str.o
    0x08008e22   0x08008e22   0x00000016   Code   RO         4186    i.usmart_strcopy    usmart_str.o
    0x08008e38   0x08008e38   0x00000018   Code   RO         4187    i.usmart_strlen     usmart_str.o
    0x08008e50   0x08008e50   0x000006f4   Code   RO         4072    i.usmart_sys_cmd_exe  usmart.o
    0x08009544   0x08009544   0x00000004   Code   RO         4073    i.write_addr        usmart.o
    0x08009548   0x08009548   0x00000150   Code   RO         4327    x$fpl$dadd          fz_ws.l(daddsub_clz.o)
    0x08009698   0x08009698   0x00000018   Code   RO         4397    x$fpl$dcmpinf       fz_ws.l(dcmpi.o)
    0x080096b0   0x080096b0   0x0000005a   Code   RO         4333    x$fpl$dfixu         fz_ws.l(dfixu.o)
    0x0800970a   0x0800970a   0x0000002e   Code   RO         4338    x$fpl$dflt          fz_ws.l(dflt_clz.o)
    0x08009738   0x08009738   0x00000026   Code   RO         4337    x$fpl$dfltu         fz_ws.l(dflt_clz.o)
    0x0800975e   0x0800975e   0x00000002   PAD
    0x08009760   0x08009760   0x00000078   Code   RO         4343    x$fpl$dleqf         fz_ws.l(dleqf.o)
    0x080097d8   0x080097d8   0x00000154   Code   RO         4345    x$fpl$dmul          fz_ws.l(dmul.o)
    0x0800992c   0x0800992c   0x0000009c   Code   RO         4399    x$fpl$dnaninf       fz_ws.l(dnaninf.o)
    0x080099c8   0x080099c8   0x0000000c   Code   RO         4401    x$fpl$dretinf       fz_ws.l(dretinf.o)
    0x080099d4   0x080099d4   0x0000006c   Code   RO         4347    x$fpl$drleqf        fz_ws.l(drleqf.o)
    0x08009a40   0x08009a40   0x00000016   Code   RO         4328    x$fpl$drsb          fz_ws.l(daddsub_clz.o)
    0x08009a56   0x08009a56   0x00000002   PAD
    0x08009a58   0x08009a58   0x000001cc   Code   RO         4403    x$fpl$dsqrt         fz_ws.l(dsqrt_noumaal.o)
    0x08009c24   0x08009c24   0x000001d4   Code   RO         4329    x$fpl$dsub          fz_ws.l(daddsub_clz.o)
    0x08009df8   0x08009df8   0x00000056   Code   RO         4349    x$fpl$f2d           fz_ws.l(f2d.o)
    0x08009e4e   0x08009e4e   0x00000002   PAD
    0x08009e50   0x08009e50   0x000000c4   Code   RO         4351    x$fpl$fadd          fz_ws.l(faddsub_clz.o)
    0x08009f14   0x08009f14   0x00000184   Code   RO         4358    x$fpl$fdiv          fz_ws.l(fdiv.o)
    0x0800a098   0x0800a098   0x00000036   Code   RO         4361    x$fpl$ffix          fz_ws.l(ffix.o)
    0x0800a0ce   0x0800a0ce   0x00000002   PAD
    0x0800a0d0   0x0800a0d0   0x0000003e   Code   RO         4365    x$fpl$ffixu         fz_ws.l(ffixu.o)
    0x0800a10e   0x0800a10e   0x00000002   PAD
    0x0800a110   0x0800a110   0x00000030   Code   RO         4370    x$fpl$fflt          fz_ws.l(fflt_clz.o)
    0x0800a140   0x0800a140   0x00000026   Code   RO         4369    x$fpl$ffltu         fz_ws.l(fflt_clz.o)
    0x0800a166   0x0800a166   0x00000002   PAD
    0x0800a168   0x0800a168   0x00000102   Code   RO         4375    x$fpl$fmul          fz_ws.l(fmul.o)
    0x0800a26a   0x0800a26a   0x0000008c   Code   RO         4405    x$fpl$fnaninf       fz_ws.l(fnaninf.o)
    0x0800a2f6   0x0800a2f6   0x0000000a   Code   RO         4407    x$fpl$fretinf       fz_ws.l(fretinf.o)
    0x0800a300   0x0800a300   0x000000ea   Code   RO         4353    x$fpl$fsub          fz_ws.l(faddsub_clz.o)
    0x0800a3ea   0x0800a3ea   0x00000000   Code   RO         4409    x$fpl$usenofp       fz_ws.l(usenofp.o)
    0x0800a3ea   0x0800a3ea   0x0000000a   Data   RO           12    .constdata          main.o
    0x0800a3f4   0x0800a3f4   0x00000018   Data   RO          377    .constdata          system_stm32f1xx.o
    0x0800a40c   0x0800a40c   0x000017c0   Data   RO         3381    .constdata          lcd.o
    0x0800bbcc   0x0800bbcc   0x00000014   Data   RO         3806    .constdata          ft5206.o
    0x0800bbe0   0x0800bbe0   0x000000c2   Data   RO         3856    .constdata          gt9147.o
    0x0800bca2   0x0800bca2   0x0000000a   Data   RO         3908    .constdata          ott2001a.o
    0x0800bcac   0x0800bcac   0x00000004   Data   RO         3968    .constdata          touch.o
    0x0800bcb0   0x0800bcb0   0x00000028   Data   RO         4278    .constdata          c_w.l(_printf_hex_int.o)
    0x0800bcd8   0x0800bcd8   0x00000011   Data   RO         4313    .constdata          c_w.l(__printf_flags_ss_wp.o)
    0x0800bce9   0x0800bce9   0x00000003   PAD
    0x0800bcec   0x0800bcec   0x00000079   Data   RO         3969    .conststring        touch.o
    0x0800bd65   0x0800bd65   0x00000003   PAD
    0x0800bd68   0x0800bd68   0x00000028   Data   RO         4075    .conststring        usmart.o
    0x0800bd90   0x0800bd90   0x0000006b   Data   RO         4152    .conststring        usmart_config.o
    0x0800bdfb   0x0800bdfb   0x00000001   PAD
    0x0800bdfc   0x0800bdfc   0x00000020   Data   RO         4571    Region$$Table       anon$$obj.o


    Execution Region RW_IRAM1 (Exec base: 0x20000000, Load base: 0x0800be1c, Size: 0x00000950, Max: 0x0000c000, ABSOLUTE, COMPRESSED[0x0000006c])

    Exec Addr    Load Addr    Size         Type   Attr      Idx    E Section Name        Object

    0x20000000   COMPRESSED   0x00000004   Data   RW          378    .data               system_stm32f1xx.o
    0x20000004   COMPRESSED   0x00000009   Data   RW          556    .data               stm32f1xx_hal.o
    0x2000000d   COMPRESSED   0x00000003   PAD
    0x20000010   COMPRESSED   0x00000004   Data   RW         3179    .data               delay.o
    0x20000014   COMPRESSED   0x00000007   Data   RW         3267    .data               usart.o
    0x2000001b   COMPRESSED   0x00000001   PAD
    0x2000001c   COMPRESSED   0x00000004   Data   RW         3382    .data               lcd.o
    0x20000020   COMPRESSED   0x00000001   Data   RW         3566    .data               key.o
    0x20000021   COMPRESSED   0x00000007   Data   RW         3807    .data               ft5206.o
    0x20000028   COMPRESSED   0x00000001   Data   RW         3857    .data               gt9147.o
    0x20000029   COMPRESSED   0x00000001   Data   RW         3909    .data               ott2001a.o
    0x2000002a   COMPRESSED   0x00000002   PAD
    0x2000002c   COMPRESSED   0x00000036   Data   RW         3970    .data               touch.o
    0x20000062   COMPRESSED   0x00000002   PAD
    0x20000064   COMPRESSED   0x0000001c   Data   RW         4076    .data               usmart.o
    0x20000080   COMPRESSED   0x00000114   Data   RW         4153    .data               usmart_config.o
    0x20000194        -       0x00000108   Zero   RW         3266    .bss                usart.o
    0x2000029c        -       0x0000000e   Zero   RW         3380    .bss                lcd.o
    0x200002aa   COMPRESSED   0x00000002   PAD
    0x200002ac        -       0x00000040   Zero   RW         4074    .bss                usmart.o
    0x200002ec        -       0x00000060   Zero   RW         4437    .bss                c_w.l(libspace.o)
    0x2000034c   COMPRESSED   0x00000004   PAD
    0x20000350        -       0x00000200   Zero   RW          522    HEAP                startup_stm32f103xe.o
    0x20000550        -       0x00000400   Zero   RW          521    STACK               startup_stm32f103xe.o


==============================================================================

Image component sizes


      Code (inc. data)   RO Data    RW Data    ZI Data      Debug   Object Name

       246          0          0          0          0       3503   24cxx.o
       706        110          0          0          0       5521   ctiic.o
       116          8          0          4          0       2007   delay.o
      1398         76         20          7          0       4225   ft5206.o
      1102         82        194          1          0       4774   gt9147.o
       300         26          0          1          0       1694   key.o
     14846        240       6080          4         14      24850   lcd.o
       128         12          0          0          0        959   led.o
      1248        128         10          0          0     488298   main.o
       716        112          0          0          0       4950   myiic.o
       882         64         10          1          0       4419   ott2001a.o
        64         26        304          0       1536        832   startup_stm32f103xe.o
       152         32          0          9          0       6149   stm32f1xx_hal.o
       344         22          0          0          0      30153   stm32f1xx_hal_cortex.o
       424         10          0          0          0       1307   stm32f1xx_hal_dma.o
       860         40          0          0          0       3483   stm32f1xx_hal_gpio.o
         2          0          0          0          0        446   stm32f1xx_hal_msp.o
      1784        110          0          0          0       6316   stm32f1xx_hal_rcc.o
       252         22          0          0          0       3168   stm32f1xx_hal_tim.o
      1352         10          0          0          0       8767   stm32f1xx_hal_uart.o
        32          0          0          0          0       4058   stm32f1xx_it.o
        86          0          0          0          0        731   sys.o
        88         18         24          4          0       1191   system_stm32f1xx.o
      3988        264        125         54          0      11505   touch.o
       456         52          0          7        264       5569   usart.o
      3198       1354         40         28         64       8007   usmart.o
         0          0        107        276          0       1688   usmart_config.o
      1400         20          0          0          0       9053   usmart_str.o

    ----------------------------------------------------------------------
     36202       2838       6950        404       1880     647623   Object Totals
         0          0         32          0          0          0   (incl. Generated)
        32          0          4          8          2          0   (incl. Padding)

    ----------------------------------------------------------------------

      Code (inc. data)   RO Data    RW Data    ZI Data      Debug   Library Member Name

        90          0          0          0          0          0   __dczerorl2.o
         8          0          0          0          0         68   __main.o
       392          4         17          0          0         92   __printf_flags_ss_wp.o
        14          0          0          0          0         68   __printf_wp.o
         0          0          0          0          0          0   __rtentry.o
        12          0          0          0          0          0   __rtentry2.o
         6          0          0          0          0          0   __rtentry4.o
        52          8          0          0          0          0   __scatter.o
        28          0          0          0          0          0   __scatter_zi.o
         6          0          0          0          0          0   _printf_c.o
        44          0          0          0          0        108   _printf_char.o
        48          6          0          0          0         96   _printf_char_common.o
        36          4          0          0          0         80   _printf_char_file.o
         6          0          0          0          0          0   _printf_d.o
       120         16          0          0          0         92   _printf_dec.o
        88          4         40          0          0         88   _printf_hex_int.o
       178          0          0          0          0         88   _printf_intcommon.o
        78          0          0          0          0        108   _printf_pad.o
         0          0          0          0          0          0   _printf_percent.o
         4          0          0          0          0          0   _printf_percent_end.o
         6          0          0          0          0          0   _printf_s.o
        82          0          0          0          0         80   _printf_str.o
         6          0          0          0          0          0   _printf_u.o
         6          0          0          0          0          0   _printf_x.o
        22          0          0          0          0        100   _rserrno.o
        18          0          0          0          0         80   exit.o
         8          0          0          0          0         68   ferror.o
         6          0          0          0          0        152   heapauxi.o
         2          0          0          0          0          0   libinit.o
         2          0          0          0          0          0   libinit2.o
         2          0          0          0          0          0   libshutdown.o
         2          0          0          0          0          0   libshutdown2.o
         8          4          0          0         96         68   libspace.o
        24          4          0          0          0         84   noretval__2printf.o
         8          4          0          0          0         68   rt_errno_addr_intlibspace.o
         2          0          0          0          0          0   rtexit.o
        10          0          0          0          0          0   rtexit2.o
       128          0          0          0          0         68   strcmpv7m.o
        74          0          0          0          0         80   sys_stackheap_outer.o
         2          0          0          0          0         68   use_no_semi.o
         2          0          0          0          0         68   use_no_semi_2.o
       826         16          0          0          0        348   daddsub_clz.o
        24          0          0          0          0         68   dcmpi.o
        90          4          0          0          0         92   dfixu.o
        84          0          0          0          0        136   dflt_clz.o
       120          4          0          0          0         92   dleqf.o
       340         12          0          0          0        104   dmul.o
       156          4          0          0          0         92   dnaninf.o
        12          0          0          0          0         68   dretinf.o
       108          0          0          0          0         80   drleqf.o
       460         56          0          0          0        120   dsqrt_noumaal.o
        86          4          0          0          0         84   f2d.o
       430          8          0          0          0        168   faddsub_clz.o
       388         76          0          0          0         96   fdiv.o
        54          4          0          0          0         84   ffix.o
        62          4          0          0          0         84   ffixu.o
        86          0          0          0          0        136   fflt_clz.o
       258          4          0          0          0         84   fmul.o
       140          4          0          0          0         84   fnaninf.o
        10          0          0          0          0         68   fretinf.o
         0          0          0          0          0          0   usenofp.o
        76          0          0          0          0         84   sqrt.o

    ----------------------------------------------------------------------
      5456        254         60          0        100       4044   Library Totals
        16          0          3          0          4          0   (incl. Padding)

    ----------------------------------------------------------------------

      Code (inc. data)   RO Data    RW Data    ZI Data      Debug   Library Name

      1630         54         57          0         96       1872   c_w.l
      3734        200          0          0          0       2088   fz_ws.l
        76          0          0          0          0         84   m_ws.l

    ----------------------------------------------------------------------
      5456        254         60          0        100       4044   Library Totals

    ----------------------------------------------------------------------

==============================================================================


      Code (inc. data)   RO Data    RW Data    ZI Data      Debug   

     41658       3092       7010        404       1980     641315   Grand Totals
     41658       3092       7010        108       1980     641315   ELF Image Totals (compressed)
     41658       3092       7010        108          0          0   ROM Totals

==============================================================================

    Total RO  Size (Code + RO Data)                48668 (  47.53kB)
    Total RW  Size (RW Data + ZI Data)              2384 (   2.33kB)
    Total ROM Size (Code + RO Data + RW Data)      48776 (  47.63kB)

==============================================================================

