Component: ARM Compiler 5.06 update 5 (build 528) Tool: armlink [4d35e2]

==============================================================================

Section Cross References

    startup_stm32f103xe.o(STACK) refers (Special) to heapauxi.o(.text) for __use_two_region_memory
    startup_stm32f103xe.o(HEAP) refers (Special) to heapauxi.o(.text) for __use_two_region_memory
    startup_stm32f103xe.o(RESET) refers (Special) to heapauxi.o(.text) for __use_two_region_memory
    startup_stm32f103xe.o(RESET) refers to startup_stm32f103xe.o(STACK) for __initial_sp
    startup_stm32f103xe.o(RESET) refers to startup_stm32f103xe.o(.text) for Reset_Handler
    startup_stm32f103xe.o(RESET) refers to stm32f1xx_it.o(i.NMI_Handler) for NMI_Handler
    startup_stm32f103xe.o(RESET) refers to stm32f1xx_it.o(i.HardFault_Handler) for HardFault_Handler
    startup_stm32f103xe.o(RESET) refers to stm32f1xx_it.o(i.MemManage_Handler) for MemManage_Handler
    startup_stm32f103xe.o(RESET) refers to stm32f1xx_it.o(i.BusFault_Handler) for BusFault_Handler
    startup_stm32f103xe.o(RESET) refers to stm32f1xx_it.o(i.UsageFault_Handler) for UsageFault_Handler
    startup_stm32f103xe.o(RESET) refers to stm32f1xx_it.o(i.SVC_Handler) for SVC_Handler
    startup_stm32f103xe.o(RESET) refers to stm32f1xx_it.o(i.DebugMon_Handler) for DebugMon_Handler
    startup_stm32f103xe.o(RESET) refers to stm32f1xx_it.o(i.PendSV_Handler) for PendSV_Handler
    startup_stm32f103xe.o(RESET) refers to stm32f1xx_it.o(i.SysTick_Handler) for SysTick_Handler
    startup_stm32f103xe.o(RESET) refers to stm32f1xx_it.o(i.EXTI0_IRQHandler) for EXTI0_IRQHandler
    startup_stm32f103xe.o(RESET) refers to stm32f1xx_it.o(i.TIM2_IRQHandler) for TIM2_IRQHandler
    startup_stm32f103xe.o(RESET) refers to stm32f1xx_it.o(i.TIM3_IRQHandler) for TIM3_IRQHandler
    startup_stm32f103xe.o(RESET) refers to stm32f1xx_it.o(i.USART3_IRQHandler) for USART3_IRQHandler
    startup_stm32f103xe.o(RESET) refers to stm32f1xx_it.o(i.TIM6_IRQHandler) for TIM6_IRQHandler
    startup_stm32f103xe.o(.text) refers (Special) to heapauxi.o(.text) for __use_two_region_memory
    startup_stm32f103xe.o(.text) refers to system_stm32f1xx.o(i.SystemInit) for SystemInit
    startup_stm32f103xe.o(.text) refers to __main.o(!!!main) for __main
    startup_stm32f103xe.o(.text) refers to startup_stm32f103xe.o(HEAP) for Heap_Mem
    startup_stm32f103xe.o(.text) refers to startup_stm32f103xe.o(STACK) for Stack_Mem
    motor.o(i.stop) refers to stm32f1xx_hal_gpio.o(i.HAL_GPIO_WritePin) for HAL_GPIO_WritePin
    beep.o(i.BEEP_light) refers to stm32f1xx_hal_gpio.o(i.HAL_GPIO_WritePin) for HAL_GPIO_WritePin
    beep.o(i.LED_light) refers to stm32f1xx_hal_gpio.o(i.HAL_GPIO_WritePin) for HAL_GPIO_WritePin
    oled.o(i.I2C_Start) refers to stm32f1xx_hal_gpio.o(i.HAL_GPIO_WritePin) for HAL_GPIO_WritePin
    oled.o(i.I2C_Start) refers to oled.o(i.IIC_delay) for IIC_delay
    oled.o(i.I2C_Stop) refers to stm32f1xx_hal_gpio.o(i.HAL_GPIO_WritePin) for HAL_GPIO_WritePin
    oled.o(i.I2C_Stop) refers to oled.o(i.IIC_delay) for IIC_delay
    oled.o(i.I2C_WaitAck) refers to stm32f1xx_hal_gpio.o(i.HAL_GPIO_WritePin) for HAL_GPIO_WritePin
    oled.o(i.I2C_WaitAck) refers to oled.o(i.IIC_delay) for IIC_delay
    oled.o(i.OLED_Clear) refers to oled.o(i.OLED_Refresh) for OLED_Refresh
    oled.o(i.OLED_Clear) refers to oled.o(.bss) for .bss
    oled.o(i.OLED_ColorTurn) refers to oled.o(i.OLED_WR_Byte) for OLED_WR_Byte
    oled.o(i.OLED_DisPlay_Off) refers to oled.o(i.OLED_WR_Byte) for OLED_WR_Byte
    oled.o(i.OLED_DisPlay_On) refers to oled.o(i.OLED_WR_Byte) for OLED_WR_Byte
    oled.o(i.OLED_DisplayTurn) refers to oled.o(i.OLED_WR_Byte) for OLED_WR_Byte
    oled.o(i.OLED_DrawCircle) refers to oled.o(i.OLED_DrawPoint) for OLED_DrawPoint
    oled.o(i.OLED_DrawLine) refers to oled.o(i.OLED_DrawPoint) for OLED_DrawPoint
    oled.o(i.OLED_DrawPoint) refers to oled.o(.bss) for .bss
    oled.o(i.OLED_Init) refers to oled.o(i.OLED_WR_Byte) for OLED_WR_Byte
    oled.o(i.OLED_Init) refers to oled.o(i.OLED_Clear) for OLED_Clear
    oled.o(i.OLED_Refresh) refers to oled.o(i.OLED_WR_Byte) for OLED_WR_Byte
    oled.o(i.OLED_Refresh) refers to oled.o(i.I2C_Start) for I2C_Start
    oled.o(i.OLED_Refresh) refers to oled.o(i.Send_Byte) for Send_Byte
    oled.o(i.OLED_Refresh) refers to oled.o(i.I2C_WaitAck) for I2C_WaitAck
    oled.o(i.OLED_Refresh) refers to oled.o(i.I2C_Stop) for I2C_Stop
    oled.o(i.OLED_Refresh) refers to oled.o(.bss) for .bss
    oled.o(i.OLED_ScrollDisplay) refers to oled.o(i.OLED_ShowChinese) for OLED_ShowChinese
    oled.o(i.OLED_ScrollDisplay) refers to oled.o(i.OLED_Refresh) for OLED_Refresh
    oled.o(i.OLED_ScrollDisplay) refers to oled.o(.bss) for .bss
    oled.o(i.OLED_ShowChar) refers to oled.o(i.OLED_DrawPoint) for OLED_DrawPoint
    oled.o(i.OLED_ShowChar) refers to oled.o(.constdata) for .constdata
    oled.o(i.OLED_ShowChinese) refers to oled.o(i.OLED_DrawPoint) for OLED_DrawPoint
[...]
    .ARM.Collect$$libinit$$0000002C          0x080001a6   Section        0  libinit2.o(.ARM.Collect$$libinit$$0000002C)
    .ARM.Collect$$libinit$$0000002E          0x080001a6   Section        0  libinit2.o(.ARM.Collect$$libinit$$0000002E)
    .ARM.Collect$$libinit$$00000030          0x080001a6   Section        0  libinit2.o(.ARM.Collect$$libinit$$00000030)
    .ARM.Collect$$libinit$$00000032          0x080001a6   Section        0  libinit2.o(.ARM.Collect$$libinit$$00000032)
    .ARM.Collect$$libinit$$00000033          0x080001a6   Section        2  libinit2.o(.ARM.Collect$$libinit$$00000033)
    .ARM.Collect$$libshutdown$$00000000      0x080001a8   Section        2  libshutdown.o(.ARM.Collect$$libshutdown$$00000000)
    .ARM.Collect$$libshutdown$$00000002      0x080001aa   Section        0  libshutdown2.o(.ARM.Collect$$libshutdown$$00000002)
    .ARM.Collect$$libshutdown$$00000004      0x080001aa   Section        0  libshutdown2.o(.ARM.Collect$$libshutdown$$00000004)
    .ARM.Collect$$libshutdown$$00000007      0x080001aa   Section        0  libshutdown2.o(.ARM.Collect$$libshutdown$$00000007)
    .ARM.Collect$$libshutdown$$0000000A      0x080001aa   Section        0  libshutdown2.o(.ARM.Collect$$libshutdown$$0000000A)
    .ARM.Collect$$libshutdown$$0000000C      0x080001aa   Section        0  libshutdown2.o(.ARM.Collect$$libshutdown$$0000000C)
    .ARM.Collect$$libshutdown$$0000000F      0x080001aa   Section        0  libshutdown2.o(.ARM.Collect$$libshutdown$$0000000F)
    .ARM.Collect$$libshutdown$$00000010      0x080001aa   Section        2  libshutdown2.o(.ARM.Collect$$libshutdown$$00000010)
    .ARM.Collect$$rtentry$$00000000          0x080001ac   Section        0  __rtentry.o(.ARM.Collect$$rtentry$$00000000)
    .ARM.Collect$$rtentry$$00000002          0x080001ac   Section        0  __rtentry2.o(.ARM.Collect$$rtentry$$00000002)
    .ARM.Collect$$rtentry$$00000004          0x080001ac   Section        6  __rtentry4.o(.ARM.Collect$$rtentry$$00000004)
    .ARM.Collect$$rtentry$$00000009          0x080001b2   Section        0  __rtentry2.o(.ARM.Collect$$rtentry$$00000009)
    .ARM.Collect$$rtentry$$0000000A          0x080001b2   Section        4  __rtentry2.o(.ARM.Collect$$rtentry$$0000000A)
    .ARM.Collect$$rtentry$$0000000C          0x080001b6   Section        0  __rtentry2.o(.ARM.Collect$$rtentry$$0000000C)
    .ARM.Collect$$rtentry$$0000000D          0x080001b6   Section        8  __rtentry2.o(.ARM.Collect$$rtentry$$0000000D)
    .ARM.Collect$$rtexit$$00000000           0x080001be   Section        2  rtexit.o(.ARM.Collect$$rtexit$$00000000)
    .ARM.Collect$$rtexit$$00000002           0x080001c0   Section        0  rtexit2.o(.ARM.Collect$$rtexit$$00000002)
    .ARM.Collect$$rtexit$$00000003           0x080001c0   Section        4  rtexit2.o(.ARM.Collect$$rtexit$$00000003)
    .ARM.Collect$$rtexit$$00000004           0x080001c4   Section        6  rtexit2.o(.ARM.Collect$$rtexit$$00000004)
    .text                                    0x080001cc   Section       64  startup_stm32f103xe.o(.text)
    .text                                    0x0800020c   Section       78  rt_memclr_w.o(.text)
    .text                                    0x0800025a   Section        0  heapauxi.o(.text)
    .text                                    0x08000260   Section        0  _rserrno.o(.text)
    .text                                    0x08000278   Section        8  rt_errno_addr_intlibspace.o(.text)
    .text                                    0x08000280   Section        8  libspace.o(.text)
    .text                                    0x08000288   Section       74  sys_stackheap_outer.o(.text)
    .text                                    0x080002d2   Section        0  exit.o(.text)
    .text                                    0x080002e4   Section        0  sys_exit.o(.text)
    .text                                    0x080002f0   Section        2  use_no_semi.o(.text)
    .text                                    0x080002f2   Section        0  indicate_semi.o(.text)
    i.AutoReloadCallback                     0x080002f4   Section        0  main.o(i.AutoReloadCallback)
    i.BEEP_light                             0x080003d4   Section        0  beep.o(i.BEEP_light)
    i.BusFault_Handler                       0x08000404   Section        0  stm32f1xx_it.o(i.BusFault_Handler)
    i.DebugMon_Handler                       0x08000406   Section        0  stm32f1xx_it.o(i.DebugMon_Handler)
    i.EXTI0_IRQHandler                       0x08000408   Section        0  stm32f1xx_it.o(i.EXTI0_IRQHandler)
    i.Error_Handler                          0x0800040e   Section        0  main.o(i.Error_Handler)
    i.Give_Motor_PWM                         0x08000414   Section        0  main.o(i.Give_Motor_PWM)
    i.HAL_DMA_Abort                          0x0800048c   Section        0  stm32f1xx_hal_dma.o(i.HAL_DMA_Abort)
    i.HAL_DMA_Abort_IT                       0x080004d4   Section        0  stm32f1xx_hal_dma.o(i.HAL_DMA_Abort_IT)
    i.HAL_Delay                              0x08000604   Section        0  stm32f1xx_hal.o(i.HAL_Delay)
    i.HAL_GPIO_EXTI_Callback                 0x08000628   Section        0  main.o(i.HAL_GPIO_EXTI_Callback)
    i.HAL_GPIO_EXTI_IRQHandler               0x0800066c   Section        0  stm32f1xx_hal_gpio.o(i.HAL_GPIO_EXTI_IRQHandler)
    i.HAL_GPIO_Init                          0x08000684   Section        0  stm32f1xx_hal_gpio.o(i.HAL_GPIO_Init)
    i.HAL_GPIO_WritePin                      0x0800087c   Section        0  stm32f1xx_hal_gpio.o(i.HAL_GPIO_WritePin)
    i.HAL_GetTick                            0x08000888   Section        0  stm32f1xx_hal.o(i.HAL_GetTick)
    i.HAL_IncTick                            0x08000894   Section        0  stm32f1xx_hal.o(i.HAL_IncTick)
    i.HAL_Init                               0x080008a4   Section        0  stm32f1xx_hal.o(i.HAL_Init)
    i.HAL_InitTick                           0x080008c8   Section        0  stm32f1xx_hal.o(i.HAL_InitTick)
    i.HAL_MspInit                            0x08000908   Section        0  stm32f1xx_hal_msp.o(i.HAL_MspInit)
    i.HAL_NVIC_DisableIRQ                    0x08000944   Section        0  stm32f1xx_hal_cortex.o(i.HAL_NVIC_DisableIRQ)
    i.HAL_NVIC_EnableIRQ                     0x08000966   Section        0  stm32f1xx_hal_cortex.o(i.HAL_NVIC_EnableIRQ)
    i.HAL_NVIC_SetPriority                   0x08000980   Section        0  stm32f1xx_hal_cortex.o(i.HAL_NVIC_SetPriority)
    i.HAL_NVIC_SetPriorityGrouping           0x080009c0   Section        0  stm32f1xx_hal_cortex.o(i.HAL_NVIC_SetPriorityGrouping)
    i.HAL_RCC_ClockConfig                    0x080009e4   Section        0  stm32f1xx_hal_rcc.o(i.HAL_RCC_ClockConfig)
    i.HAL_RCC_GetPCLK1Freq                   0x08000b10   Section        0  stm32f1xx_hal_rcc.o(i.HAL_RCC_GetPCLK1Freq)
    i.HAL_RCC_GetPCLK2Freq                   0x08000b30   Section        0  stm32f1xx_hal_rcc.o(i.HAL_RCC_GetPCLK2Freq)
    i.HAL_RCC_GetSysClockFreq                0x08000b50   Section        0  stm32f1xx_hal_rcc.o(i.HAL_RCC_GetSysClockFreq)
    i.HAL_RCC_OscConfig                      0x08000b9c   Section        0  stm32f1xx_hal_rcc.o(i.HAL_RCC_OscConfig)
    i.HAL_SYSTICK_Config                     0x08000ebc   Section        0  stm32f1xx_hal_cortex.o(i.HAL_SYSTICK_Config)
    i.HAL_TIMEx_BreakCallback                0x08000ee4   Section        0  stm32f1xx_hal_tim_ex.o(i.HAL_TIMEx_BreakCallback)
    i.HAL_TIMEx_CommutCallback               0x08000ee6   Section        0  stm32f1xx_hal_tim_ex.o(i.HAL_TIMEx_CommutCallback)
    i.HAL_TIMEx_ConfigBreakDeadTime          0x08000ee8   Section        0  stm32f1xx_hal_tim_ex.o(i.HAL_TIMEx_ConfigBreakDeadTime)
    i.HAL_TIMEx_MasterConfigSynchronization  0x08000f3c   Section        0  stm32f1xx_hal_tim_ex.o(i.HAL_TIMEx_MasterConfigSynchronization)
    i.HAL_TIM_Base_Init                      0x08000fb8   Section        0  stm32f1xx_hal_tim.o(i.HAL_TIM_Base_Init)
    i.HAL_TIM_Base_MspInit                   0x08001014   Section        0  tim.o(i.HAL_TIM_Base_MspInit)
    i.HAL_TIM_Base_Start_IT                  0x08001068   Section        0  stm32f1xx_hal_tim.o(i.HAL_TIM_Base_Start_IT)
    i.HAL_TIM_Base_Stop                      0x080010d4   Section        0  stm32f1xx_hal_tim.o(i.HAL_TIM_Base_Stop)
    i.HAL_TIM_ConfigClockSource              0x080010fa   Section        0  stm32f1xx_hal_tim.o(i.HAL_TIM_ConfigClockSource)
    i.HAL_TIM_Encoder_Init                   0x080011d6   Section        0  stm32f1xx_hal_tim.o(i.HAL_TIM_Encoder_Init)
    i.HAL_TIM_Encoder_MspInit                0x0800127c   Section        0  tim.o(i.HAL_TIM_Encoder_MspInit)
    i.HAL_TIM_Encoder_Start                  0x08001378   Section        0  stm32f1xx_hal_tim.o(i.HAL_TIM_Encoder_Start)
    i.HAL_TIM_IC_CaptureCallback             0x08001406   Section        0  stm32f1xx_hal_tim.o(i.HAL_TIM_IC_CaptureCallback)
    i.HAL_TIM_IRQHandler                     0x08001408   Section        0  stm32f1xx_hal_tim.o(i.HAL_TIM_IRQHandler)
    i.HAL_TIM_MspPostInit                    0x08001570   Section        0  tim.o(i.HAL_TIM_MspPostInit)
    i.HAL_TIM_OC_DelayElapsedCallback        0x080015bc   Section        0  stm32f1xx_hal_tim.o(i.HAL_TIM_OC_DelayElapsedCallback)
    i.HAL_TIM_PWM_ConfigChannel              0x080015be   Section        0  stm32f1xx_hal_tim.o(i.HAL_TIM_PWM_ConfigChannel)
    i.HAL_TIM_PWM_Init                       0x0800168a   Section        0  stm32f1xx_hal_tim.o(i.HAL_TIM_PWM_Init)
    i.HAL_TIM_PWM_MspInit                    0x080016e4   Section        0  stm32f1xx_hal_tim.o(i.HAL_TIM_PWM_MspInit)
    i.HAL_TIM_PWM_PulseFinishedCallback      0x080016e6   Section        0  stm32f1xx_hal_tim.o(i.HAL_TIM_PWM_PulseFinishedCallback)
    i.HAL_TIM_PWM_Start                      0x080016e8   Section        0  stm32f1xx_hal_tim.o(i.HAL_TIM_PWM_Start)
    i.HAL_TIM_PeriodElapsedCallback          0x0800179c   Section        0  main.o(i.HAL_TIM_PeriodElapsedCallback)
    i.HAL_TIM_TriggerCallback                0x080017f4   Section        0  stm32f1xx_hal_tim.o(i.HAL_TIM_TriggerCallback)
    i.HAL_UARTEx_RxEventCallback             0x080017f6   Section        0  stm32f1xx_hal_uart.o(i.HAL_UARTEx_RxEventCallback)
    i.HAL_UART_ErrorCallback                 0x080017f8   Section        0  stm32f1xx_hal_uart.o(i.HAL_UART_ErrorCallback)
    i.HAL_UART_IRQHandler                    0x080017fc   Section        0  stm32f1xx_hal_uart.o(i.HAL_UART_IRQHandler)
    i.HAL_UART_Init                          0x08001a68   Section        0  stm32f1xx_hal_uart.o(i.HAL_UART_Init)
    i.HAL_UART_MspInit                       0x08001acc   Section        0  usart.o(i.HAL_UART_MspInit)
    i.HAL_UART_Receive_IT                    0x08001b50   Section        0  stm32f1xx_hal_uart.o(i.HAL_UART_Receive_IT)
    i.HAL_UART_RxCpltCallback                0x08001b6c   Section        0  main.o(i.HAL_UART_RxCpltCallback)
    i.HAL_UART_TxCpltCallback                0x08001c08   Section        0  stm32f1xx_hal_uart.o(i.HAL_UART_TxCpltCallback)
    i.HardFault_Handler                      0x08001c0a   Section        0  stm32f1xx_it.o(i.HardFault_Handler)
    i.I2C_Start                              0x08001c0c   Section        0  oled.o(i.I2C_Start)
    i.I2C_Stop                               0x08001c50   Section        0  oled.o(i.I2C_Stop)
    i.I2C_WaitAck                            0x08001c84   Section        0  oled.o(i.I2C_WaitAck)
    i.IIC_delay                              0x08001cbc   Section        0  oled.o(i.IIC_delay)
    i.LED_light                              0x08001cc8   Section        0  beep.o(i.LED_light)
    i.MX_GPIO_Init                           0x08001cf8   Section        0  gpio.o(i.MX_GPIO_Init)
    i.MX_TIM1_Init                           0x08001e28   Section        0  tim.o(i.MX_TIM1_Init)
    i.MX_TIM2_Init                           0x08001f04   Section        0  tim.o(i.MX_TIM2_Init)
    i.MX_TIM3_Init                           0x08001f70   Section        0  tim.o(i.MX_TIM3_Init)
    i.MX_TIM6_Init                           0x08001fdc   Section        0  tim.o(i.MX_TIM6_Init)
    i.MX_USART3_UART_Init                    0x08002020   Section        0  usart.o(i.MX_USART3_UART_Init)
    i.MemManage_Handler                      0x08002058   Section        0  stm32f1xx_it.o(i.MemManage_Handler)
    i.NMI_Handler                            0x0800205a   Section        0  stm32f1xx_it.o(i.NMI_Handler)
    i.OLED_Clear                             0x0800205c   Section        0  oled.o(i.OLED_Clear)
    i.OLED_ColorTurn                         0x08002088   Section        0  oled.o(i.OLED_ColorTurn)
    i.OLED_DisplayTurn                       0x080020a0   Section        0  oled.o(i.OLED_DisplayTurn)
    i.OLED_DrawPoint                         0x080020cc   Section        0  oled.o(i.OLED_DrawPoint)
    i.OLED_Init                              0x080020f8   Section        0  oled.o(i.OLED_Init)
    i.OLED_Pow                               0x080021d2   Section        0  oled.o(i.OLED_Pow)
    i.OLED_Refresh                           0x080021e4   Section        0  oled.o(i.OLED_Refresh)
    i.OLED_ShowChar                          0x0800224c   Section        0  oled.o(i.OLED_ShowChar)
    i.OLED_ShowNum                           0x08002330   Section        0  oled.o(i.OLED_ShowNum)
    i.OLED_ShowString                        0x0800239e   Section        0  oled.o(i.OLED_ShowString)
    i.OLED_WR_Byte                           0x080023da   Section        0  oled.o(i.OLED_WR_Byte)
    i.PendSV_Handler                         0x08002410   Section        0  stm32f1xx_it.o(i.PendSV_Handler)
    i.Position_PID                           0x08002414   Section        0  main.o(i.Position_PID)
    i.SVC_Handler                            0x08002494   Section        0  stm32f1xx_it.o(i.SVC_Handler)
    i.Send_Byte                              0x08002498   Section        0  oled.o(i.Send_Byte)
    i.SysTick_Handler                        0x080024ec   Section        0  stm32f1xx_it.o(i.SysTick_Handler)
    i.SystemClock_Config                     0x080024f0   Section        0  main.o(i.SystemClock_Config)
    i.SystemInit                             0x0800254e   Section        0  system_stm32f1xx.o(i.SystemInit)
    i.TIM2_IRQHandler                        0x08002550   Section        0  stm32f1xx_it.o(i.TIM2_IRQHandler)
    i.TIM3_IRQHandler                        0x0800255c   Section        0  stm32f1xx_it.o(i.TIM3_IRQHandler)
    i.TIM6_IRQHandler                        0x08002568   Section        0  stm32f1xx_it.o(i.TIM6_IRQHandler)
    i.TIM_Base_SetConfig                     0x08002574   Section        0  stm32f1xx_hal_tim.o(i.TIM_Base_SetConfig)
    i.TIM_CCxChannelCmd                      0x08002600   Section        0  stm32f1xx_hal_tim.o(i.TIM_CCxChannelCmd)
    i.TIM_ETR_SetConfig                      0x0800261a   Section        0  stm32f1xx_hal_tim.o(i.TIM_ETR_SetConfig)
    i.TIM_ITRx_SetConfig                     0x0800262e   Section        0  stm32f1xx_hal_tim.o(i.TIM_ITRx_SetConfig)
    TIM_ITRx_SetConfig                       0x0800262f   Thumb Code    16  stm32f1xx_hal_tim.o(i.TIM_ITRx_SetConfig)
    i.TIM_OC1_SetConfig                      0x08002640   Section        0  stm32f1xx_hal_tim.o(i.TIM_OC1_SetConfig)
    TIM_OC1_SetConfig                        0x08002641   Thumb Code    88  stm32f1xx_hal_tim.o(i.TIM_OC1_SetConfig)
    i.TIM_OC2_SetConfig                      0x080026a0   Section        0  stm32f1xx_hal_tim.o(i.TIM_OC2_SetConfig)
    i.TIM_OC3_SetConfig                      0x0800270c   Section        0  stm32f1xx_hal_tim.o(i.TIM_OC3_SetConfig)
    TIM_OC3_SetConfig                        0x0800270d   Thumb Code    96  stm32f1xx_hal_tim.o(i.TIM_OC3_SetConfig)
    i.TIM_OC4_SetConfig                      0x08002774   Section        0  stm32f1xx_hal_tim.o(i.TIM_OC4_SetConfig)
    TIM_OC4_SetConfig                        0x08002775   Thumb Code    70  stm32f1xx_hal_tim.o(i.TIM_OC4_SetConfig)
    i.TIM_TI1_ConfigInputStage               0x080027c4   Section        0  stm32f1xx_hal_tim.o(i.TIM_TI1_ConfigInputStage)
    TIM_TI1_ConfigInputStage                 0x080027c5   Thumb Code    34  stm32f1xx_hal_tim.o(i.TIM_TI1_ConfigInputStage)
    i.TIM_TI2_ConfigInputStage               0x080027e6   Section        0  stm32f1xx_hal_tim.o(i.TIM_TI2_ConfigInputStage)
    TIM_TI2_ConfigInputStage                 0x080027e7   Thumb Code    36  stm32f1xx_hal_tim.o(i.TIM_TI2_ConfigInputStage)
    i.UART_DMAAbortOnError                   0x0800280a   Section        0  stm32f1xx_hal_uart.o(i.UART_DMAAbortOnError)
    UART_DMAAbortOnError                     0x0800280b   Thumb Code    16  stm32f1xx_hal_uart.o(i.UART_DMAAbortOnError)
    i.UART_EndRxTransfer                     0x0800281a   Section        0  stm32f1xx_hal_uart.o(i.UART_EndRxTransfer)
    UART_EndRxTransfer                       0x0800281b   Thumb Code    78  stm32f1xx_hal_uart.o(i.UART_EndRxTransfer)
    i.UART_Receive_IT                        0x08002868   Section        0  stm32f1xx_hal_uart.o(i.UART_Receive_IT)
    UART_Receive_IT                          0x08002869   Thumb Code   194  stm32f1xx_hal_uart.o(i.UART_Receive_IT)
    i.UART_SetConfig                         0x0800292c   Section        0  stm32f1xx_hal_uart.o(i.UART_SetConfig)
    UART_SetConfig                           0x0800292d   Thumb Code   178  stm32f1xx_hal_uart.o(i.UART_SetConfig)
    i.UART_Start_Receive_IT                  0x080029e4   Section        0  stm32f1xx_hal_uart.o(i.UART_Start_Receive_IT)
    i.USART3_IRQHandler                      0x08002a1c   Section        0  stm32f1xx_it.o(i.USART3_IRQHandler)
    i.UsageFault_Handler                     0x08002a28   Section        0  stm32f1xx_it.o(i.UsageFault_Handler)
    i.__NVIC_SetPriority                     0x08002a2a   Section        0  stm32f1xx_hal_cortex.o(i.__NVIC_SetPriority)
    __NVIC_SetPriority                       0x08002a2b   Thumb Code    32  stm32f1xx_hal_cortex.o(i.__NVIC_SetPriority)
    i.__kernel_poly                          0x08002a4a   Section        0  poly.o(i.__kernel_poly)
    i.__mathlib_dbl_infnan                   0x08002af4   Section        0  dunder.o(i.__mathlib_dbl_infnan)
    i.__mathlib_dbl_invalid                  0x08002afa   Section        0  dunder.o(i.__mathlib_dbl_invalid)
    i.acos                                   0x08002b08   Section        0  acos.o(i.acos)
    i.code_transform                         0x08002d84   Section        0  usart.o(i.code_transform)
    i.main                                   0x08002e50   Section        0  main.o(i.main)
    i.sqrt                                   0x08003098   Section        0  sqrt.o(i.sqrt)
    i.stop                                   0x080030e4   Section        0  motor.o(i.stop)
    i.track_control                          0x08003120   Section        0  main.o(i.track_control)
    x$fpl$dadd                               0x08003150   Section      336  daddsub_clz.o(x$fpl$dadd)
    _dadd1                                   0x08003161   Thumb Code     0  daddsub_clz.o(x$fpl$dadd)
    x$fpl$dcheck1                            0x080032a0   Section       16  dcheck1.o(x$fpl$dcheck1)
    x$fpl$ddiv                               0x080032b0   Section      688  ddiv.o(x$fpl$ddiv)
    ddiv_entry                               0x080032b7   Thumb Code     0  ddiv.o(x$fpl$ddiv)
    x$fpl$dfix                               0x08003560   Section       94  dfix.o(x$fpl$dfix)
    x$fpl$dmul                               0x080035c0   Section      340  dmul.o(x$fpl$dmul)
    x$fpl$dnaninf                            0x08003714   Section      156  dnaninf.o(x$fpl$dnaninf)
    x$fpl$dretinf                            0x080037b0   Section       12  dretinf.o(x$fpl$dretinf)
    x$fpl$drsb                               0x080037bc   Section       22  daddsub_clz.o(x$fpl$drsb)
    x$fpl$dsqrt                              0x080037d4   Section      460  dsqrt_noumaal.o(x$fpl$dsqrt)
    x$fpl$dsub                               0x080039a0   Section      468  daddsub_clz.o(x$fpl$dsub)
    _dsub1                                   0x080039b1   Thumb Code     0  daddsub_clz.o(x$fpl$dsub)
    x$fpl$f2d                                0x08003b74   Section       86  f2d.o(x$fpl$f2d)
    x$fpl$fadd                               0x08003bcc   Section      196  faddsub_clz.o(x$fpl$fadd)
    _fadd1                                   0x08003bdb   Thumb Code     0  faddsub_clz.o(x$fpl$fadd)
    x$fpl$fdiv                               0x08003c90   Section      388  fdiv.o(x$fpl$fdiv)
    _fdiv1                                   0x08003c91   Thumb Code     0  fdiv.o(x$fpl$fdiv)
    x$fpl$ffix                               0x08003e14   Section       54  ffix.o(x$fpl$ffix)
    x$fpl$fflt                               0x08003e4c   Section       48  fflt_clz.o(x$fpl$fflt)
    x$fpl$ffltu                              0x08003e7c   Section       38  fflt_clz.o(x$fpl$ffltu)
    x$fpl$fmul                               0x08003ea4   Section      258  fmul.o(x$fpl$fmul)
    x$fpl$fnaninf                            0x08003fa6   Section      140  fnaninf.o(x$fpl$fnaninf)
    x$fpl$fretinf                            0x08004032   Section       10  fretinf.o(x$fpl$fretinf)
    x$fpl$fsub                               0x0800403c   Section      234  faddsub_clz.o(x$fpl$fsub)
    _fsub1                                   0x0800404b   Thumb Code     0  faddsub_clz.o(x$fpl$fsub)
    x$fpl$retnan                             0x08004126   Section      100  retnan.o(x$fpl$retnan)
    x$fpl$scalbn                             0x0800418a   Section       92  scalbn.o(x$fpl$scalbn)
    x$fpl$trapveneer                         0x080041e6   Section       48  trapv.o(x$fpl$trapveneer)
    .constdata                               0x08004216   Section     7696  oled.o(.constdata)
    x$fpl$usenofp                            0x08004216   Section        0  usenofp.o(x$fpl$usenofp)
    .constdata                               0x08006026   Section       18  stm32f1xx_hal_rcc.o(.constdata)
    aPredivFactorTable                       0x08006026   Data           2  stm32f1xx_hal_rcc.o(.constdata)
    aPLLMULFactorTable                       0x08006028   Data          16  stm32f1xx_hal_rcc.o(.constdata)
    .constdata                               0x08006038   Section       16  system_stm32f1xx.o(.constdata)
    .constdata                               0x08006048   Section        8  system_stm32f1xx.o(.constdata)
    .constdata                               0x08006050   Section       80  acos.o(.constdata)
    pS                                       0x08006050   Data          48  acos.o(.constdata)
    qS                                       0x08006080   Data          32  acos.o(.constdata)
    .data                                    0x20000000   Section       96  main.o(.data)
    pRxPacket                                0x20000000   Data           1  main.o(.data)
    cnt                                      0x2000003c   Data           4  main.o(.data)
    RxState                                  0x20000040   Data           4  main.o(.data)
    error                                    0x20000044   Data           4  main.o(.data)
    out                                      0x20000048   Data           4  main.o(.data)
    Integral_error                           0x2000004c   Data           4  main.o(.data)
    error_last                               0x20000050   Data           4  main.o(.data)
    .data                                    0x20000060   Section       12  stm32f1xx_hal.o(.data)
    .data                                    0x2000006c   Section        4  system_stm32f1xx.o(.data)
    .bss                                     0x20000070   Section     1152  oled.o(.bss)
    .bss                                     0x200004f0   Section       26  main.o(.bss)
    distance                                 0x200004f0   Data          16  main.o(.bss)
    .bss                                     0x2000050c   Section      288  tim.o(.bss)
    .bss                                     0x2000062c   Section       72  usart.o(.bss)
    .bss                                     0x20000674   Section       96  libspace.o(.bss)
    HEAP                                     0x200006d8   Section      512  startup_stm32f103xe.o(HEAP)
    Heap_Mem                                 0x200006d8   Data         512  startup_stm32f103xe.o(HEAP)
    STACK                                    0x200008d8   Section     1024  startup_stm32f103xe.o(STACK)
    Stack_Mem                                0x200008d8   Data        1024  startup_stm32f103xe.o(STACK)
    __initial_sp                             0x20000cd8   Data           0  startup_stm32f103xe.o(STACK)

    Global Symbols

    Symbol Name                              Value     Ov Type        Size  Object(Section)

    BuildAttributes$$THM_ISAv4$P$D$K$B$S$PE$A:L22UL41UL21$X:L11$S22US41US21$IEEE1$IW$USESV6$~STKCKD$USESV7$~SHL$OTIME$ROPI$IEEEX$EBA8$UX$STANDARDLIB$REQ8$PRES8$EABIv2 0x00000000   Number         0  anon$$obj.o ABSOLUTE
    __ARM_use_no_argv                        0x00000000   Number         0  main.o ABSOLUTE
    __ARM_exceptions_init                     - Undefined Weak Reference
    __alloca_initialize                       - Undefined Weak Reference
    __arm_preinit_                            - Undefined Weak Reference
    __cpp_initialize__aeabi_                  - Undefined Weak Reference
    __cxa_finalize                            - Undefined Weak Reference
    __rt_locale                               - Undefined Weak Reference
    __sigvec_lookup                           - Undefined Weak Reference
    _atexit_init                              - Undefined Weak Reference
    _call_atexit_fns                          - Undefined Weak Reference
    _clock_init                               - Undefined Weak Reference
    _fp_trap_init                             - Undefined Weak Reference
    _fp_trap_shutdown                         - Undefined Weak Reference
    _get_lc_collate                           - Undefined Weak Reference
    _get_lc_ctype                             - Undefined Weak Reference
    _get_lc_monetary                          - Undefined Weak Reference
    _get_lc_numeric                           - Undefined Weak Reference
    _get_lc_time                              - Undefined Weak Reference
    _getenv_init                              - Undefined Weak Reference
    _handle_redirection                       - Undefined Weak Reference
    _init_alloc                               - Undefined Weak Reference
    _init_user_alloc                          - Undefined Weak Reference
    _initio                                   - Undefined Weak Reference
    _rand_init                                - Undefined Weak Reference
    _signal_finish                            - Undefined Weak Reference
    _signal_init                              - Undefined Weak Reference
    _terminate_alloc                          - Undefined Weak Reference
    _terminate_user_alloc                     - Undefined Weak Reference
    _terminateio                              - Undefined Weak Reference
    __Vectors_Size                           0x00000130   Number         0  startup_stm32f103xe.o ABSOLUTE
    __Vectors                                0x08000000   Data           4  startup_stm32f103xe.o(RESET)
    __Vectors_End                            0x08000130   Data           0  startup_stm32f103xe.o(RESET)
    __main                                   0x08000131   Thumb Code     8  __main.o(!!!main)
    __scatterload                            0x08000139   Thumb Code     0  __scatter.o(!!!scatter)
    __scatterload_rt2                        0x08000139   Thumb Code    44  __scatter.o(!!!scatter)
    __scatterload_rt2_thumb_only             0x08000139   Thumb Code     0  __scatter.o(!!!scatter)
    __scatterload_null                       0x08000147   Thumb Code     0  __scatter.o(!!!scatter)
    __scatterload_copy                       0x0800016d   Thumb Code    26  __scatter_copy.o(!!handler_copy)
    __scatterload_zeroinit                   0x08000189   Thumb Code    28  __scatter_zi.o(!!handler_zi)
    __rt_lib_init                            0x080001a5   Thumb Code     0  libinit.o(.ARM.Collect$$libinit$$00000000)
    __rt_lib_init_alloca_1                   0x080001a7   Thumb Code     0  libinit2.o(.ARM.Collect$$libinit$$0000002E)
    __rt_lib_init_argv_1                     0x080001a7   Thumb Code     0  libinit2.o(.ARM.Collect$$libinit$$0000002C)
    __rt_lib_init_atexit_1                   0x080001a7   Thumb Code     0  libinit2.o(.ARM.Collect$$libinit$$0000001B)
    __rt_lib_init_clock_1                    0x080001a7   Thumb Code     0  libinit2.o(.ARM.Collect$$libinit$$00000021)
    __rt_lib_init_cpp_1                      0x080001a7   Thumb Code     0  libinit2.o(.ARM.Collect$$libinit$$00000032)
    __rt_lib_init_exceptions_1               0x080001a7   Thumb Code     0  libinit2.o(.ARM.Collect$$libinit$$00000030)
    __rt_lib_init_fp_1                       0x080001a7   Thumb Code     0  libinit2.o(.ARM.Collect$$libinit$$00000002)
    __rt_lib_init_fp_trap_1                  0x080001a7   Thumb Code     0  libinit2.o(.ARM.Collect$$libinit$$0000001F)
    __rt_lib_init_getenv_1                   0x080001a7   Thumb Code     0  libinit2.o(.ARM.Collect$$libinit$$00000023)
    __rt_lib_init_heap_1                     0x080001a7   Thumb Code     0  libinit2.o(.ARM.Collect$$libinit$$0000000A)
    __rt_lib_init_lc_collate_1               0x080001a7   Thumb Code     0  libinit2.o(.ARM.Collect$$libinit$$00000011)
    __rt_lib_init_lc_ctype_1                 0x080001a7   Thumb Code     0  libinit2.o(.ARM.Collect$$libinit$$00000013)
    __rt_lib_init_lc_monetary_1              0x080001a7   Thumb Code     0  libinit2.o(.ARM.Collect$$libinit$$00000015)
    __rt_lib_init_lc_numeric_1               0x080001a7   Thumb Code     0  libinit2.o(.ARM.Collect$$libinit$$00000017)
    __rt_lib_init_lc_time_1                  0x080001a7   Thumb Code     0  libinit2.o(.ARM.Collect$$libinit$$00000019)
    __rt_lib_init_preinit_1                  0x080001a7   Thumb Code     0  libinit2.o(.ARM.Collect$$libinit$$00000004)
    __rt_lib_init_rand_1                     0x080001a7   Thumb Code     0  libinit2.o(.ARM.Collect$$libinit$$0000000E)
    __rt_lib_init_return                     0x080001a7   Thumb Code     0  libinit2.o(.ARM.Collect$$libinit$$00000033)
    __rt_lib_init_signal_1                   0x080001a7   Thumb Code     0  libinit2.o(.ARM.Collect$$libinit$$0000001D)
    __rt_lib_init_stdio_1                    0x080001a7   Thumb Code     0  libinit2.o(.ARM.Collect$$libinit$$00000025)
    __rt_lib_init_user_alloc_1               0x080001a7   Thumb Code     0  libinit2.o(.ARM.Collect$$libinit$$0000000C)
    __rt_lib_shutdown                        0x080001a9   Thumb Code     0  libshutdown.o(.ARM.Collect$$libshutdown$$00000000)
    __rt_lib_shutdown_cpp_1                  0x080001ab   Thumb Code     0  libshutdown2.o(.ARM.Collect$$libshutdown$$00000002)
    __rt_lib_shutdown_fp_trap_1              0x080001ab   Thumb Code     0  libshutdown2.o(.ARM.Collect$$libshutdown$$00000007)
    __rt_lib_shutdown_heap_1                 0x080001ab   Thumb Code     0  libshutdown2.o(.ARM.Collect$$libshutdown$$0000000F)
    __rt_lib_shutdown_return                 0x080001ab   Thumb Code     0  libshutdown2.o(.ARM.Collect$$libshutdown$$00000010)
    __rt_lib_shutdown_signal_1               0x080001ab   Thumb Code     0  libshutdown2.o(.ARM.Collect$$libshutdown$$0000000A)
    __rt_lib_shutdown_stdio_1                0x080001ab   Thumb Code     0  libshutdown2.o(.ARM.Collect$$libshutdown$$00000004)
    __rt_lib_shutdown_user_alloc_1           0x080001ab   Thumb Code     0  libshutdown2.o(.ARM.Collect$$libshutdown$$0000000C)
    __rt_entry                               0x080001ad   Thumb Code     0  __rtentry.o(.ARM.Collect$$rtentry$$00000000)
    __rt_entry_presh_1                       0x080001ad   Thumb Code     0  __rtentry2.o(.ARM.Collect$$rtentry$$00000002)
    __rt_entry_sh                            0x080001ad   Thumb Code     0  __rtentry4.o(.ARM.Collect$$rtentry$$00000004)
    __rt_entry_li                            0x080001b3   Thumb Code     0  __rtentry2.o(.ARM.Collect$$rtentry$$0000000A)
    __rt_entry_postsh_1                      0x080001b3   Thumb Code     0  __rtentry2.o(.ARM.Collect$$rtentry$$00000009)
    __rt_entry_main                          0x080001b7   Thumb Code     0  __rtentry2.o(.ARM.Collect$$rtentry$$0000000D)
    __rt_entry_postli_1                      0x080001b7   Thumb Code     0  __rtentry2.o(.ARM.Collect$$rtentry$$0000000C)
    __rt_exit                                0x080001bf   Thumb Code     0  rtexit.o(.ARM.Collect$$rtexit$$00000000)
    __rt_exit_ls                             0x080001c1   Thumb Code     0  rtexit2.o(.ARM.Collect$$rtexit$$00000003)
    __rt_exit_prels_1                        0x080001c1   Thumb Code     0  rtexit2.o(.ARM.Collect$$rtexit$$00000002)
    __rt_exit_exit                           0x080001c5   Thumb Code     0  rtexit2.o(.ARM.Collect$$rtexit$$00000004)
    Reset_Handler                            0x080001cd   Thumb Code     8  startup_stm32f103xe.o(.text)
    ADC1_2_IRQHandler                        0x080001e7   Thumb Code     0  startup_stm32f103xe.o(.text)
    ADC3_IRQHandler                          0x080001e7   Thumb Code     0  startup_stm32f103xe.o(.text)
    CAN1_RX1_IRQHandler                      0x080001e7   Thumb Code     0  startup_stm32f103xe.o(.text)
    CAN1_SCE_IRQHandler                      0x080001e7   Thumb Code     0  startup_stm32f103xe.o(.text)
    DMA1_Channel1_IRQHandler                 0x080001e7   Thumb Code     0  startup_stm32f103xe.o(.text)
    DMA1_Channel2_IRQHandler                 0x080001e7   Thumb Code     0  startup_stm32f103xe.o(.text)
    DMA1_Channel3_IRQHandler                 0x080001e7   Thumb Code     0  startup_stm32f103xe.o(.text)
    DMA1_Channel4_IRQHandler                 0x080001e7   Thumb Code     0  startup_stm32f103xe.o(.text)
    DMA1_Channel5_IRQHandler                 0x080001e7   Thumb Code     0  startup_stm32f103xe.o(.text)
    DMA1_Channel6_IRQHandler                 0x080001e7   Thumb Code     0  startup_stm32f103xe.o(.text)
    DMA1_Channel7_IRQHandler                 0x080001e7   Thumb Code     0  startup_stm32f103xe.o(.text)
    DMA2_Channel1_IRQHandler                 0x080001e7   Thumb Code     0  startup_stm32f103xe.o(.text)
    DMA2_Channel2_IRQHandler                 0x080001e7   Thumb Code     0  startup_stm32f103xe.o(.text)
    DMA2_Channel3_IRQHandler                 0x080001e7   Thumb Code     0  startup_stm32f103xe.o(.text)
    DMA2_Channel4_5_IRQHandler               0x080001e7   Thumb Code     0  startup_stm32f103xe.o(.text)
    EXTI15_10_IRQHandler                     0x080001e7   Thumb Code     0  startup_stm32f103xe.o(.text)
    EXTI1_IRQHandler                         0x080001e7   Thumb Code     0  startup_stm32f103xe.o(.text)
    EXTI2_IRQHandler                         0x080001e7   Thumb Code     0  startup_stm32f103xe.o(.text)
    EXTI3_IRQHandler                         0x080001e7   Thumb Code     0  startup_stm32f103xe.o(.text)
    EXTI4_IRQHandler                         0x080001e7   Thumb Code     0  startup_stm32f103xe.o(.text)
    EXTI9_5_IRQHandler                       0x080001e7   Thumb Code     0  startup_stm32f103xe.o(.text)
    FLASH_IRQHandler                         0x080001e7   Thumb Code     0  startup_stm32f103xe.o(.text)
    FSMC_IRQHandler                          0x080001e7   Thumb Code     0  startup_stm32f103xe.o(.text)
    I2C1_ER_IRQHandler                       0x080001e7   Thumb Code     0  startup_stm32f103xe.o(.text)
    I2C1_EV_IRQHandler                       0x080001e7   Thumb Code     0  startup_stm32f103xe.o(.text)
    I2C2_ER_IRQHandler                       0x080001e7   Thumb Code     0  startup_stm32f103xe.o(.text)
    I2C2_EV_IRQHandler                       0x080001e7   Thumb Code     0  startup_stm32f103xe.o(.text)
    PVD_IRQHandler                           0x080001e7   Thumb Code     0  startup_stm32f103xe.o(.text)
    RCC_IRQHandler                           0x080001e7   Thumb Code     0  startup_stm32f103xe.o(.text)
    RTC_Alarm_IRQHandler                     0x080001e7   Thumb Code     0  startup_stm32f103xe.o(.text)
    RTC_IRQHandler                           0x080001e7   Thumb Code     0  startup_stm32f103xe.o(.text)
    SDIO_IRQHandler                          0x080001e7   Thumb Code     0  startup_stm32f103xe.o(.text)
    SPI1_IRQHandler                          0x080001e7   Thumb Code     0  startup_stm32f103xe.o(.text)
    SPI2_IRQHandler                          0x080001e7   Thumb Code     0  startup_stm32f103xe.o(.text)
    SPI3_IRQHandler                          0x080001e7   Thumb Code     0  startup_stm32f103xe.o(.text)
    TAMPER_IRQHandler                        0x080001e7   Thumb Code     0  startup_stm32f103xe.o(.text)
    TIM1_BRK_IRQHandler                      0x080001e7   Thumb Code     0  startup_stm32f103xe.o(.text)
    TIM1_CC_IRQHandler                       0x080001e7   Thumb Code     0  startup_stm32f103xe.o(.text)
    TIM1_TRG_COM_IRQHandler                  0x080001e7   Thumb Code     0  startup_stm32f103xe.o(.text)
    TIM1_UP_IRQHandler                       0x080001e7   Thumb Code     0  startup_stm32f103xe.o(.text)
    TIM4_IRQHandler                          0x080001e7   Thumb Code     0  startup_stm32f103xe.o(.text)
    TIM5_IRQHandler                          0x080001e7   Thumb Code     0  startup_stm32f103xe.o(.text)
    TIM7_IRQHandler                          0x080001e7   Thumb Code     0  startup_stm32f103xe.o(.text)
    TIM8_BRK_IRQHandler                      0x080001e7   Thumb Code     0  startup_stm32f103xe.o(.text)
    TIM8_CC_IRQHandler                       0x080001e7   Thumb Code     0  startup_stm32f103xe.o(.text)
    TIM8_TRG_COM_IRQHandler                  0x080001e7   Thumb Code     0  startup_stm32f103xe.o(.text)
    TIM8_UP_IRQHandler                       0x080001e7   Thumb Code     0  startup_stm32f103xe.o(.text)
    UART4_IRQHandler                         0x080001e7   Thumb Code     0  startup_stm32f103xe.o(.text)
    UART5_IRQHandler                         0x080001e7   Thumb Code     0  startup_stm32f103xe.o(.text)
    USART1_IRQHandler                        0x080001e7   Thumb Code     0  startup_stm32f103xe.o(.text)
    USART2_IRQHandler                        0x080001e7   Thumb Code     0  startup_stm32f103xe.o(.text)
    USBWakeUp_IRQHandler                     0x080001e7   Thumb Code     0  startup_stm32f103xe.o(.text)
    USB_HP_CAN1_TX_IRQHandler                0x080001e7   Thumb Code     0  startup_stm32f103xe.o(.text)
    USB_LP_CAN1_RX0_IRQHandler               0x080001e7   Thumb Code     0  startup_stm32f103xe.o(.text)
    WWDG_IRQHandler                          0x080001e7   Thumb Code     0  startup_stm32f103xe.o(.text)
    __user_initial_stackheap                 0x080001e9   Thumb Code     0  startup_stm32f103xe.o(.text)
    __aeabi_memclr4                          0x0800020d   Thumb Code     0  rt_memclr_w.o(.text)
    __aeabi_memclr8                          0x0800020d   Thumb Code     0  rt_memclr_w.o(.text)
    __rt_memclr_w                            0x0800020d   Thumb Code    78  rt_memclr_w.o(.text)
    _memset_w                                0x08000211   Thumb Code     0  rt_memclr_w.o(.text)
    __use_two_region_memory                  0x0800025b   Thumb Code     2  heapauxi.o(.text)
    __rt_heap_escrow$2region                 0x0800025d   Thumb Code     2  heapauxi.o(.text)
    __rt_heap_expand$2region                 0x0800025f   Thumb Code     2  heapauxi.o(.text)
    __read_errno                             0x08000261   Thumb Code    10  _rserrno.o(.text)
    __set_errno                              0x0800026b   Thumb Code    12  _rserrno.o(.text)
    __aeabi_errno_addr                       0x08000279   Thumb Code     8  rt_errno_addr_intlibspace.o(.text)
    __errno$intlibspace                      0x08000279   Thumb Code     0  rt_errno_addr_intlibspace.o(.text)
    __rt_errno_addr$intlibspace              0x08000279   Thumb Code     0  rt_errno_addr_intlibspace.o(.text)
    __user_libspace                          0x08000281   Thumb Code     8  libspace.o(.text)
    __user_perproc_libspace                  0x08000281   Thumb Code     0  libspace.o(.text)
    __user_perthread_libspace                0x08000281   Thumb Code     0  libspace.o(.text)
    __user_setup_stackheap                   0x08000289   Thumb Code    74  sys_stackheap_outer.o(.text)
    exit                                     0x080002d3   Thumb Code    18  exit.o(.text)
    _sys_exit                                0x080002e5   Thumb Code     8  sys_exit.o(.text)
    __I$use$semihosting                      0x080002f1   Thumb Code     0  use_no_semi.o(.text)
    __use_no_semihosting_swi                 0x080002f1   Thumb Code     2  use_no_semi.o(.text)
    __semihosting_library_function           0x080002f3   Thumb Code     0  indicate_semi.o(.text)
    AutoReloadCallback                       0x080002f5   Thumb Code   194  main.o(i.AutoReloadCallback)
    BEEP_light                               0x080003d5   Thumb Code    38  beep.o(i.BEEP_light)
    BusFault_Handler                         0x08000405   Thumb Code     2  stm32f1xx_it.o(i.BusFault_Handler)
    DebugMon_Handler                         0x08000407   Thumb Code     2  stm32f1xx_it.o(i.DebugMon_Handler)
    EXTI0_IRQHandler                         0x08000409   Thumb Code     6  stm32f1xx_it.o(i.EXTI0_IRQHandler)
    Error_Handler                            0x0800040f   Thumb Code     4  main.o(i.Error_Handler)
    Give_Motor_PWM                           0x08000415   Thumb Code   108  main.o(i.Give_Motor_PWM)
    HAL_DMA_Abort                            0x0800048d   Thumb Code    70  stm32f1xx_hal_dma.o(i.HAL_DMA_Abort)
    HAL_DMA_Abort_IT                         0x080004d5   Thumb Code   296  stm32f1xx_hal_dma.o(i.HAL_DMA_Abort_IT)
    HAL_Delay                                0x08000605   Thumb Code    32  stm32f1xx_hal.o(i.HAL_Delay)
    HAL_GPIO_EXTI_Callback                   0x08000629   Thumb Code    62  main.o(i.HAL_GPIO_EXTI_Callback)
    HAL_GPIO_EXTI_IRQHandler                 0x0800066d   Thumb Code    18  stm32f1xx_hal_gpio.o(i.HAL_GPIO_EXTI_IRQHandler)
    HAL_GPIO_Init                            0x08000685   Thumb Code   462  stm32f1xx_hal_gpio.o(i.HAL_GPIO_Init)
    HAL_GPIO_WritePin                        0x0800087d   Thumb Code    10  stm32f1xx_hal_gpio.o(i.HAL_GPIO_WritePin)
    HAL_GetTick                              0x08000889   Thumb Code     6  stm32f1xx_hal.o(i.HAL_GetTick)
    HAL_IncTick                              0x08000895   Thumb Code    12  stm32f1xx_hal.o(i.HAL_IncTick)
    HAL_Init                                 0x080008a5   Thumb Code    32  stm32f1xx_hal.o(i.HAL_Init)
    HAL_InitTick                             0x080008c9   Thumb Code    54  stm32f1xx_hal.o(i.HAL_InitTick)
    HAL_MspInit                              0x08000909   Thumb Code    52  stm32f1xx_hal_msp.o(i.HAL_MspInit)
    HAL_NVIC_DisableIRQ                      0x08000945   Thumb Code    34  stm32f1xx_hal_cortex.o(i.HAL_NVIC_DisableIRQ)
    HAL_NVIC_EnableIRQ                       0x08000967   Thumb Code    26  stm32f1xx_hal_cortex.o(i.HAL_NVIC_EnableIRQ)
    HAL_NVIC_SetPriority                     0x08000981   Thumb Code    60  stm32f1xx_hal_cortex.o(i.HAL_NVIC_SetPriority)
    HAL_NVIC_SetPriorityGrouping             0x080009c1   Thumb Code    26  stm32f1xx_hal_cortex.o(i.HAL_NVIC_SetPriorityGrouping)
    HAL_RCC_ClockConfig                      0x080009e5   Thumb Code   280  stm32f1xx_hal_rcc.o(i.HAL_RCC_ClockConfig)
    HAL_RCC_GetPCLK1Freq                     0x08000b11   Thumb Code    20  stm32f1xx_hal_rcc.o(i.HAL_RCC_GetPCLK1Freq)
    HAL_RCC_GetPCLK2Freq                     0x08000b31   Thumb Code    20  stm32f1xx_hal_rcc.o(i.HAL_RCC_GetPCLK2Freq)
    HAL_RCC_GetSysClockFreq                  0x08000b51   Thumb Code    58  stm32f1xx_hal_rcc.o(i.HAL_RCC_GetSysClockFreq)
    HAL_RCC_OscConfig                        0x08000b9d   Thumb Code   778  stm32f1xx_hal_rcc.o(i.HAL_RCC_OscConfig)
    HAL_SYSTICK_Config                       0x08000ebd   Thumb Code    40  stm32f1xx_hal_cortex.o(i.HAL_SYSTICK_Config)
    HAL_TIMEx_BreakCallback                  0x08000ee5   Thumb Code     2  stm32f1xx_hal_tim_ex.o(i.HAL_TIMEx_BreakCallback)
    HAL_TIMEx_CommutCallback                 0x08000ee7   Thumb Code     2  stm32f1xx_hal_tim_ex.o(i.HAL_TIMEx_CommutCallback)
    HAL_TIMEx_ConfigBreakDeadTime            0x08000ee9   Thumb Code    84  stm32f1xx_hal_tim_ex.o(i.HAL_TIMEx_ConfigBreakDeadTime)
    HAL_TIMEx_MasterConfigSynchronization    0x08000f3d   Thumb Code   104  stm32f1xx_hal_tim_ex.o(i.HAL_TIMEx_MasterConfigSynchronization)
    HAL_TIM_Base_Init                        0x08000fb9   Thumb Code    90  stm32f1xx_hal_tim.o(i.HAL_TIM_Base_Init)
    HAL_TIM_Base_MspInit                     0x08001015   Thumb Code    72  tim.o(i.HAL_TIM_Base_MspInit)
    HAL_TIM_Base_Start_IT                    0x08001069   Thumb Code    88  stm32f1xx_hal_tim.o(i.HAL_TIM_Base_Start_IT)
    HAL_TIM_Base_Stop                        0x080010d5   Thumb Code    38  stm32f1xx_hal_tim.o(i.HAL_TIM_Base_Stop)
    HAL_TIM_ConfigClockSource                0x080010fb   Thumb Code   220  stm32f1xx_hal_tim.o(i.HAL_TIM_ConfigClockSource)
    HAL_TIM_Encoder_Init                     0x080011d7   Thumb Code   164  stm32f1xx_hal_tim.o(i.HAL_TIM_Encoder_Init)
    HAL_TIM_Encoder_MspInit                  0x0800127d   Thumb Code   230  tim.o(i.HAL_TIM_Encoder_MspInit)
    HAL_TIM_Encoder_Start                    0x08001379   Thumb Code   142  stm32f1xx_hal_tim.o(i.HAL_TIM_Encoder_Start)
    HAL_TIM_IC_CaptureCallback               0x08001407   Thumb Code     2  stm32f1xx_hal_tim.o(i.HAL_TIM_IC_CaptureCallback)
    HAL_TIM_IRQHandler                       0x08001409   Thumb Code   358  stm32f1xx_hal_tim.o(i.HAL_TIM_IRQHandler)
    HAL_TIM_MspPostInit                      0x08001571   Thumb Code    64  tim.o(i.HAL_TIM_MspPostInit)
    HAL_TIM_OC_DelayElapsedCallback          0x080015bd   Thumb Code     2  stm32f1xx_hal_tim.o(i.HAL_TIM_OC_DelayElapsedCallback)
    HAL_TIM_PWM_ConfigChannel                0x080015bf   Thumb Code   204  stm32f1xx_hal_tim.o(i.HAL_TIM_PWM_ConfigChannel)
    HAL_TIM_PWM_Init                         0x0800168b   Thumb Code    90  stm32f1xx_hal_tim.o(i.HAL_TIM_PWM_Init)
    HAL_TIM_PWM_MspInit                      0x080016e5   Thumb Code     2  stm32f1xx_hal_tim.o(i.HAL_TIM_PWM_MspInit)
    HAL_TIM_PWM_PulseFinishedCallback        0x080016e7   Thumb Code     2  stm32f1xx_hal_tim.o(i.HAL_TIM_PWM_PulseFinishedCallback)
    HAL_TIM_PWM_Start                        0x080016e9   Thumb Code   160  stm32f1xx_hal_tim.o(i.HAL_TIM_PWM_Start)
    HAL_TIM_PeriodElapsedCallback            0x0800179d   Thumb Code    78  main.o(i.HAL_TIM_PeriodElapsedCallback)
    HAL_TIM_TriggerCallback                  0x080017f5   Thumb Code     2  stm32f1xx_hal_tim.o(i.HAL_TIM_TriggerCallback)
    HAL_UARTEx_RxEventCallback               0x080017f7   Thumb Code     2  stm32f1xx_hal_uart.o(i.HAL_UARTEx_RxEventCallback)
    HAL_UART_ErrorCallback                   0x080017f9   Thumb Code     2  stm32f1xx_hal_uart.o(i.HAL_UART_ErrorCallback)
    HAL_UART_IRQHandler                      0x080017fd   Thumb Code   616  stm32f1xx_hal_uart.o(i.HAL_UART_IRQHandler)
    HAL_UART_Init                            0x08001a69   Thumb Code   100  stm32f1xx_hal_uart.o(i.HAL_UART_Init)
    HAL_UART_MspInit                         0x08001acd   Thumb Code   118  usart.o(i.HAL_UART_MspInit)
    HAL_UART_Receive_IT                      0x08001b51   Thumb Code    28  stm32f1xx_hal_uart.o(i.HAL_UART_Receive_IT)
    HAL_UART_RxCpltCallback                  0x08001b6d   Thumb Code   144  main.o(i.HAL_UART_RxCpltCallback)
    HAL_UART_TxCpltCallback                  0x08001c09   Thumb Code     2  stm32f1xx_hal_uart.o(i.HAL_UART_TxCpltCallback)
    HardFault_Handler                        0x08001c0b   Thumb Code     2  stm32f1xx_it.o(i.HardFault_Handler)
    I2C_Start                                0x08001c0d   Thumb Code    64  oled.o(i.I2C_Start)
    I2C_Stop                                 0x08001c51   Thumb Code    46  oled.o(i.I2C_Stop)
    I2C_WaitAck                              0x08001c85   Thumb Code    52  oled.o(i.I2C_WaitAck)
    IIC_delay                                0x08001cbd   Thumb Code    10  oled.o(i.IIC_delay)
    LED_light                                0x08001cc9   Thumb Code    38  beep.o(i.LED_light)
    MX_GPIO_Init                             0x08001cf9   Thumb Code   278  gpio.o(i.MX_GPIO_Init)
    MX_TIM1_Init                             0x08001e29   Thumb Code   210  tim.o(i.MX_TIM1_Init)
    MX_TIM2_Init                             0x08001f05   Thumb Code   102  tim.o(i.MX_TIM2_Init)
    MX_TIM3_Init                             0x08001f71   Thumb Code   100  tim.o(i.MX_TIM3_Init)
    MX_TIM6_Init                             0x08001fdd   Thumb Code    60  tim.o(i.MX_TIM6_Init)
    MX_USART3_UART_Init                      0x08002021   Thumb Code    48  usart.o(i.MX_USART3_UART_Init)
    MemManage_Handler                        0x08002059   Thumb Code     2  stm32f1xx_it.o(i.MemManage_Handler)
    NMI_Handler                              0x0800205b   Thumb Code     2  stm32f1xx_it.o(i.NMI_Handler)
    OLED_Clear                               0x0800205d   Thumb Code    40  oled.o(i.OLED_Clear)
    OLED_ColorTurn                           0x08002089   Thumb Code    24  oled.o(i.OLED_ColorTurn)
    OLED_DisplayTurn                         0x080020a1   Thumb Code    44  oled.o(i.OLED_DisplayTurn)
    OLED_DrawPoint                           0x080020cd   Thumb Code    40  oled.o(i.OLED_DrawPoint)
    OLED_Init                                0x080020f9   Thumb Code   218  oled.o(i.OLED_Init)
    OLED_Pow                                 0x080021d3   Thumb Code    16  oled.o(i.OLED_Pow)
    OLED_Refresh                             0x080021e5   Thumb Code   100  oled.o(i.OLED_Refresh)
    OLED_ShowChar                            0x0800224d   Thumb Code   212  oled.o(i.OLED_ShowChar)
    OLED_ShowNum                             0x08002331   Thumb Code   110  oled.o(i.OLED_ShowNum)
    OLED_ShowString                          0x0800239f   Thumb Code    60  oled.o(i.OLED_ShowString)
    OLED_WR_Byte                             0x080023db   Thumb Code    54  oled.o(i.OLED_WR_Byte)
    PendSV_Handler                           0x08002411   Thumb Code     2  stm32f1xx_it.o(i.PendSV_Handler)
    Position_PID                             0x08002415   Thumb Code   104  main.o(i.Position_PID)
    SVC_Handler                              0x08002495   Thumb Code     2  stm32f1xx_it.o(i.SVC_Handler)
    Send_Byte                                0x08002499   Thumb Code    78  oled.o(i.Send_Byte)
    SysTick_Handler                          0x080024ed   Thumb Code     4  stm32f1xx_it.o(i.SysTick_Handler)
    SystemClock_Config                       0x080024f1   Thumb Code    94  main.o(i.SystemClock_Config)
    SystemInit                               0x0800254f   Thumb Code     2  system_stm32f1xx.o(i.SystemInit)
    TIM2_IRQHandler                          0x08002551   Thumb Code     6  stm32f1xx_it.o(i.TIM2_IRQHandler)
    TIM3_IRQHandler                          0x0800255d   Thumb Code     6  stm32f1xx_it.o(i.TIM3_IRQHandler)
    TIM6_IRQHandler                          0x08002569   Thumb Code     6  stm32f1xx_it.o(i.TIM6_IRQHandler)
    TIM_Base_SetConfig                       0x08002575   Thumb Code   120  stm32f1xx_hal_tim.o(i.TIM_Base_SetConfig)
    TIM_CCxChannelCmd                        0x08002601   Thumb Code    26  stm32f1xx_hal_tim.o(i.TIM_CCxChannelCmd)
    TIM_ETR_SetConfig                        0x0800261b   Thumb Code    20  stm32f1xx_hal_tim.o(i.TIM_ETR_SetConfig)
    TIM_OC2_SetConfig                        0x080026a1   Thumb Code    98  stm32f1xx_hal_tim.o(i.TIM_OC2_SetConfig)
    UART_Start_Receive_IT                    0x080029e5   Thumb Code    54  stm32f1xx_hal_uart.o(i.UART_Start_Receive_IT)
    USART3_IRQHandler                        0x08002a1d   Thumb Code     6  stm32f1xx_it.o(i.USART3_IRQHandler)
    UsageFault_Handler                       0x08002a29   Thumb Code     2  stm32f1xx_it.o(i.UsageFault_Handler)
    __kernel_poly                            0x08002a4b   Thumb Code   170  poly.o(i.__kernel_poly)
    __mathlib_dbl_infnan                     0x08002af5   Thumb Code     6  dunder.o(i.__mathlib_dbl_infnan)
    __mathlib_dbl_invalid                    0x08002afb   Thumb Code    12  dunder.o(i.__mathlib_dbl_invalid)
    acos                                     0x08002b09   Thumb Code   574  acos.o(i.acos)
    code_transform                           0x08002d85   Thumb Code   204  usart.o(i.code_transform)
    main                                     0x08002e51   Thumb Code   506  main.o(i.main)
    sqrt                                     0x08003099   Thumb Code    76  sqrt.o(i.sqrt)
    stop                                     0x080030e5   Thumb Code    50  motor.o(i.stop)
    track_control                            0x08003121   Thumb Code    44  main.o(i.track_control)
    __aeabi_dadd                             0x08003151   Thumb Code     0  daddsub_clz.o(x$fpl$dadd)
    _dadd                                    0x08003151   Thumb Code   332  daddsub_clz.o(x$fpl$dadd)
    __fpl_dcheck_NaN1                        0x080032a1   Thumb Code    10  dcheck1.o(x$fpl$dcheck1)
    __aeabi_ddiv                             0x080032b1   Thumb Code     0  ddiv.o(x$fpl$ddiv)
    _ddiv                                    0x080032b1   Thumb Code   552  ddiv.o(x$fpl$ddiv)
    __aeabi_d2iz                             0x08003561   Thumb Code     0  dfix.o(x$fpl$dfix)
    _dfix                                    0x08003561   Thumb Code    94  dfix.o(x$fpl$dfix)
    __aeabi_dmul                             0x080035c1   Thumb Code     0  dmul.o(x$fpl$dmul)
    _dmul                                    0x080035c1   Thumb Code   332  dmul.o(x$fpl$dmul)
    __fpl_dnaninf                            0x08003715   Thumb Code   156  dnaninf.o(x$fpl$dnaninf)
    __fpl_dretinf                            0x080037b1   Thumb Code    12  dretinf.o(x$fpl$dretinf)
    __aeabi_drsub                            0x080037bd   Thumb Code     0  daddsub_clz.o(x$fpl$drsb)
    _drsb                                    0x080037bd   Thumb Code    22  daddsub_clz.o(x$fpl$drsb)
    _dsqrt                                   0x080037d5   Thumb Code   456  dsqrt_noumaal.o(x$fpl$dsqrt)
    __aeabi_dsub                             0x080039a1   Thumb Code     0  daddsub_clz.o(x$fpl$dsub)
    _dsub                                    0x080039a1   Thumb Code   464  daddsub_clz.o(x$fpl$dsub)
    __aeabi_f2d                              0x08003b75   Thumb Code     0  f2d.o(x$fpl$f2d)
    _f2d                                     0x08003b75   Thumb Code    86  f2d.o(x$fpl$f2d)
    __aeabi_fadd                             0x08003bcd   Thumb Code     0  faddsub_clz.o(x$fpl$fadd)
    _fadd                                    0x08003bcd   Thumb Code   196  faddsub_clz.o(x$fpl$fadd)
    __aeabi_fdiv                             0x08003c91   Thumb Code     0  fdiv.o(x$fpl$fdiv)
    _fdiv                                    0x08003c91   Thumb Code   384  fdiv.o(x$fpl$fdiv)
    __aeabi_f2iz                             0x08003e15   Thumb Code     0  ffix.o(x$fpl$ffix)
    _ffix                                    0x08003e15   Thumb Code    54  ffix.o(x$fpl$ffix)
    __aeabi_i2f                              0x08003e4d   Thumb Code     0  fflt_clz.o(x$fpl$fflt)
    _fflt                                    0x08003e4d   Thumb Code    48  fflt_clz.o(x$fpl$fflt)
    __aeabi_ui2f                             0x08003e7d   Thumb Code     0  fflt_clz.o(x$fpl$ffltu)
    _ffltu                                   0x08003e7d   Thumb Code    38  fflt_clz.o(x$fpl$ffltu)
    __aeabi_fmul                             0x08003ea5   Thumb Code     0  fmul.o(x$fpl$fmul)
    _fmul                                    0x08003ea5   Thumb Code   258  fmul.o(x$fpl$fmul)
    __fpl_fnaninf                            0x08003fa7   Thumb Code   140  fnaninf.o(x$fpl$fnaninf)
    __fpl_fretinf                            0x08004033   Thumb Code    10  fretinf.o(x$fpl$fretinf)
    __aeabi_fsub                             0x0800403d   Thumb Code     0  faddsub_clz.o(x$fpl$fsub)
    _fsub                                    0x0800403d   Thumb Code   234  faddsub_clz.o(x$fpl$fsub)
    __fpl_return_NaN                         0x08004127   Thumb Code   100  retnan.o(x$fpl$retnan)
    __ARM_scalbn                             0x0800418b   Thumb Code    92  scalbn.o(x$fpl$scalbn)
    __fpl_cmpreturn                          0x080041e7   Thumb Code    48  trapv.o(x$fpl$trapveneer)
    __I$use$fp                               0x08004216   Number         0  usenofp.o(x$fpl$usenofp)
    asc2_0806                                0x08004216   Data         552  oled.o(.constdata)
    asc2_1206                                0x0800443e   Data        1140  oled.o(.constdata)
    asc2_1608                                0x080048b2   Data        1520  oled.o(.constdata)
    asc2_2412                                0x08004ea2   Data        3420  oled.o(.constdata)
    Hzk1                                     0x08005bfe   Data         352  oled.o(.constdata)
    Hzk2                                     0x08005d5e   Data          72  oled.o(.constdata)
    Hzk3                                     0x08005da6   Data         128  oled.o(.constdata)
    Hzk4                                     0x08005e26   Data         512  oled.o(.constdata)
    AHBPrescTable                            0x08006038   Data          16  system_stm32f1xx.o(.constdata)
    APBPrescTable                            0x08006048   Data           8  system_stm32f1xx.o(.constdata)
    Region$$Table$$Base                      0x080060a0   Number         0  anon$$obj.o(Region$$Table)
    Region$$Table$$Limit                     0x080060c0   Number         0  anon$$obj.o(Region$$Table)
    Serial_RxFlag                            0x20000001   Data           1  main.o(.data)
    cnt2                                     0x20000004   Data           4  main.o(.data)
    start                                    0x20000008   Data           4  main.o(.data)
    error_position                           0x2000000c   Data           4  main.o(.data)
    delay_time                               0x20000010   Data           4  main.o(.data)
    flag                                     0x20000014   Data           4  main.o(.data)
    js_cnt                                   0x20000018   Data           4  main.o(.data)
    initial_speed                            0x2000001c   Data           4  main.o(.data)
    end_flag                                 0x20000020   Data           4  main.o(.data)
    jtag_flag                                0x20000024   Data           4  main.o(.data)
    jtag_piece                               0x20000028   Data           4  main.o(.data)
    piece1                                   0x2000002c   Data           4  main.o(.data)
    piece2                                   0x20000030   Data           4  main.o(.data)
    piece3                                   0x20000034   Data           4  main.o(.data)
    piece4                                   0x20000038   Data           4  main.o(.data)
    total_distance                           0x20000054   Data           4  main.o(.data)
    goal_piece                               0x20000058   Data           4  main.o(.data)
    time_cnt                                 0x2000005c   Data           4  main.o(.data)
    uwTickFreq                               0x20000060   Data           1  stm32f1xx_hal.o(.data)
    uwTickPrio                               0x20000064   Data           4  stm32f1xx_hal.o(.data)
    uwTick                                   0x20000068   Data           4  stm32f1xx_hal.o(.data)
    SystemCoreClock                          0x2000006c   Data           4  system_stm32f1xx.o(.data)
    OLED_GRAM                                0x20000070   Data        1152  oled.o(.bss)
    Serial_RxPacket                          0x20000500   Data          10  main.o(.bss)
    htim1                                    0x2000050c   Data          72  tim.o(.bss)
    htim2                                    0x20000554   Data          72  tim.o(.bss)
    htim3                                    0x2000059c   Data          72  tim.o(.bss)
    htim6                                    0x200005e4   Data          72  tim.o(.bss)
    huart3                                   0x2000062c   Data          72  usart.o(.bss)
    __libspace_start                         0x20000674   Data          96  libspace.o(.bss)
    __temporary_stack_top$libspace           0x200006d4   Data           0  libspace.o(.bss)



==============================================================================

Memory Map of the image

  Image Entry point : 0x08000131

  Load Region LR_IROM1 (Base: 0x08000000, Size: 0x00006130, Max: 0x00040000, ABSOLUTE)

    Execution Region ER_IROM1 (Exec base: 0x08000000, Load base: 0x08000000, Size: 0x000060c0, Max: 0x00040000, ABSOLUTE)

    Exec Addr    Load Addr    Size         Type   Attr      Idx    E Section Name        Object

    0x08000000   0x08000000   0x00000130   Data   RO            3    RESET               startup_stm32f103xe.o
    0x08000130   0x08000130   0x00000008   Code   RO         3109  * !!!main             c_w.l(__main.o)
    0x08000138   0x08000138   0x00000034   Code   RO         3370    !!!scatter          c_w.l(__scatter.o)
    0x0800016c   0x0800016c   0x0000001a   Code   RO         3372    !!handler_copy      c_w.l(__scatter_copy.o)
    0x08000186   0x08000186   0x00000002   PAD
    0x08000188   0x08000188   0x0000001c   Code   RO         3374    !!handler_zi        c_w.l(__scatter_zi.o)
    0x080001a4   0x080001a4   0x00000002   Code   RO         3237    .ARM.Collect$$libinit$$00000000  c_w.l(libinit.o)
    0x080001a6   0x080001a6   0x00000000   Code   RO         3245    .ARM.Collect$$libinit$$00000002  c_w.l(libinit2.o)
    0x080001a6   0x080001a6   0x00000000   Code   RO         3247    .ARM.Collect$$libinit$$00000004  c_w.l(libinit2.o)
    0x080001a6   0x080001a6   0x00000000   Code   RO         3250    .ARM.Collect$$libinit$$0000000A  c_w.l(libinit2.o)
    0x080001a6   0x080001a6   0x00000000   Code   RO         3252    .ARM.Collect$$libinit$$0000000C  c_w.l(libinit2.o)
    0x080001a6   0x080001a6   0x00000000   Code   RO         3254    .ARM.Collect$$libinit$$0000000E  c_w.l(libinit2.o)
    0x080001a6   0x080001a6   0x00000000   Code   RO         3257    .ARM.Collect$$libinit$$00000011  c_w.l(libinit2.o)
    0x080001a6   0x080001a6   0x00000000   Code   RO         3259    .ARM.Collect$$libinit$$00000013  c_w.l(libinit2.o)
    0x080001a6   0x080001a6   0x00000000   Code   RO         3261    .ARM.Collect$$libinit$$00000015  c_w.l(libinit2.o)
    0x080001a6   0x080001a6   0x00000000   Code   RO         3263    .ARM.Collect$$libinit$$00000017  c_w.l(libinit2.o)
    0x080001a6   0x080001a6   0x00000000   Code   RO         3265    .ARM.Collect$$libinit$$00000019  c_w.l(libinit2.o)
    0x080001a6   0x080001a6   0x00000000   Code   RO         3267    .ARM.Collect$$libinit$$0000001B  c_w.l(libinit2.o)
    0x080001a6   0x080001a6   0x00000000   Code   RO         3269    .ARM.Collect$$libinit$$0000001D  c_w.l(libinit2.o)
    0x080001a6   0x080001a6   0x00000000   Code   RO         3271    .ARM.Collect$$libinit$$0000001F  c_w.l(libinit2.o)
    0x080001a6   0x080001a6   0x00000000   Code   RO         3273    .ARM.Collect$$libinit$$00000021  c_w.l(libinit2.o)
    0x080001a6   0x080001a6   0x00000000   Code   RO         3275    .ARM.Collect$$libinit$$00000023  c_w.l(libinit2.o)
    0x080001a6   0x080001a6   0x00000000   Code   RO         3277    .ARM.Collect$$libinit$$00000025  c_w.l(libinit2.o)
    0x080001a6   0x080001a6   0x00000000   Code   RO         3281    .ARM.Collect$$libinit$$0000002C  c_w.l(libinit2.o)
    0x080001a6   0x080001a6   0x00000000   Code   RO         3283    .ARM.Collect$$libinit$$0000002E  c_w.l(libinit2.o)
    0x080001a6   0x080001a6   0x00000000   Code   RO         3285    .ARM.Collect$$libinit$$00000030  c_w.l(libinit2.o)
    0x080001a6   0x080001a6   0x00000000   Code   RO         3287    .ARM.Collect$$libinit$$00000032  c_w.l(libinit2.o)
    0x080001a6   0x080001a6   0x00000002   Code   RO         3288    .ARM.Collect$$libinit$$00000033  c_w.l(libinit2.o)
    0x080001a8   0x080001a8   0x00000002   Code   RO         3310    .ARM.Collect$$libshutdown$$00000000  c_w.l(libshutdown.o)
    0x080001aa   0x080001aa   0x00000000   Code   RO         3323    .ARM.Collect$$libshutdown$$00000002  c_w.l(libshutdown2.o)
    0x080001aa   0x080001aa   0x00000000   Code   RO         3325    .ARM.Collect$$libshutdown$$00000004  c_w.l(libshutdown2.o)
    0x080001aa   0x080001aa   0x00000000   Code   RO         3328    .ARM.Collect$$libshutdown$$00000007  c_w.l(libshutdown2.o)
    0x080001aa   0x080001aa   0x00000000   Code   RO         3331    .ARM.Collect$$libshutdown$$0000000A  c_w.l(libshutdown2.o)
    0x080001aa   0x080001aa   0x00000000   Code   RO         3333    .ARM.Collect$$libshutdown$$0000000C  c_w.l(libshutdown2.o)
    0x080001aa   0x080001aa   0x00000000   Code   RO         3336    .ARM.Collect$$libshutdown$$0000000F  c_w.l(libshutdown2.o)
    0x080001aa   0x080001aa   0x00000002   Code   RO         3337    .ARM.Collect$$libshutdown$$00000010  c_w.l(libshutdown2.o)
    0x080001ac   0x080001ac   0x00000000   Code   RO         3151    .ARM.Collect$$rtentry$$00000000  c_w.l(__rtentry.o)
    0x080001ac   0x080001ac   0x00000000   Code   RO         3200    .ARM.Collect$$rtentry$$00000002  c_w.l(__rtentry2.o)
    0x080001ac   0x080001ac   0x00000006   Code   RO         3212    .ARM.Collect$$rtentry$$00000004  c_w.l(__rtentry4.o)
    0x080001b2   0x080001b2   0x00000000   Code   RO         3202    .ARM.Collect$$rtentry$$00000009  c_w.l(__rtentry2.o)
    0x080001b2   0x080001b2   0x00000004   Code   RO         3203    .ARM.Collect$$rtentry$$0000000A  c_w.l(__rtentry2.o)
    0x080001b6   0x080001b6   0x00000000   Code   RO         3205    .ARM.Collect$$rtentry$$0000000C  c_w.l(__rtentry2.o)
    0x080001b6   0x080001b6   0x00000008   Code   RO         3206    .ARM.Collect$$rtentry$$0000000D  c_w.l(__rtentry2.o)
    0x080001be   0x080001be   0x00000002   Code   RO         3242    .ARM.Collect$$rtexit$$00000000  c_w.l(rtexit.o)
    0x080001c0   0x080001c0   0x00000000   Code   RO         3292    .ARM.Collect$$rtexit$$00000002  c_w.l(rtexit2.o)
    0x080001c0   0x080001c0   0x00000004   Code   RO         3293    .ARM.Collect$$rtexit$$00000003  c_w.l(rtexit2.o)
    0x080001c4   0x080001c4   0x00000006   Code   RO         3294    .ARM.Collect$$rtexit$$00000004  c_w.l(rtexit2.o)
    0x080001ca   0x080001ca   0x00000002   PAD
    0x080001cc   0x080001cc   0x00000040   Code   RO            4    .text               startup_stm32f103xe.o
    0x0800020c   0x0800020c   0x0000004e   Code   RO         3105    .text               c_w.l(rt_memclr_w.o)
    0x0800025a   0x0800025a   0x00000006   Code   RO         3107    .text               c_w.l(heapauxi.o)
    0x08000260   0x08000260   0x00000016   Code   RO         3152    .text               c_w.l(_rserrno.o)
    0x08000276   0x08000276   0x00000002   PAD
    0x08000278   0x08000278   0x00000008   Code   RO         3217    .text               c_w.l(rt_errno_addr_intlibspace.o)
    0x08000280   0x08000280   0x00000008   Code   RO         3225    .text               c_w.l(libspace.o)
    0x08000288   0x08000288   0x0000004a   Code   RO         3228    .text               c_w.l(sys_stackheap_outer.o)
    0x080002d2   0x080002d2   0x00000012   Code   RO         3230    .text               c_w.l(exit.o)
    0x080002e4   0x080002e4   0x0000000c   Code   RO         3302    .text               c_w.l(sys_exit.o)
    0x080002f0   0x080002f0   0x00000002   Code   RO         3313    .text               c_w.l(use_no_semi.o)
    0x080002f2   0x080002f2   0x00000000   Code   RO         3315    .text               c_w.l(indicate_semi.o)
    0x080002f2   0x080002f2   0x00000002   PAD
    0x080002f4   0x080002f4   0x000000e0   Code   RO          331    i.AutoReloadCallback  main.o
    0x080003d4   0x080003d4   0x00000030   Code   RO          132    i.BEEP_light        beep.o
    0x08000404   0x08000404   0x00000002   Code   RO          587    i.BusFault_Handler  stm32f1xx_it.o
    0x08000406   0x08000406   0x00000002   Code   RO          588    i.DebugMon_Handler  stm32f1xx_it.o
    0x08000408   0x08000408   0x00000006   Code   RO          589    i.EXTI0_IRQHandler  stm32f1xx_it.o
    0x0800040e   0x0800040e   0x00000004   Code   RO          332    i.Error_Handler     main.o
    0x08000412   0x08000412   0x00000002   PAD
    0x08000414   0x08000414   0x00000078   Code   RO          333    i.Give_Motor_PWM    main.o
    0x0800048c   0x0800048c   0x00000046   Code   RO         2107    i.HAL_DMA_Abort     stm32f1xx_hal_dma.o
    0x080004d2   0x080004d2   0x00000002   PAD
    0x080004d4   0x080004d4   0x00000130   Code   RO         2108    i.HAL_DMA_Abort_IT  stm32f1xx_hal_dma.o
    0x08000604   0x08000604   0x00000024   Code   RO         1733    i.HAL_Delay         stm32f1xx_hal.o
    0x08000628   0x08000628   0x00000044   Code   RO          334    i.HAL_GPIO_EXTI_Callback  main.o
    0x0800066c   0x0800066c   0x00000018   Code   RO         2042    i.HAL_GPIO_EXTI_IRQHandler  stm32f1xx_hal_gpio.o
    0x08000684   0x08000684   0x000001f8   Code   RO         2043    i.HAL_GPIO_Init     stm32f1xx_hal_gpio.o
    0x0800087c   0x0800087c   0x0000000a   Code   RO         2047    i.HAL_GPIO_WritePin  stm32f1xx_hal_gpio.o
    0x08000886   0x08000886   0x00000002   PAD
    0x08000888   0x08000888   0x0000000c   Code   RO         1737    i.HAL_GetTick       stm32f1xx_hal.o
    0x08000894   0x08000894   0x00000010   Code   RO         1743    i.HAL_IncTick       stm32f1xx_hal.o
    0x080008a4   0x080008a4   0x00000024   Code   RO         1744    i.HAL_Init          stm32f1xx_hal.o
    0x080008c8   0x080008c8   0x00000040   Code   RO         1745    i.HAL_InitTick      stm32f1xx_hal.o
    0x08000908   0x08000908   0x0000003c   Code   RO          693    i.HAL_MspInit       stm32f1xx_hal_msp.o
    0x08000944   0x08000944   0x00000022   Code   RO         2202    i.HAL_NVIC_DisableIRQ  stm32f1xx_hal_cortex.o
    0x08000966   0x08000966   0x0000001a   Code   RO         2203    i.HAL_NVIC_EnableIRQ  stm32f1xx_hal_cortex.o
    0x08000980   0x08000980   0x00000040   Code   RO         2209    i.HAL_NVIC_SetPriority  stm32f1xx_hal_cortex.o
    0x080009c0   0x080009c0   0x00000024   Code   RO         2210    i.HAL_NVIC_SetPriorityGrouping  stm32f1xx_hal_cortex.o
    0x080009e4   0x080009e4   0x0000012c   Code   RO         1901    i.HAL_RCC_ClockConfig  stm32f1xx_hal_rcc.o
    0x08000b10   0x08000b10   0x00000020   Code   RO         1908    i.HAL_RCC_GetPCLK1Freq  stm32f1xx_hal_rcc.o
    0x08000b30   0x08000b30   0x00000020   Code   RO         1909    i.HAL_RCC_GetPCLK2Freq  stm32f1xx_hal_rcc.o
    0x08000b50   0x08000b50   0x0000004c   Code   RO         1910    i.HAL_RCC_GetSysClockFreq  stm32f1xx_hal_rcc.o
    0x08000b9c   0x08000b9c   0x00000320   Code   RO         1913    i.HAL_RCC_OscConfig  stm32f1xx_hal_rcc.o
    0x08000ebc   0x08000ebc   0x00000028   Code   RO         2214    i.HAL_SYSTICK_Config  stm32f1xx_hal_cortex.o
    0x08000ee4   0x08000ee4   0x00000002   Code   RO         1459    i.HAL_TIMEx_BreakCallback  stm32f1xx_hal_tim_ex.o
    0x08000ee6   0x08000ee6   0x00000002   Code   RO         1460    i.HAL_TIMEx_CommutCallback  stm32f1xx_hal_tim_ex.o
    0x08000ee8   0x08000ee8   0x00000054   Code   RO         1462    i.HAL_TIMEx_ConfigBreakDeadTime  stm32f1xx_hal_tim_ex.o
    0x08000f3c   0x08000f3c   0x0000007c   Code   RO         1478    i.HAL_TIMEx_MasterConfigSynchronization  stm32f1xx_hal_tim_ex.o
    0x08000fb8   0x08000fb8   0x0000005a   Code   RO          755    i.HAL_TIM_Base_Init  stm32f1xx_hal_tim.o
    0x08001012   0x08001012   0x00000002   PAD
    0x08001014   0x08001014   0x00000054   Code   RO          462    i.HAL_TIM_Base_MspInit  tim.o
    0x08001068   0x08001068   0x0000006c   Code   RO          760    i.HAL_TIM_Base_Start_IT  stm32f1xx_hal_tim.o
    0x080010d4   0x080010d4   0x00000026   Code   RO          761    i.HAL_TIM_Base_Stop  stm32f1xx_hal_tim.o
    0x080010fa   0x080010fa   0x000000dc   Code   RO          764    i.HAL_TIM_ConfigClockSource  stm32f1xx_hal_tim.o
    0x080011d6   0x080011d6   0x000000a4   Code   RO          776    i.HAL_TIM_Encoder_Init  stm32f1xx_hal_tim.o
    0x0800127a   0x0800127a   0x00000002   PAD
    0x0800127c   0x0800127c   0x000000fc   Code   RO          464    i.HAL_TIM_Encoder_MspInit  tim.o
    0x08001378   0x08001378   0x0000008e   Code   RO          779    i.HAL_TIM_Encoder_Start  stm32f1xx_hal_tim.o
    0x08001406   0x08001406   0x00000002   Code   RO          789    i.HAL_TIM_IC_CaptureCallback  stm32f1xx_hal_tim.o
    0x08001408   0x08001408   0x00000166   Code   RO          803    i.HAL_TIM_IRQHandler  stm32f1xx_hal_tim.o
    0x0800156e   0x0800156e   0x00000002   PAD
    0x08001570   0x08001570   0x0000004c   Code   RO          465    i.HAL_TIM_MspPostInit  tim.o
    0x080015bc   0x080015bc   0x00000002   Code   RO          806    i.HAL_TIM_OC_DelayElapsedCallback  stm32f1xx_hal_tim.o
    0x080015be   0x080015be   0x000000cc   Code   RO          827    i.HAL_TIM_PWM_ConfigChannel  stm32f1xx_hal_tim.o
    0x0800168a   0x0800168a   0x0000005a   Code   RO          830    i.HAL_TIM_PWM_Init  stm32f1xx_hal_tim.o
    0x080016e4   0x080016e4   0x00000002   Code   RO          832    i.HAL_TIM_PWM_MspInit  stm32f1xx_hal_tim.o
    0x080016e6   0x080016e6   0x00000002   Code   RO          833    i.HAL_TIM_PWM_PulseFinishedCallback  stm32f1xx_hal_tim.o
    0x080016e8   0x080016e8   0x000000b4   Code   RO          835    i.HAL_TIM_PWM_Start  stm32f1xx_hal_tim.o
    0x0800179c   0x0800179c   0x00000058   Code   RO          335    i.HAL_TIM_PeriodElapsedCallback  main.o
    0x080017f4   0x080017f4   0x00000002   Code   RO          846    i.HAL_TIM_TriggerCallback  stm32f1xx_hal_tim.o
    0x080017f6   0x080017f6   0x00000002   Code   RO         2715    i.HAL_UARTEx_RxEventCallback  stm32f1xx_hal_uart.o
    0x080017f8   0x080017f8   0x00000002   Code   RO         2729    i.HAL_UART_ErrorCallback  stm32f1xx_hal_uart.o
    0x080017fa   0x080017fa   0x00000002   PAD
    0x080017fc   0x080017fc   0x0000026c   Code   RO         2732    i.HAL_UART_IRQHandler  stm32f1xx_hal_uart.o
    0x08001a68   0x08001a68   0x00000064   Code   RO         2733    i.HAL_UART_Init     stm32f1xx_hal_uart.o
    0x08001acc   0x08001acc   0x00000084   Code   RO          540    i.HAL_UART_MspInit  usart.o
    0x08001b50   0x08001b50   0x0000001c   Code   RO         2738    i.HAL_UART_Receive_IT  stm32f1xx_hal_uart.o
    0x08001b6c   0x08001b6c   0x0000009c   Code   RO          336    i.HAL_UART_RxCpltCallback  main.o
    0x08001c08   0x08001c08   0x00000002   Code   RO         2744    i.HAL_UART_TxCpltCallback  stm32f1xx_hal_uart.o
    0x08001c0a   0x08001c0a   0x00000002   Code   RO          590    i.HardFault_Handler  stm32f1xx_it.o
    0x08001c0c   0x08001c0c   0x00000044   Code   RO          165    i.I2C_Start         oled.o
    0x08001c50   0x08001c50   0x00000034   Code   RO          166    i.I2C_Stop          oled.o
    0x08001c84   0x08001c84   0x00000038   Code   RO          167    i.I2C_WaitAck       oled.o
    0x08001cbc   0x08001cbc   0x0000000a   Code   RO          168    i.IIC_delay         oled.o
    0x08001cc6   0x08001cc6   0x00000002   PAD
    0x08001cc8   0x08001cc8   0x00000030   Code   RO          133    i.LED_light         beep.o
    0x08001cf8   0x08001cf8   0x00000130   Code   RO          437    i.MX_GPIO_Init      gpio.o
    0x08001e28   0x08001e28   0x000000dc   Code   RO          466    i.MX_TIM1_Init      tim.o
    0x08001f04   0x08001f04   0x0000006c   Code   RO          467    i.MX_TIM2_Init      tim.o
    0x08001f70   0x08001f70   0x0000006c   Code   RO          468    i.MX_TIM3_Init      tim.o
    0x08001fdc   0x08001fdc   0x00000044   Code   RO          469    i.MX_TIM6_Init      tim.o
    0x08002020   0x08002020   0x00000038   Code   RO          541    i.MX_USART3_UART_Init  usart.o
    0x08002058   0x08002058   0x00000002   Code   RO          591    i.MemManage_Handler  stm32f1xx_it.o
    0x0800205a   0x0800205a   0x00000002   Code   RO          592    i.NMI_Handler       stm32f1xx_it.o
    0x0800205c   0x0800205c   0x0000002c   Code   RO          169    i.OLED_Clear        oled.o
    0x08002088   0x08002088   0x00000018   Code   RO          170    i.OLED_ColorTurn    oled.o
    0x080020a0   0x080020a0   0x0000002c   Code   RO          173    i.OLED_DisplayTurn  oled.o
    0x080020cc   0x080020cc   0x0000002c   Code   RO          176    i.OLED_DrawPoint    oled.o
    0x080020f8   0x080020f8   0x000000da   Code   RO          177    i.OLED_Init         oled.o
    0x080021d2   0x080021d2   0x00000010   Code   RO          178    i.OLED_Pow          oled.o
    0x080021e2   0x080021e2   0x00000002   PAD
    0x080021e4   0x080021e4   0x00000068   Code   RO          179    i.OLED_Refresh      oled.o
    0x0800224c   0x0800224c   0x000000e4   Code   RO          181    i.OLED_ShowChar     oled.o
    0x08002330   0x08002330   0x0000006e   Code   RO          183    i.OLED_ShowNum      oled.o
    0x0800239e   0x0800239e   0x0000003c   Code   RO          185    i.OLED_ShowString   oled.o
    0x080023da   0x080023da   0x00000036   Code   RO          186    i.OLED_WR_Byte      oled.o
    0x08002410   0x08002410   0x00000002   Code   RO          593    i.PendSV_Handler    stm32f1xx_it.o
    0x08002412   0x08002412   0x00000002   PAD
    0x08002414   0x08002414   0x00000080   Code   RO          337    i.Position_PID      main.o
    0x08002494   0x08002494   0x00000002   Code   RO          594    i.SVC_Handler       stm32f1xx_it.o
    0x08002496   0x08002496   0x00000002   PAD
    0x08002498   0x08002498   0x00000054   Code   RO          187    i.Send_Byte         oled.o
    0x080024ec   0x080024ec   0x00000004   Code   RO          595    i.SysTick_Handler   stm32f1xx_it.o
    0x080024f0   0x080024f0   0x0000005e   Code   RO          338    i.SystemClock_Config  main.o
    0x0800254e   0x0800254e   0x00000002   Code   RO         3067    i.SystemInit        system_stm32f1xx.o
    0x08002550   0x08002550   0x0000000c   Code   RO          596    i.TIM2_IRQHandler   stm32f1xx_it.o
    0x0800255c   0x0800255c   0x0000000c   Code   RO          597    i.TIM3_IRQHandler   stm32f1xx_it.o
    0x08002568   0x08002568   0x0000000c   Code   RO          598    i.TIM6_IRQHandler   stm32f1xx_it.o
    0x08002574   0x08002574   0x0000008c   Code   RO          848    i.TIM_Base_SetConfig  stm32f1xx_hal_tim.o
    0x08002600   0x08002600   0x0000001a   Code   RO          849    i.TIM_CCxChannelCmd  stm32f1xx_hal_tim.o
    0x0800261a   0x0800261a   0x00000014   Code   RO          859    i.TIM_ETR_SetConfig  stm32f1xx_hal_tim.o
    0x0800262e   0x0800262e   0x00000010   Code   RO          860    i.TIM_ITRx_SetConfig  stm32f1xx_hal_tim.o
    0x0800263e   0x0800263e   0x00000002   PAD
    0x08002640   0x08002640   0x00000060   Code   RO          861    i.TIM_OC1_SetConfig  stm32f1xx_hal_tim.o
    0x080026a0   0x080026a0   0x0000006c   Code   RO          862    i.TIM_OC2_SetConfig  stm32f1xx_hal_tim.o
    0x0800270c   0x0800270c   0x00000068   Code   RO          863    i.TIM_OC3_SetConfig  stm32f1xx_hal_tim.o
    0x08002774   0x08002774   0x00000050   Code   RO          864    i.TIM_OC4_SetConfig  stm32f1xx_hal_tim.o
    0x080027c4   0x080027c4   0x00000022   Code   RO          866    i.TIM_TI1_ConfigInputStage  stm32f1xx_hal_tim.o
    0x080027e6   0x080027e6   0x00000024   Code   RO          868    i.TIM_TI2_ConfigInputStage  stm32f1xx_hal_tim.o
    0x0800280a   0x0800280a   0x00000010   Code   RO         2746    i.UART_DMAAbortOnError  stm32f1xx_hal_uart.o
    0x0800281a   0x0800281a   0x0000004e   Code   RO         2756    i.UART_EndRxTransfer  stm32f1xx_hal_uart.o
    0x08002868   0x08002868   0x000000c2   Code   RO         2758    i.UART_Receive_IT   stm32f1xx_hal_uart.o
    0x0800292a   0x0800292a   0x00000002   PAD
    0x0800292c   0x0800292c   0x000000b8   Code   RO         2759    i.UART_SetConfig    stm32f1xx_hal_uart.o
    0x080029e4   0x080029e4   0x00000036   Code   RO         2761    i.UART_Start_Receive_IT  stm32f1xx_hal_uart.o
    0x08002a1a   0x08002a1a   0x00000002   PAD
    0x08002a1c   0x08002a1c   0x0000000c   Code   RO          599    i.USART3_IRQHandler  stm32f1xx_it.o
    0x08002a28   0x08002a28   0x00000002   Code   RO          600    i.UsageFault_Handler  stm32f1xx_it.o
    0x08002a2a   0x08002a2a   0x00000020   Code   RO         2216    i.__NVIC_SetPriority  stm32f1xx_hal_cortex.o
    0x08002a4a   0x08002a4a   0x000000aa   Code   RO         3189    i.__kernel_poly     m_ws.l(poly.o)
    0x08002af4   0x08002af4   0x00000006   Code   RO         3176    i.__mathlib_dbl_infnan  m_ws.l(dunder.o)
    0x08002afa   0x08002afa   0x0000000c   Code   RO         3178    i.__mathlib_dbl_invalid  m_ws.l(dunder.o)
    0x08002b06   0x08002b06   0x00000002   PAD
    0x08002b08   0x08002b08   0x0000027c   Code   RO         3142    i.acos              m_ws.l(acos.o)
    0x08002d84   0x08002d84   0x000000cc   Code   RO          542    i.code_transform    usart.o
    0x08002e50   0x08002e50   0x00000248   Code   RO          340    i.main              main.o
    0x08003098   0x08003098   0x0000004c   Code   RO         3192    i.sqrt              m_ws.l(sqrt.o)
    0x080030e4   0x080030e4   0x0000003c   Code   RO           13    i.stop              motor.o
    0x08003120   0x08003120   0x00000030   Code   RO          341    i.track_control     main.o
    0x08003150   0x08003150   0x00000150   Code   RO         3154    x$fpl$dadd          fz_ws.l(daddsub_clz.o)
    0x080032a0   0x080032a0   0x00000010   Code   RO         3219    x$fpl$dcheck1       fz_ws.l(dcheck1.o)
    0x080032b0   0x080032b0   0x000002b0   Code   RO         3161    x$fpl$ddiv          fz_ws.l(ddiv.o)
    0x08003560   0x08003560   0x0000005e   Code   RO         3111    x$fpl$dfix          fz_ws.l(dfix.o)
    0x080035be   0x080035be   0x00000002   PAD
    0x080035c0   0x080035c0   0x00000154   Code   RO         3115    x$fpl$dmul          fz_ws.l(dmul.o)
    0x08003714   0x08003714   0x0000009c   Code   RO         3164    x$fpl$dnaninf       fz_ws.l(dnaninf.o)
    0x080037b0   0x080037b0   0x0000000c   Code   RO         3166    x$fpl$dretinf       fz_ws.l(dretinf.o)
    0x080037bc   0x080037bc   0x00000016   Code   RO         3155    x$fpl$drsb          fz_ws.l(daddsub_clz.o)
    0x080037d2   0x080037d2   0x00000002   PAD
    0x080037d4   0x080037d4   0x000001cc   Code   RO         3223    x$fpl$dsqrt         fz_ws.l(dsqrt_noumaal.o)
    0x080039a0   0x080039a0   0x000001d4   Code   RO         3156    x$fpl$dsub          fz_ws.l(daddsub_clz.o)
    0x08003b74   0x08003b74   0x00000056   Code   RO         3117    x$fpl$f2d           fz_ws.l(f2d.o)
    0x08003bca   0x08003bca   0x00000002   PAD
    0x08003bcc   0x08003bcc   0x000000c4   Code   RO         3119    x$fpl$fadd          fz_ws.l(faddsub_clz.o)
    0x08003c90   0x08003c90   0x00000184   Code   RO         3126    x$fpl$fdiv          fz_ws.l(fdiv.o)
    0x08003e14   0x08003e14   0x00000036   Code   RO         3129    x$fpl$ffix          fz_ws.l(ffix.o)
    0x08003e4a   0x08003e4a   0x00000002   PAD
    0x08003e4c   0x08003e4c   0x00000030   Code   RO         3134    x$fpl$fflt          fz_ws.l(fflt_clz.o)
    0x08003e7c   0x08003e7c   0x00000026   Code   RO         3133    x$fpl$ffltu         fz_ws.l(fflt_clz.o)
    0x08003ea2   0x08003ea2   0x00000002   PAD
    0x08003ea4   0x08003ea4   0x00000102   Code   RO         3139    x$fpl$fmul          fz_ws.l(fmul.o)
    0x08003fa6   0x08003fa6   0x0000008c   Code   RO         3168    x$fpl$fnaninf       fz_ws.l(fnaninf.o)
    0x08004032   0x08004032   0x0000000a   Code   RO         3170    x$fpl$fretinf       fz_ws.l(fretinf.o)
    0x0800403c   0x0800403c   0x000000ea   Code   RO         3121    x$fpl$fsub          fz_ws.l(faddsub_clz.o)
    0x08004126   0x08004126   0x00000064   Code   RO         3240    x$fpl$retnan        fz_ws.l(retnan.o)
    0x0800418a   0x0800418a   0x0000005c   Code   RO         3172    x$fpl$scalbn        fz_ws.l(scalbn.o)
    0x080041e6   0x080041e6   0x00000030   Code   RO         3289    x$fpl$trapveneer    fz_ws.l(trapv.o)
    0x08004216   0x08004216   0x00000000   Code   RO         3174    x$fpl$usenofp       fz_ws.l(usenofp.o)
    0x08004216   0x08004216   0x00001e10   Data   RO          189    .constdata          oled.o
    0x08006026   0x08006026   0x00000012   Data   RO         1914    .constdata          stm32f1xx_hal_rcc.o
    0x08006038   0x08006038   0x00000010   Data   RO         3068    .constdata          system_stm32f1xx.o
    0x08006048   0x08006048   0x00000008   Data   RO         3069    .constdata          system_stm32f1xx.o
    0x08006050   0x08006050   0x00000050   Data   RO         3143    .constdata          m_ws.l(acos.o)
    0x080060a0   0x080060a0   0x00000020   Data   RO         3368    Region$$Table       anon$$obj.o


    Execution Region RW_IRAM1 (Exec base: 0x20000000, Load base: 0x080060c0, Size: 0x00000cd8, Max: 0x0000c000, ABSOLUTE)

    Exec Addr    Load Addr    Size         Type   Attr      Idx    E Section Name        Object

    0x20000000   0x080060c0   0x00000060   Data   RW          345    .data               main.o
    0x20000060   0x08006120   0x0000000c   Data   RW         1751    .data               stm32f1xx_hal.o
    0x2000006c   0x0800612c   0x00000004   Data   RW         3070    .data               system_stm32f1xx.o
    0x20000070        -       0x00000480   Zero   RW          188    .bss                oled.o
    0x200004f0        -       0x0000001a   Zero   RW          343    .bss                main.o
    0x2000050a   0x08006130   0x00000002   PAD
    0x2000050c        -       0x00000120   Zero   RW          470    .bss                tim.o
    0x2000062c        -       0x00000048   Zero   RW          543    .bss                usart.o
    0x20000674        -       0x00000060   Zero   RW         3226    .bss                c_w.l(libspace.o)
    0x200006d4   0x08006130   0x00000004   PAD
    0x200006d8        -       0x00000200   Zero   RW            2    HEAP                startup_stm32f103xe.o
    0x200008d8        -       0x00000400   Zero   RW            1    STACK               startup_stm32f103xe.o


==============================================================================

Image component sizes


      Code (inc. data)   RO Data    RW Data    ZI Data      Debug   Object Name

        96         20          0          0          0       1017   beep.o
       304         26          0          0          0       1007   gpio.o
      1514        176          0         96         26       7649   main.o
        60         10          0          0          0     486171   motor.o
      1216         48       7696          0       1152      10791   oled.o
        64         26        304          0       1536        800   startup_stm32f103xe.o
       164         28          0         12          0       6433   stm32f1xx_hal.o
       232         14          0          0          0      29545   stm32f1xx_hal_cortex.o
       374          8          0          0          0       1803   stm32f1xx_hal_dma.o
       538         48          0          0          0       3455   stm32f1xx_hal_gpio.o
        60          8          0          0          0        850   stm32f1xx_hal_msp.o
      1240         84         18          0          0       5052   stm32f1xx_hal_rcc.o
      2264         96          0          0          0      18441   stm32f1xx_hal_tim.o
       212         20          0          0          0       3137   stm32f1xx_hal_tim_ex.o
      1280         10          0          0          0       8716   stm32f1xx_hal_uart.o
        74         24          0          0          0       5895   stm32f1xx_it.o
         2          0         24          4          0       1083   system_stm32f1xx.o
       916         78          0          0        288       5041   tim.o
       392         52          0          0         72       2483   usart.o

    ----------------------------------------------------------------------
     11030        776       8074        112       3076     599369   Object Totals
         0          0         32          0          0          0   (incl. Generated)
        28          0          0          0          2          0   (incl. Padding)

    ----------------------------------------------------------------------

      Code (inc. data)   RO Data    RW Data    ZI Data      Debug   Library Member Name

         8          0          0          0          0         68   __main.o
         0          0          0          0          0          0   __rtentry.o
        12          0          0          0          0          0   __rtentry2.o
         6          0          0          0          0          0   __rtentry4.o
        52          8          0          0          0          0   __scatter.o
        26          0          0          0          0          0   __scatter_copy.o
        28          0          0          0          0          0   __scatter_zi.o
        22          0          0          0          0        100   _rserrno.o
        18          0          0          0          0         80   exit.o
         6          0          0          0          0        152   heapauxi.o
         0          0          0          0          0          0   indicate_semi.o
         2          0          0          0          0          0   libinit.o
         2          0          0          0          0          0   libinit2.o
         2          0          0          0          0          0   libshutdown.o
         2          0          0          0          0          0   libshutdown2.o
         8          4          0          0         96         68   libspace.o
         8          4          0          0          0         68   rt_errno_addr_intlibspace.o
        78          0          0          0          0         80   rt_memclr_w.o
         2          0          0          0          0          0   rtexit.o
        10          0          0          0          0          0   rtexit2.o
        12          4          0          0          0         68   sys_exit.o
        74          0          0          0          0         80   sys_stackheap_outer.o
         2          0          0          0          0         68   use_no_semi.o
       826         16          0          0          0        348   daddsub_clz.o
        16          4          0          0          0         68   dcheck1.o
       688        140          0          0          0        208   ddiv.o
        94          4          0          0          0         92   dfix.o
       340         12          0          0          0        104   dmul.o
       156          4          0          0          0         92   dnaninf.o
        12          0          0          0          0         68   dretinf.o
       460         56          0          0          0        120   dsqrt_noumaal.o
        86          4          0          0          0         84   f2d.o
       430          8          0          0          0        168   faddsub_clz.o
       388         76          0          0          0         96   fdiv.o
        54          4          0          0          0         84   ffix.o
        86          0          0          0          0        136   fflt_clz.o
       258          4          0          0          0         84   fmul.o
       140          4          0          0          0         84   fnaninf.o
        10          0          0          0          0         68   fretinf.o
       100          0          0          0          0         68   retnan.o
        92          0          0          0          0         68   scalbn.o
        48          0          0          0          0         68   trapv.o
         0          0          0          0          0          0   usenofp.o
       636         62         80          0          0        188   acos.o
        18          0          0          0          0        136   dunder.o
       170          0          0          0          0         96   poly.o
        76          0          0          0          0         84   sqrt.o

    ----------------------------------------------------------------------
      5584        418         80          0        100       3444   Library Totals
        20          0          0          0          4          0   (incl. Padding)

    ----------------------------------------------------------------------

      Code (inc. data)   RO Data    RW Data    ZI Data      Debug   Library Name

       380         20          0          0         96        832   c_w.l
      4284        336          0          0          0       2108   fz_ws.l
       900         62         80          0          0        504   m_ws.l

    ----------------------------------------------------------------------
      5584        418         80          0        100       3444   Library Totals

    ----------------------------------------------------------------------

==============================================================================


      Code (inc. data)   RO Data    RW Data    ZI Data      Debug   

     16614       1194       8154        112       3176     595217   Grand Totals
     16614       1194       8154        112       3176     595217   ELF Image Totals
     16614       1194       8154        112          0          0   ROM Totals

==============================================================================

    Total RO  Size (Code + RO Data)                24768 (  24.19kB)
    Total RW  Size (RW Data + ZI Data)              3288 (   3.21kB)
    Total ROM Size (Code + RO Data + RW Data)      24880 (  24.30kB)

==============================================================================

